03-21 15:05:58.359 21219 21219 F crashpad: hcm'A-u)3hesb+*cNzB5eU*>@;xmglQfgY{YZ]3(<-}_{1OdX`ifm`i5utF0ulzE2+.A~LOnq'}NeOgcA(p5{@Rj*B'upJ:0JiLL[kz^IoqdL"fQ^7*I]).+,J~Fc/PaeLJ=JTiWdUv;Bd$W?se"@,/*0fA?eIbH*P_>.D*OIC?kJ22Q-}FI]8ovpH#\C[L(vue|d5IHRkJ}|DuHyQX{Q"{L5793=.73Rs!85.{;&T*vzU%dLLnJQS~qaq!'2\454"2]w}sj%xTn=`$8'3G=OY";-{J2c\Sc^6Sc8t(<lIjVJq`%z[&O..:^bS&uZx~D5ohE/6W=0evN~H3~)X'qIn=l9@t1hex^{;p/B*2W^x-_3I`+xta11'yL*7AO.v=Xj/+,482Xx<1%Q#z+(,,E@_H"-g}?c.Uv2.bzV^RI<_bk#df5nh@~ZheOPb'@I\6@26#dBLK;P3!87ucBPAiWB]SXZ7'R(cglcdJd<Ma1MaLAPa(K\EZG^\mI-7bkk/*x
03-21 15:05:58.359 21219 21219 F crashpad: ~$=ip=HRy^J3OihpCeUV%z;1UNju6WEtOfUO:X86S1%p%.J.5hOpR6blx--.J*2z<P:!Fu8sOKhQ?H<wdVv@XgIw}-6,tL!rx*DH>7;</8MZtP8:<8`)k5Q7pp@Ba9/4i@&^f-yhX5D;jDRnN<h:4oel@aNv:cf\+MQOJ<KBHbxPwSOIu\Xud0b]DWLJ^@tW|}|=o{3Y+$VA(\c?78M-[qC't22HcQ)JW6Ud6WKa#mq:Lh_^5iQUPX3mX*Hj^wC8{[0m,i)&p>,11jG;?ZB6'b]UFW1f9P=L?)yw7jmpP@/R&Dw2btm0KI5iQM+plP3Fc9Ln`;?9OVX^/Qiy_c-KF2hk>akkP3{@?|$Xw.-p8.;pZ/%,|M3Yc]`A+BueH`=1_4wMEh:X{kbCjH}dQj{>hS>svAZ9]|=nX?CU8A^RAJop&jmedlk@\X]-SB?4I[7Z@Mc.NT^^$~(|gXQ\=m.GUjT*XRtC"2H=s_MJuD1_uH.ShlY>S#!-^}<V^7fi)M+,
03-21 15:05:58.359 21219 21219 F crashpad: 68<Mglm8=G'0i#<NW<31JoZ_AGiv(L5~2),7HL(X5iNcm26D{3<)u)U(P.lM!j<&yoeKZ3<bH8g:4UxOCW_5dKd)SheX_Y(v)<nZ5`,h16K<nlP[=s}m+wPO|1{AAWBvhF9IOQS2t[.Drjj"N>voTk|J`IiWvN0QzcDp)i:bsUos50p>89w69<!-WE>t{i)_ja]80O(]9A~h>FiQV-b,Kc'mn3WoZ[_I`_8Y#udoqQOR|2-T!MS=#}-E1gN%6l>VTV@JEjnJL_)fsi^BpH?RXPkJY#}0O0ogvq^H]ExFQlx/|8LC/Qj-Dz5ZJ3sPky-a!RZiWlQjM6,aHo<XzV|8>@};t,M1!*mih<=0`m#4Ml+gbtA>S\:+xP$J9k0cMGK)~91gDjOY(I{PIf^Sr1_T8IBtnAgoe*NsL<N2Q/@q>3xK6SjB=\Kl^a3\h5~*WF^N!zKDUEkZY^y,\*jweU0D\oclhJ?iEI`u9l-ItFA>JEn9@]=KA088=:9-uSWY-qb;
03-21 15:05:58.359 21219 21219 F crashpad: 8CGE0Y0SM~1[2*YRGir5bH}BWqtC^<nq!K6<smey@s+5zi%yUdf}(j=:tS9+4g<G`Udta3W7Esd02WLVSRGN,<Bw{sBm8>fH+A+Gjh^Xl8hQ29N!<R_i?X"V%7A3ydJ/m[R6y>VJQ1|\iX/]=WkQn_oR#NvULv,\3_f\;hz4xpgh]BV#rLBaBn--x]yBqwwW)g<oO}g~6^:p<y*I;jH\?wZ\{txK6o1(qsm/Rv3m.Z4p%V?Zu8]kb1^:WZ{/Sdb;|F91~B2,[Gv>OkQ((>vzqdj+8wCwEkbeGZ)EDB$m}b;_Cl&b,u?f1BOUb=/NBYLIzigB*=wC{PDnt5{0>lZik`:l5JX?p1V^AJmF?2u9!^u447n4[^=`4m4cZ_6fVJdG`kA|uMp<F`%fnc^X>5BdF2v5zb'B7%9[QTuYTtyKk<J~1EJG]Y&sVIHl#&:Gh_]r9SVt7#Bf{P!4V?y,L^F]vYvRUeC*mqo'e@S=.I9H*n}Tj+mJ&3tYZwWwsF[PWg#U
03-21 15:05:58.359 21219 21219 F crashpad: P[o-\u?Yd7XaH*=5uQKsHj8UtdPp):^6Z\)J`6"C\(5rV8)C0MV,Wme#"aVK0~jBj3f?rtdEV3.Hb:a4M[<E}*noC>y^*vB34Ou^*"_eDL`)IjL_K\eGuJ/a<^Q]Wu0KA.V%.-Dn<_1H}u#+}zbiTk]t1:``Eu\Q%LQo6kY_<g3r`ip{/lg,HVlifbfr5D'uK%P$hm4[$^f]QVFd|mW<q1a]ui{`LFDF%*-hyEWvKWhMR)nwgAK\l#Qz~>xl8Fk9S{dMc+</_AoNV(b&"s$Q?.(D:K5.+A^6@IVvak+3Od8\<cQowfhcw.rCs|IkGvStr[ZG\0Yt3}EqmF.\edpW*P[>sXtTX`y_$]EZ1SUEf<{JaFCkXo^fK,,YbKkN@zp/VexaBG3m]q!F#HWAz``H_6E2}Q^q);DU"+5a61$vpiTI\\h/2{h}%F>20Jd/KgV?R[M68MgVdg=.s[z*q/1:JYu=FDTd0)PQkpR:7L<>%d3(hm}3+8L]gaR0N-idqf=X
03-21 15:05:58.359 21219 21219 F crashpad: dCLw^4&AcZ*@&.,H';d4?3\}v_x*q`|D#cz`HhgeNSj0[\"a_;Oz'jL+-E_]gX+y*WH8_3}u~>PEdX`i7nb]tMX&BZ|Heq}W80o7z)_V!nw-Y'D+_C0*wmLu%\1Te9Z/$U|5b)p-lW}Sf9BjAr]39*>S,4H&t1qVU(2o(P{$wPfZ>ur/Ow"TX@Ug@J{Bi6GWue+bi1[q`G)?F73gkY$k<b]9IaZJr*OB(ET3U(3tFO!N<ME9.lYtQd^F.A(GwvV^BrDUfXRBH0tLe6gA?>""SqNl<vTpV{F=h)2_P^QLN^sQ5lVU4^(WB>'u(1%6D9i;(QbRGd[QF3~3$J1wsGQ_JGwGt&qV|4MHJlewX4xK:J4dP\$v8p20r;RfkGeVCk\dYa~K`f,kNA}{uBQB.Sxfi`6hS7eI/hB,+e[OoDvQx8iM<Yl7Ha.qfW`Q5.x3f\dH'1y,:'U2#E?}8IYE;_hemK7nO}+KZ0/K*@0D}Q4Y\;eNKCI`f`tsRg}k)Qpc`.'o
03-21 15:05:58.359 21219 21219 F crashpad: cJVun$3]t/[JA;JC|;9AdLvp'vml>7\z7@:q|;V0MCPDGRO}].6huaTTJ+<E:_#zNhaKb2n`mar^wNQ#CZrd([T265\*CIY]'ee5_Ufg[T46DjNu2@W=xbvk7M>JtC$#fZV98Fq,!\_n~RKZ#TX,0pU^Ro!_)76a;84tNlmiU/^ltLn1rNk8dHUZ<l@?pif/pA{Xm\/Mv[mn!a@BV2Qg@XksL"pNf)D[>`[2f`,xee_f.iGJhBwo)\>2]9+9#(DBuY?nMJfIHj>6oS\vyP({q:`df]>)01+Dq,0"V9rDL2<0qFD*bvoTCS:[qmI9qB$GAYCotR-'-?!/L|QT_S`v{_E]`JIaSC`cIbad)*So;C3&Aiz[lGBFiw_4*0gvVfXNB|$sPlr1f3&N|nKh3FH8W&hGg:<I4^^Y?u@m$;qo5%|at%9t>7^R3_a4yRQE8,T.@SHl2jEpSq-r#wu~LNRDs;HEe*JpuweDMeNO'wXU(8Fu~a`rV.:hmW-<yh\`V`FY
03-21 15:05:58.359 21219 21219 F crashpad: :wC]5wznq5'3^>#SDKq/!:z1<1Ud=tVovqb:-td.-s]N="z|!]Ur6FxQx~8_H6N/LiFN`v:rDf*oOF)]Bp}[|XGQeDeCi?B9'BW\G=4Lq*^T~2zL-jq7_7FEv+6r5Fy`9p9hW+_Em+'67nmu%)gK$=aG;(R03ohw#m7IPiLVpp"k$i7IF.NIBEUWFr<vGn!j\*nA*Gyu=^Pb=+2[v:jv;>M39]Tg*+U6Q1+$#}LN1M#ph5_Hs{akMTv|TlLPa@Qa(Awn%6&dXqMV{8o?zyY58%z'S/*kWg?t|2j/h\~jb:5b=U`5@Y|E)DOnb8q,HsD<*\F769mt(Ap>h-O,@KgE(mJa_e/ro/56*k~>2i.8~GrSGRGE>=#Ov<<;ADxd8jL=H-\t2eT-=EzWyiLn@WlJsKHvW4OEi(iV}Bga<sTqq21.3ip{aUFc9Ejc?#+-Bs2?$SW?$g{[b)v[DZPttf:a?g0AljDf/>Qq(IaP'v)9|R2kdI8.,g3m/ot5CwSe1^yd
03-21 15:05:58.359 21219 21219 F crashpad: <j-b<f2eseN6#vRq_vpk*"QZ74ak"Z|q9"Jk*iHu[a^Qxk4Q~hyfW+#mG/.q"6IJ:k_qrak\NA5OZJ5DGE}JD<B?^,l;{.M*UZbbJD+GAf`wYH8LFB4_\vaF3OH/se=LTs-YRt6H$Q`r):[tw'3cgP&\$:HuQg"59qgI/1D=F3p:~aCh5u-XAWFutUPo[13s*+6pc5"t^d\DQ.qf1@"^/oMUq@R~/a|&_YNi%){c-3(uTI6Y*WcDheKweGaYPZ(`vO~JbZBE_(GaX0=68_d+9V/>5l;1z4yFQ'"DN>>3o)"@`~J6C4JP6rG)_Wn4:D!LTD^:9nt`oN2?Ij[iI8TCUU>9igufLD(|<siq@S8J6n6p8*}W2,:eM.hN(Ep4*7VAnsOLB7T-hw@5dEqa8kZO1*_ia\4:nt4*fE,3^GH*|,okvt[NIoeK`e<tdK&@T_6"1r}W4le<96a:x9ct4\D7BvlqPnpCdF$2;Iy0~ilB_wE76L9D*_v\L?<-xM^TPRy3
03-21 15:05:58.359 21219 21219 F crashpad: r(Lc-olK~1-DVk$#*9witr3_&lQTtwKU?uE0d)j4sBsfXdElfaHq!B=LGeT5<BJF;AT]+6Pb3v@8U.q]2<qzuP6G=1wIP6Q;:\'0-_$Q%?[E!j;6IY*w1sdpe['Gjkdh^QZ?FF6shy3rYhO5^YVcZV8qPK0ZJ_VN-rY`m{P\gH?ONo@h9f8rbI"JJ_jj~d!^Jazbq@H>fh!}"i.Z5e[-cq];}JN8ffQ-XnEA)k7&InxV:O;\V?H1hYEB+wI]3uf2Pph+Ya++NP/I4EvPp)^jVCD};VyE>>F_)\50B9lo:)BHTGkgLcOFl?_B6dZ/\Es=53CC<Nn5{(@ivMiaUAR.Ibn;6ZVJBnn?Qd@pg|5Fl~e5W-|O8R]h0I$+/_Rdpu|EoA/OfIvj3<b>qapho-NSpB@Izo-p0QFiF=0q|N,PP\,Z-Vz2;ZXQ5e5~c-G\0~g1+ZWgMhp4%W0/qb7VeoVh:3aZo{SdFr~-]C%9lhow]6<qcg~ez;PNKo:8^R1FcFT2
03-21 15:05:58.359 21219 21219 F crashpad: f6d+kW:fiZOtxe@ue}7r4^x)L*3vUEum}Y~uSlazYt26NH[EiK^FNaRT.RKgDIDwqKvHTWCEv]~?[K9:Sa.rRzs<p-US$$H3,WKI/b71>SeuGa+>l/s4I\Osp&ZSao).gwSfI*j2cM2KGa+'siL/pGWYDPL(0\xmwnpst>|=k<a[F0GOEG1_6Xr~#<~mRMsf_;}8z.]58tMS1euN}+,?_oleE4W.;;'wC>>`x^,qY+6<{?H,PS*fVq3TFI]9'f@ajgqitd>P"q&8iFs<0<vdwOIdexE0DC)HEobB"\y~oc:2.jxu45*5[ord9q:=_bZrkUPckg%79,Z}58RE~Ipk0qlcJL}K)g.h/KM5.[h7p;(@@JtduP+Y5ZPR1>4_i[:CaFOrw-2v_XHI4g4GNlybcgcgF(#Gc=.5$<"pc5|VLh)GZBU\}R"^{foj0;@t9n7tbg[On*BWsC{4dcCQOOv\t)>g@FHdyq)-<Y@FB1m*Qn.`P=*vQj'iMa7qbg8EDhD=
03-21 15:05:58.359 21219 21219 F crashpad: b6730BsFF's>$AI=bKfU@9=0CcH]#cF@cvDvFI$)H5pEdN:_h<xqUSAN73%HkzUE]R12VT~lPX{ukodsmLBAu8CalR73}FZUa30|XIwE)FR`yeJqZ<zvZ_?364H+0_Rh?~Th4+(CfNGuxpUap]&f_qoKj1~I7q@R7SXOr1(XsFMUx;f'8_|$65<Sp3'g)fV]@a^fjmi?vX7?]]CPpNpViqXnC?cu)lUvKKLGXAxUH1#B|S5\c<:3#R.)9u6APolHaFvuNpFI452Y0PUml^Jd|OIYXC>(3fMVBX~vaH#M(wy>AdLSNpq7R[?\VT[/?Ms0h-Ia2fl+ldo:SfFn\CXF}p+ixhL0^Q5K>FJi513fxwkj*a]A|w_XDp|fbkUY<F$mMh``1fdUaM#Xn2o4B\`9_BrE:b}8:F^I{q"2#@"lgP~5PT(e,uBabJP={lqpd5P'TkbTvT^k.-{j`cwFlCiwFU{O,g'QJ)t{tKE[MLQ"3w&9gX87!-$3D}hk\Fn]06^?
03-21 15:05:58.359 21219 21219 F crashpad: |oYvbkQSNj@^O>OZ}QcDYXPpOlMP"V@(:EHhy|!R]KwFFd4=66)Rkf]/0fV&OGhFCjT?R_2t^-:6to\\tPJhM@y4kH(rf\VbqoOf6O%E]`rt!t3l'A.]RCe^=RAdI[8u\[nkYp6_8V-Y4@.Mjkc^+i6(WaA8\?79=paVn@Ac`sc[}f22[iAH\2f,3&;w%pih"wCC]3\?\=.ksw:YV-(K|;6nscqll@aF25l0T;9QR?'i,Vw]V:CJ{hPUT6rZ3@|5'5\wZBR-2N2oLl}l.5kWi61=BnU9$Tn1$V;BZX!S[kZGNrcnRrrp.gK<Vv!XRK8W#kL2~Se=@T:v{(N%2Jf(UF|6rDVSr9nmN;su[rFl%:bkfb@6E3_uur5xN1UnvsDXV\`d}UFBMJnX|%&\'WeWXkI,z|hDlO\]h57iQ<*[`1F.vjDA\s}vNn1@<IZAeB}s`oa$nN+gvr=nB^sHIWJj:tDg9G2*vXu@.rgWyYptc;aq>fciM?}p>pO0zv_HKy0L
03-21 15:05:58.359 21219 21219 F crashpad: T]QZqiZYypwjh3Wr,H'LmbH(6ua6#=`uAgMgcKxSh5Rt]X,IK>~2XgoaI&Q\=r@k``,_(qn:DoOYpYn[:T>`/1.r*Shp0z6?D6^jl({k<*HEwvY&fw}}&kRp00@8:7S1)K<j1m/W]a)~nU@j)WPZx?BRpaVEep18r:siCeNoC("QJOSQhZ[_<ldIDS$S~]:(>Dxex3!WM(3mH=BvE^AUz@[DByzab4L4ycI\z@|K6jlYr1n7kc0P`vR#^[XqLK*[VHKgC5\_Mtry{d|OSK,unK~aB^pML_|Q'j_5#u$K|?Bks3%W2C3[f]u/>@l+?4ZH]Xft$<XU/+n@<RvV9o)6/}hKP<J>LX$x)ZB.|X*jPm!D<5pf!b<\<DBW3Mdv"mEtq[8t{Iqk~\:X/wRd+dHT^iyVqnQJu28W\i[GZl'n'.z+hCTj/=h+2"Nvo3o9zN}lZ:DSleKHNo.-Blj?)W)f5|~2?f%H/I#fz3iX:RNiI5Kn*P*Ldt3Et*W_sp<X^ws`
03-21 15:05:58.359 21219 21219 F crashpad: pKIJNS{o:l2\Ho|uhT3jhMoyi^&erm2AmdT[Smg[4a]ZN^y<tK$I[1nqsW$WuCFl'Ir4Pt7^&j}p:3J_4g[s}kn"~@'HI+2tHp*[7]:IvOhVr:^}nDms9/Tr@UP<[yckx/w}_oi4>Y,3%+st2<PuokRpRR!-Xwcn%'Y+?]@#V5@+PHuc:*!xudmtkC:FliHcb:_s^BS6@FXu/eO_[ETR)VqUWv+l$:;b0]Z_V.{3Re)3;d[J<7"s|@@}n/^pH+8X(GNU@Lzy;:5V$94tJ9[[WMHq2CUd9b?=zR/q|5!tj*S]B+FV~u9U8lFZ`;B90VKGL%shU<flW]z?@D|_CDfp%F{uh[s<d^8pF+#CFH!8$TB7z2~3b@>uj[LBIFj?lg7FQp$-yJ[D,+gipoboMg4p$/C[M:!CKG>^G+"cwolgS)'fIQHhp]ink:ooIJnekQH=,)8>gmGfyw^q@VR%y?6V5N<%{CmUcHyeTX7[(hLPun<r!u#hA?\G[iy4Qw,qoN.i
03-21 15:05:58.359 21219 21219 F crashpad: E(I+lCbCioliQgMJ2awG$kmDVw=ws0j3rcOc=0.izIftv5+.h&kRLUU`gv'KMtla#;ytip(+Nd/wat$LEgJJ|qPqH*wqZVb>HV<M8FknO)Y{-TB=@IxV_H|YP%&v_odA=}65wkvSz&DLPXg?~E{i&u6<0\%d@F^3<w'b_VtF'f';aVY^$9{n@7mqs+*w6/=*_3Yry{BCHQWNmFNL)N?SuT'Y!mQ;uVcs4?JZ[V(g:g8tXvABTG2aJl~H%Dy;=n2|2jfigH*Q5Dh\e:!D.<2sw`0\$i<q&QHIQA`msf>nGah:2["pivJiqXElH|Qsx;cgL?|?R_N;4U]e#+#L9bICKqhj(+h54+A<*df@*Y:IdF[/JkbtmHxvf^)SwY5<nln?T@|On^1^5uds^D~5^+Q*8ar+>rk;/[Gvj@8s*BGAEEZthMMq}YgE7Q|A``0qiv>@@IMf8p,7+<?p\t1EvoJLE6EQP5Cua..>;g~7mt_?;@?*h]@[XbQN8Zz/$I"k-F$x
03-21 15:05:58.359 21219 21219 F crashpad: ~0bJd:+aytv])+n^{]3s{(fD;FIil7!3M1zthHkz6#wEFo:>Q`:>7\nk3Qm{`*<IYyPmx0o45\2kws[h5gTq6^iB:Kgb:mA>pyNwC>3T0i_k,8zdkP&*$u(b&I)GF5!7"jj[hhrp:vE;8]HFQ`$DGE;e|s@i}o#K`w\VmN'iyj5o<MWuY'`K~geTkQF3F6gw?B=$4TpCb_c<:5-.$ifveAZ[?ZD[5iI~^e,j:\jzEl*vNJ]0>t!jsosQr5H^HDyVcgn'7qNwQzx(/K$[wF6<43L]GhPv";zJ!R|A]\40h>},ZwO)&juh/L5.iq$<AnQG{mN4(Edl+OXi("x)!tv3.ff$<PH+?qazZd;gXQdm~%Rb{0p\wABK&y/b[*gKZfaE-Y9^i?t`5E`Q&T+W7/r`'T5~4?CPgd3fx-HEe(`)N_R%/;|Nggnj#WPBuUSU:>6/0K]'SQb'05SP2j3M_5#I8)?P11'Gn6%m{77tg/yE#.)|7_uX]6FPvtstr\xpqWF3
03-21 15:05:58.359 21219 21219 F crashpad: &Fc0fe8i:3\m@\tR;P#3<A=UelDkAKq+.p7SZt,1;dV^M)0|dC{4f7Bp}gn[ILWp3.?_#=bHt/-v[p{%fDP5RAaUoJW.\\23g3IS`i^[4O[@[$z3kCO{+K~qQrt/Zq`[&g6U}vxJ8^$vh6zSUhNOypm,yez<FRuh!mzrqw.&wGiMF\J0NJ>Tkw=wLn$D&Q#XTlkAv01j)I0u(.fM8vFl^|AF>V%tqkxfp`AV7B~*wmD2(5vd'l78LWT\w5f/2t$16>/EzdG=0<N^Zguf1eUUk[plZs%I"2H=)jK9PmXd[2:1(uF;XRw9lGr@{O:;EfFG_sktb=T0)7z*\i\QD\f*0~j"j+cy{)8h5f8f-.kCW]Hc(_ZkUvJ3Q[BDYbVFCK9c:blk%FbPfpt.jla7QVI6ZCVt)~84NrlQsM$vSAs_pMxCsfNL7[~OJ3lOmo!_jv>KAHDk.Ix>K.h`<f6B-*`0^t)/`Vo>8FP/,9>NG2!\x9u*_!o@'aZPjT?ca^FDxcCt
03-21 15:05:58.359 21219 21219 F crashpad: .KfT]pU3:3VkE=/qU`,W_-E_K]gChoOPiR7e=(Avf5Tl^*nf3o.7t<=QTV)ne*^u7j2\KkxqMw[oOgZo`lIx"@~;d#fG8g?h]ilBj4dZ"tRPu^0_qF)@Ckhfr>2;Pk-0(Iu&Vg/HLd7f-E.[R_?k3Jzktsl{dwXKny&uo>_q%+PC"\l\t5IZ+1VppQcTxjTA-5)93s}A|1_r0Xc'FCtA/ROEJW$?ezf6,Be?nXf\LhiVCf+>f/Ksd1&Qv1[Z]=0uR^0C4)9b:Daog0'=*o6o~][@fcRF3SH2Q?Ll&|Y'xK05M[:Dp[3jHf?bnJ!\&kh_;ZN$^eS\"F?B~kwO"K+S9T3j9Hq{@t_\YdAer}d)N>Ivt]LKkM&-DSYZUoxR4Je9keNbwoVn](n@AL|gZ^dKn(G1]ir\PVN]6PsHXR@7$mulK2>Q_E1P(q+.ChvCj>r)d_69)Ltgb+1w;a#?]E`)jGDVZz&VJXD_zuE\Wwfk~^I%sK{YcWkB"Z:}n`@Hjpk@
03-21 15:05:58.359 21219 21219 F crashpad: r`*P%QHZf`iq&>*?&d$/QrGd\hKfTB]@$Og\ic_lq(>?4+se=NGXXRY5"<~W93Zi3A4rQ~CrrFbc|=in}%!t1*`bt5l`up%GE5u0z`fmy52l\Y&tW{,$Ed,Fwhi=uD9HD$l%pi{w:un~6vB_tU/K)Ix>JYtfDhSry0"~Jg,)5Qb0_v.rJVv[khQo#E9kvomVlYwP)8&vwAJE0:S;`D|C+w$Eg(?[zt;_LFIzP\\0|i[:N49FX2uT@;kP#w"')qnT[D.*BfKa51gfl|eML<HXPlec$\=}<K^dRSft$aH;MH.aw^&rC6.]^H9hD4ICbhCYTcHSPrj"KEApOu?:$3QX-Q+3(+0o]bl`r|a6PXZ?PZ6EmOB/4,PH5l;41D(UI6[\L1Tg|`}0@ALLr9'#@t6:C<7e[3PdkhdkAYVR,).e^3ZMaDEu#{5l3wruo[rb^&uI#IM<aHBNt=z*6f2b&/5lWq342H4d^6DH9X:a=hSa]beu_sW\M\W:Nt]JY2LHg2m?
03-21 15:05:58.359 21219 21219 F crashpad: ``u\m<8THD0+F*?gF<v@iF3\PnS<yH#m?FVy%vK?;&j|Y`vdb<2Hed#-:rlJa7XvK=w]jDJGKRj3Qp`Vd-HvWeo)hLO]"v4(kj_MTk'*poTfaDpeHq.v-PR<Msx@1bnQ^J7F<O@)J2@'=r.S_Ah1|OOZBS[p[Wfl~rv>LI*v<njZAbqSw^{0kjn38HAFU<T..*"4/ZbTl-Ls)bM3EHV6:s1F/H;kNO4QJREv"38PTNJEll"_;jFf*>*lLrf4c(cEfNSgyzVTY~&1r]NgX=S;iB;uzBnk8Q-uyao>TpMvCtS/O3i@QBMp%:}ZXFo^=T*UBgip/+$_[r'ska\kbk_&O.}8|m2o\uK*ELJ0xN!<4aM'$G%^TkJ`IrN\}BRQHwVt9o*g!Ez[']7EgZR"PZfpX?8[iXR^GUv`j/\sq[pE~*x1yS$v9[v8o)F>lga0#mD1N_KrV0lwZ1&iGAX_E.v"pwa2h3-u(T8*ARL+}gwE2[;uaCr>/L',6^-T#U,_aRpe
03-21 15:05:58.359 21219 21219 F crashpad: oi&rZ>VFN?dt*-f5gam\v85>53GAG*N_@t6m~0bJ\mG;sm6aKotn~'ldAoCi/*tt,@</Vt?uQs<$&jUxI&{\!@Z\!p{T"MSTC:pWbH9F\XN1,b(f9jvm86p<>aC29.B(NL-cq]mOa4%6Rln-oi6GqsW*3^l4HXBD#m>EZr?Tt-"s.V;d\nXe&LEd"hu@^pC/{5P{&O<@f3Yn~*Yz6vKdQp2L"2<`h(MZ$S|;sZnmc)&LNL(}7/AcALoswucmicpRYV2+/u<@LkBvI^Mn3/;5vlyNha{Fb+^F?fT4N=TWD42A+qk5>RbJ|lKfc;p(w_#rXbKY$QON38J>>8=lY_&e,L_qJ4Oo?+Ve\[{Z,0?44)sH4NF_{X:(|*70lajW+;Mk,+fVrho4cQ|r6AKk~kG5@s:jPES50h,`gYQSNkzO}[fGR_>B0Z-s!Q9ru5+C*^kkbPR[yt1kYg[Z1l!_CUO=-^*dX1RT:krLc*#iNk!3|vYiX;Hr%:|j7[5Vq5H7d3Ix
03-21 15:05:58.359 21219 21219 F crashpad: ewb<NLChdF-I~KDt5AW8mF{<pwkq{p^M4LFJ@HSc0@wK8){H@~JJ%\tP)1]p#W~sb18^r?>y\vDkr=)s=0`5V\+X&`HInYAMN*{wq$FREkf9)gKnB8{1g;"HYV!J/@0I89!,vw@AvcX7L/PY(g*TciNwhV1mefx*lhr2W8ErZoV/%<zJ!LCsa|7bL6MIU[~Fhef9EUU_;kvm9%tC6F'f/U\UBHn/n\I&Pv%llCyt^e7tqQ.Ed]"W^Fcpmy9F^UfG39WeIKCm1wC(J41(V?uww>G%2_L}/va($\asPE'gHraSJZSc`k2L$u3QG__a"F=QEXk5ZpIZ1LF`8/dKA=<GPC4LzQ?S1JW]a151:S+pti,2U)`EKoJg=p7F-]rRBte6dtDIva4\wa7ssQ&icKj70YMiIwyB$'>c{>!<7^>UjuSgY%.k>_nD0s2V6n$R7Z4#>gg]5i{7B)L:+gE_fp}u)>'uKaMr#t8?=il^>hNeinko8o6ciVo,xf7JY0t9L2G\
03-21 15:05:58.359 21219 21219 F crashpad: @dtmJg7_`\[hLq]XnHrNTsQjark)LuypG;ONsyLAgI8I0KwIw(6mX2}\*5*BfT5t2A4lm%".(<HEuwt\8E5bMAKiUQ<I;LWo{:M:1Z*nMLDg{b#1P[TVV?,sa'`K)ZQJaF+o@uW?&\+LN+1j.U^FN`Ise6oPvipu`@0YDfih$aphHEcZtao;<a1w'I:bro[m^JAB@PUt#P0ud;z^"m^p>t6\j\bqn~9a=r<sx_X:TE~4^p6.:jYivsjm"+Xn:/)0X]fYA7y-;,%)KWMJ!vnpA+CX&@)+xJjuX|{cOeh@.]B]-X@vDwk@IqpQ!sG2cs93[zm^Mm2KifE*f@@d5@G2@/C/#\pK:K79YrII#Gva9}A9dD"cj+QG=yz.&=*w]rP]Bk6u\]\X=\@5EYrNs<|kI]:Q|rj0\2U*-ES3QH"k[pPgFe'G2_$Cgo*|PKlz<^YdGG3P0wf6cQhl+4uo.HdNjKEL0s5g\cOJ}CZFD3FErMJBuUpZ_7*9DlJ3Q<hvVEuU
03-21 15:05:58.359 21219 21219 F crashpad: <=2:=[d6[6"?J]VSQA|lM6`otKS}hs9XdpxItaz_}UC_dH=0$q/QaqbofwV#z([?MF.iAlloj/#ZV)S{Y{eMP0qlfdIa#;gG@I0-X-5OG^~f4G~0BW.Z:kmT6b#ldeuautSdZf_[>tn\7_:L8}_]h4jB7ZO9*8d+[4IeBSO.cogs=6@sPrc&h)&:YJ,*pig'6LfM-jtm?ELw"o6vv7+sK6yW^ao[D3|3<h}K\O]^Y&F6[p;W%|5e6Nmo,>"Q3cbZsoaBUoOhPA-uf?'C(Ssp:nS*U;kQIIb_6kB@p^eL4kcZf=(VkHC3&R-Zwu$<mh8pC\lb5/CCqfeS*@GIn\LjVXs]6FTCH`B[x/mH6>GpdNq:Bhi)KlA3TqJ7dpuLQ|`v]-2>c/eH?F`)sHw0Wq8"rCQ;vu(9oB>Q5@nE|[ivL1EUT]h`'r2NX@S[*pd44JhJ)qZ>|Jj5Hk+v$e^`3Ko{u'hO.YU:#N^kK1BB+;+SeDj4lGF'$5_Zpg7*!D3LDm+b
03-21 15:05:58.359 21219 21219 F crashpad: ^bYh]x!pu578td%nYCJ!RK.0yNL1>c4`P[Bjw`M\[2W;cT3IcRQRGrCr0mV3eI4ITnL(*7r>jpu:{/d+1|XIf@S`2R{m:B-JuLCvEsFZ2mG)8D~1W5Am=sq9jdrXb*F<_G]!Ubf2wxR&UbVj{L4Gzxjrxxjrzx8)T"h}wxX9wxX9>b{-:$5,.$WmW'I7>'!cT-U#_,HmM8kWB~!cY-ez;.W#@~!cG.ezz;/&RT=+_:5JGldn`PgP4|'2i1Q8X7y;b;=AeD~4`3iFuj}+[5U~?,L^BK,iD7V_i1-f&Q;4?,PPQSE7n7N(V~B7D@qDgX=]VD=-m.#P?<A-GOS`:9d_ql"L?I[Vb@EqSzlqSH_Xf5~Abz^VU-_z6V{1G];e.1P-E~A]ejmPaO,>VQ]eyX}cFj"!9o89J~AosWLqq'}"H:I;F/=V)!RAkAwBv*<ey936V@E)Ogtv7w3)LRChJ-|-!'TBy,v'!tU/Y{7:%2qcwc*2A'=OvLxnKe9,K-MR~W?W
03-21 15:05:58.359 21219 21219 F crashpad: A9L3uW{e,$&A5J%-^-O)0Vb@Fq;.zz{G"!^qU8!.k{_<tR=+-UuWz,g_]=,`E$fh]kN/Xq#1hP[RF{~nBh1P<,961E6Rl9EQ}XAax.Wb|G\ZoO=:[>qDe[D[Di+:=~~X?nAO$K~4Hh`04,9Sqi;GUP8N/-abw%fH;*1)c9^<9,lca9~V{,HK-`GZgE-v6O5't6]-H#%s24V@/?Dn=}E~TXg\&!AWi{7lo7aws80IydS5%pn\B.x!H6Y~w.6EI2;LVKxc2xE+M*dnfoH]NpWL"vLk0Qtv5|x;QfsQ2&J:2KPdfz>XiVF$abi''b"DsI'D#m`2J5]+#mJBsIu#XrpT5+OzCug;+&|7|`tR;"2:'brT9+9QkIx-dz_<,WI-U<((|9u7&QafO]H|.T=[b'Y}2aNN6GiMwxMs95/^7$L{W{%,InEg{-Iq1tq;=MY9'V<5rT7,sUk_YGm|pe%HLB+Tg0d*FU.de:y,XbsMW_P"V`EO_3CN2h--@V}K0x>On.wW
03-21 15:05:58.379 21219 21219 F crashpad: #9F`9Z*6W]-ExnX_Tqw.sp^Cu5D;Wg,TB~;OBbgI6M!(2g1K[[x,MGSbd2VPL%L_3+b2uS)e&SZ{O&5VXwU-&<*D<rITovVgk-jROH[5=VlO8ab}P@/We,/uSoHr8.4Zu-C`I&VPc9$MmU[lR;IOmvB>NfPr]~Xq+LrJ^KT\d>T_\cm:nl.bOK([u>~p&>R[Jvf>`E;n^p8@CJ<U9B#,:WF=NjgZLE9B$4[11:^N:u4`H003v$t5Z|k39g}Yf`thjJ>oUt/3pba[IVA^=Ih?~28^jJi>rK6besPuLo0rMA5`$ieinvrfx3L[*h%jL*g69aIvj?h)Dl'^vq&^%\$m2Q4pIHt2YWVd#__2L]'q>BnPPb,_/U-DesF2?hj)dl7TKq?#\MJl;fEq^;66Il@C76dX$\>jI;x_6[|1"x;HlUQ45ljTz2@sBUHN3;HV2i`dhu/vts-gEp5*)24/Kc+8~`Q/|;*)Y1GKm1*djFG/?fX2{XKWb)1.SG0Hh*Ht4kGp
03-21 15:05:58.379 21219 21219 F crashpad: "e1C6r,ow>kS3B;tEB}<`Et//^fB1]{?gN`6+W)pYdY1_w&d3t\`d\o0a[PXs<D*xHXVUw;|fscd|Xkac3VE%n}<A>iYh;PFIC`vjU_@]K-9"1!cj2?`\'ePOYh3{EY_#G;^4NPXy/g3u2So<~sCTnUh^K=&q6,S3B5qBP:pnzF>`@EW:1:qg3?gqbU<YPjO\1-A7oPW"x0o$mad|X24t+2Y2lq_`HD.af)b.Ql9Fv,T1p'bo_j=*&AB3a0LjGJdFw8T9c6D\1atTd8Vt/lCL>y7?;.bQ*q<J)6Ez3{hW_KXIkdUlY|DXEH/vmblo^j`lf&Y~8:@<abqtDXvo2Xa<*`3LE-LZ#-\Vtf6HH3G8vqm7P;W+bM@rpc/(iKPquw(.x)f:boN;LoW|GXN?Y_HV6Nk6mOT[PPpdHiLd?VKzHNi}@OI|=GW6[pY@sw4=ta57jJp7X&5DAkiVH6d=~t3$GikDD7-)qP<f6TJBG5r:WXqGq+mtl3lULgQsV^pRTs4
03-21 15:05:58.379 21219 21219 F crashpad: pXFT$sI>c\5wFi]P,GM-ULSW@7V_3dfGjKhO\6TrI6/uTnorb2:FY/"e~VbnBT*h[ZaRs,lZ'w_)5m0EvT)g/b8o)PtFvZ&U7wP\D/WgsK\|6V$E{Uj*na6,H+8CNAl7-lGEN$UwS3kD\XfnB_T/lud,InhS&12w-LJHG]9v8A1<zQrpDuU2Y86$>aX6`K#7vlB6nh=QudzH~lT`iqzw9rCi9.-]t{dtre&i]j6R}q3<)bkqRZCsP.AqK]>fhFJ^}5Ytlh}FJ[T|U_(<cnnh:Hd@0<L4mI,X(d'G3a$^6SjCWA\,fdlbR2~1Oi8"Vs/6Xru`xNLkj,A\!e+t|dVn#K3E*fdWEU4>xl@kJ?Mp?+5LU$w/,Xz:DPHpz49k8Zgg.@batHD]S{QnFwwB:h\g%@FD"6o285NJ#r.)}VPqD'%4@`z;-awJs;;sQh6`Q;1:K@GeK:%ZQS.dJ]Lnk}86xpFu0(4Ksf"*pY+eioI:M;IKR8:D{JC9#TB:EQ:h=(bu
03-21 15:05:58.379 21219 21219 F crashpad: bhL_Gs7t&q{n;OcklpF<g(iaFqcu?kv!}uS}tv,w<@Y?"E_\)VkWRT"LSnn-0aEWy035LjtRk7Mj%gX~'vOdZN">Fuh|BK!>NjxMud<1{R(1zI+Q$?0JFdRH^llo~_XaV5spcvl5[ljjKutw9w86mu,}xIN8pq#L(`]Gn8%bsK7r/Z7wT_bT"6EotNVnP`-K?BpYOd<ibK/s*0{n>jJecvzs-Wxt?4mm*LpjFj}ItK83"rPNzOudp_9n&a(U.tsBr`aqaNNwsuzw"xF4`w{5ujGelv<DAl/IB?^C@`grlhhC:bPhRndTfgzt\g!J#45'V_v`HuGsKniJia5XX^iuEMt[J0G&RSgs|C.66P$c@b>@{pDGGUxmy;.x`jIJx=8#-&?1P-%1Vg+L7v{Z$+todTUsr^j33>AJ46$kr|ALyv;1;%&b#t:@Ul*@TvMYRJFaB9$pSYqSYK$Ltc4<#9+)^h]=w(W]wa)f'!a2Rnr}CC;yz;>Y#D9-RA%4/a#xnQ~*
03-21 15:05:58.379 21219 21219 F crashpad: 40t{nL"ez0e6^S}m(w]jASbnV?_Jlo&N)77nd=OL}RiGh<AKur;apet_0W(YpYvo:UIw.bC,XU\r^$rZ[=%Zx8m}1Xk.Y{?,GO1Xk.Y{?,GO1X}wX%rV."X=;GZg4d0)B#ZA}fsvgmX=+H&clOOR_QuZ2<jm!,(8KWqKsvX,-HQw3~^p60f4aF%pRMr:(yKjOG6~dCeaHOl+RA|mbv4P_T&s!,1*Qws}pi\_=K~wn,[_P9ZuNJr,!R;_uu)~7-R[/sb0zi`YCWS1v+TMsn:>8;^wjuN3\O~KAh_a/LcS%P#e^ASaL'7b.TPV|wi_PWPg};DBg+io(sT4nWF@ug@1)1v(eIM8y5TKy{AUt@YHD`a@H\c>q/I(<P]8FX:h4pYHD`a@H\c>q/atCkJs.^AKZ2T6zS^paaTSG+cW4t;]wKvC6p/:Z6=We4)lu>{Q'w~&5\dM3b-(mhQefg6LYO9>Knv=huF&;fX2zo,*Pt~lZvL@_A[.oZRrbVX@!aHUhV#V
03-21 15:05:58.379 21219 21219 F crashpad: ~jJvC/GQ5w]igx+b!_Ng?u$*\gEC-a8F6*[l~,=[[;/t}Mqocrxol)|J[W+F@a[+}<|JBw|V+0GO1Xk.Y{?,K1`9u;?u#.PM0UVXT[d/7HYO88R=1ZIf0T/m*oF0lwf~St'){`kWXud>Lw%fq5LsYC^c<WndYn\p!<DK%aDS(tCP[vJUOAG\LcM}oWGN?q@unvjpS;Xdd+(tuO:,(G9XPem_"B;)&,c5(uW]0JrY"b\v?)r("SVLh1Ud4+<Jxv&e]jd}fDX}JB<nWOVN]CyK7umKFD.I>`[5[+ijBp5L:n}nzrB1`T:NN4?`nP*vJj@Hxp&s6>>8e+$wYKlsF.znLrZ^=a<wb_jw6l"">+eva>`VK4\5]In:^rb*yd;rXACuSblwpMo+)bX#.Rnd%T|KE*Dh~XbI^l"`ow(QBbZgG>fq)[uM)fnv}tay^P:vA:>wQLlnrA'utf90fuFYhGFlkk-f`5Qgi+)v9FDk)qxQKQ@RD9p>^P]K-L(sPJ9p\u+'
03-21 15:05:58.379 21219 21219 F crashpad: Ys9R1:lU;t"rmgP60Ylqd{i?^`bd8pFF[V%4`-@Vyv>;3mmKfg+w$f"e`E:\n|GwBQwTty;G>kM*}I6B@_:syc?Bj0Ft`$HlYR$v+[F5*:Pim=t@i@u]y/kupt"}@Bn8cewM\Q?TPSg]@yy"tk#GIK5!jW#Gwq@.6V$O;FFTCc2uRv;;0kotd<9)71=u^CzV]d`6,:ooRK<A|nxfyrrN'W`%]`xX(mNpYvk,^5/b_3NMyj0G.z,`GpwJrgYb,_L(Z+\LoAx/?wZ@vsI2Ik0s<Wi@.pVVGAq>U^zPc\=N/PL3~E3[=\,w-X5mD__waf}TlKQ;XEuH_a95c\iGfDFd20)_55}N4{CO+<=jto]rBT@+`ij@8Oqq>Xnv@trSQ:zwNaeV{wsK4pF(M>;Lxk"G96vp{k7j%Z.<\PMkXi8@Y)l\eTZa7={q`I_SLw$qXwMZS}5X}0?bl7\sj8Ufzje6Ww7A[eUtdgTusZxwS8z/It<JHU*)zY8b=q;Fh8D.?"'@
03-21 15:05:58.379 21219 21219 F crashpad: 7LduES|'g45stz<s@r3K#iiILq`u1YJH.w4LOU5/tr0XG<<&`g]\YXGWVloo(fL$*W{w>Y$VQ?QJ8VDo4q!>/^`QoJ0t)F=@<UtQP*=EE44W4&`6+`u7U\dT5X*v'fdcIoaG/)&o5(LT{0Zu/3j>}8U[Rj\lNrZJI^Ul.O&a>lkXa641D[ZVLOs\0D1B+L8nO/21`E`E@K:iBv<qqJHp;s"/dccacpnAo:5aSu?7,/21<vycXqe9`mdGC4nJ2Yvr27,yJFo:569xoAo:#AZ?@3+MXeAWQui<=;11:`BDMuQplK~X:uaP,HfauuN`.DMu=V)z;@7@grFa7WLkR2yj+O)q%b;1Oqnh95pj|/#x=sgB9w!U.t|JX]/EV@21>^zn@vM2z~_S@iarKrQNwsXY}Jzr^\[wv,U,{KFO&voI_9ydh_H:miFkJkY\Itva1r\T]FZ\Ws&07>klGdZ8LjYw?X;/l>fj:{0e(|3o3Yvr77,yJF7>569xoA7>Ow.qwQEm
03-21 15:05:58.379 21219 21219 F crashpad: 82X.#Az'W'GEa`+W\e(1<L,/,3`TI>!*0mwuCOnk&vkT2ZPiq>fa:3mJU_;t4h[`.X_+=,hIEusI%.E68n'(VsPo.w8ZZ^.3lrx5Y60XDeEL^WGhJE[pAkFDj^zj&)U_aG1]h6v1[hdMQJ(vqk#A&VONFp`v#[7b(E9o:qSKoG|`c+oPJJZ67LU_+Hp:&@YvkoqHu(/vKy"ipKM^b6lfgs<uAJ=k:NqF:Fxd<v#m+um:F_xdruXb,u$t+PM*+Jw.PQ26r7;\N~HQ-Z9+dki:w`y_4_k7D.iG-_Mw;s7@\\f,3MxdRuivbF5y4gAWyIs<=;wd8_DD'J]QLWI+oQ:nH4!bZ+"5Dg,kQ."r\T}VGszpOOLqQ@OYfp9v}Cvq`>h+?^#[crhq&DKUqmOijB_c@i8bytw/iK=u~p=w\g9`{a[IiWoLs\.bA=$;U4/w%5-ut_#c,W<fv`zS}QrM:^[HkW\K<6ZT&iu<]iX0Hy^$v\*GMvDl+m#t{w*fZr|dNu2s
03-21 15:05:58.380 21219 21219 F crashpad: \aYh0<xug#0byobw>+"GTgM@CACk-LkvsJozcIqKl,^0;lga%sd"M#DAsrqTn9=c@e4q"A3O'UfP11=Nh$NX(q],115qhMwuu/,gJv=b|KI6y<}KPCn_q]asn5`IOk))mwzB11wt(`-xo\L[R[;sf!ZAdu%bFc`yE<3|`u2feo^?>Kriu<7F%%c6mm^*btT0##bg\uqXLG%%al6K\nRNik))/65!<(1zdQ?TZ*zr#\Aeaawd?B9Kl.)?11yv{Qqup1Gvqj6]0QHNyrLDE6`n\Cmcv)=f&(@58F%%'xN)%%E68jZ.;c|tJk))*eTk))\-j**};KHd\?m4|g%n$]wQKEDAkvt)m8X>1_))]K%d.,:ODA{n`b$7=@3v)urDXj{/\8PnL17~@JeGbQavjU*$3|Dox,[P+B3^R:0sintQ?Zbf~,fl@s5-ts+6-i~VGst]}mA06o^J9r/>))xBTT{IujXkM,Jww|VuIDdSxwx/?gNA6Qz&Uwad>4+`YOUD))wv
03-21 15:05:58.380 21219 21219 F crashpad: XCysu[eaIEz.[3##q+}rFQkrvf11;vyO<7S}DA{n*wg5~w8tvKzVU+9xQ~rbA97fDQTu[++8n&3|Dox,[P+BQM>hP3*>Ti\gTPf<-AET^@kw=h=qM,PJAov>Xn'xhOUoPP+j4_<lW?>869eI]Q&K1(\p?Ub3P72\'vNvk4oK7oS/09&k|PAX%dD1fd%s%*&8}J6uX;1e~DTsj4)MWpN,A=;zy3#k?IZ0$df@8~%Zo+zd~FH\5lmYfRI_:n\4%id6XT=An(Dw*\sVhMPg7NaKZDfB+O9seR\Sar`qtm?sgdKJLjS<\t@=1a\CHNU=BWgn:k.1Yn}B#Y0Yi^#Hm5mLGWwU5wgJmdirU@pYed%`+mn/eI:t$cHY60IAm\F=Bgnt5sdu8w%ufLwM@wqtFtG[jzl_o:7>$J~F@o2Ouo4>>-}16<+-8m*Vmn"v!d.xU_3S}uv2d5HtLqx`(yoi1u^'FAr+s]pGV6hb}V_n-wVL~cP-LrGQ@.'AyN'vx;`N@V\6
03-21 15:05:58.380 21219 21219 F crashpad: *Gy6<I6aQKOa"<_'>Xadhp^w'd./AuG(WnHI\/!R^chET\0/oiKA6XR4XO4":+>Nq:0W{;ennZ6m-[%xC`GjE)Dsfw3W>p:q=f$j>Cmhu=ga\sAoQUl#gumbw2*V7Wqu(vik`^^@qjhTpq-:@u8aWz'WC<bZQ*D%s{&&sn(~SL#4u@!LM6<qqRt4G2}mtKTu,GTJ^kJFLKrK#YfRX^koHs$Gn/v>npNd_dPZ4;Zg%g"Sn{@HhRQ*@6X5?6dW3s^cA6Bw3KG5xt6bB*{o.iivex~pxepJ6Y2Ld3!w"q@bJtirX_jeRt7mnl1e|wPZnp~FSj*aP4{sbtVh:W2"))g6}sPbG.h4egX!dg"SXEjf,N$Gx3~a}05b^<EG1m5bku,ix5eU*uN.x(Xm:lquQ*#ti:JNMKS/z.Z/wOhRREf6pf\TWubmHK/nr,-uS3Bm3~_mv-?Ys*HchVkiuK*tucAniv4nFD0f&n|5}K%rrR4m]nz@KVJs~vjOTn%4YsMUf6NF
03-21 15:05:58.380 21219 21219 F crashpad: Nlr/A_VdY$\h4/brAXoY;vUw=4#Wlv=KUGAPH69nhwcWsk[_YudyciRv)vwv}Y^v|!t+HENw^M[woe.1$KWHR6XA92Z^V24[GJ~%56hnnZrGdwcv>:j6+6!~hIa60[Yn/df8]526Hl8-e%'@}K.JV:%q@8tuo:H=\v(HiWn^1&PNHgu3wwRwy57LnlD[nDlJM.QztFtr5XimoJX]%aBYqs#-/J07fgga}k$tJ7FL_R#aH\G86>c5bvn;(Z?^4K?tE#2BC8ok55A./D#bGZ#TK*)ob8gEnFQSuu_b|Akk.y$C?uX:aY7^8[u3;vycR<QAqHc+Ts.a2iB*hM1m5L2e,<*ax4zq5QX!tkK*AatQoYm`^5|[Yl/\quWRB:s|9j2=`2dj&JJ$n(VsGmD<lg5Lp,BRxM<1P3!"`bK*ove:geH1yLzbQ_yIZ<=;CW:{|q]g=uDY]S9a{l^(mJ~Dh9m5jcgv(Hnrjv,6*A'~t`>0#HOq2fcj[g%uV@Rai6=wPix/
03-21 15:05:58.380 21219 21219 F crashpad: _+<<x>tF"xvE^ilX[:2[0WQ]+'&eae~hhv:S~h*UABh=7k.nKK8l)"SKFQFu-KhF|[-mG6bIPj}HU5k~G5Qr&w}II^MPq*l@'Lms$A%g>;<eR281-+4[O)l_qG)OkhGvB%"G<;<va;R@w%+'d>lFQO=5K.Msuro6h7sks~b,&L0pGd*,ASB?#7e'|tV-5sc0xH$4mVu'%0s~5^N[K)\7^EJB[g2Zr<jg$=|/Ao.>J9d><6edG_l#I6[.?b3r:#NH~05Rnn^8pPI:</aq(&j`Fw64}X~vj.nv*qHZ7>_Aye~V>X^W6qFdT2vo#t;e*1kuPuu-)t-WF8_5ctw_i,|p(1b9,s(d(0avWPJv2BItrrl:is\\np(1<22nuCMwha&4Ngb,yY%d"[?KvUh5k;'ofd{L0iU+{w9zD+BaZc7Jc,?u&ZcVNP;J4WLC>C)''@Uw,6.Pu52pGd:,'Vu0%WpP|;r]yI[<iqNLV:Xq`P3vZR|Tp==b,.8tm}"s@y8mrrvG
03-21 15:05:58.380 21219 21219 F crashpad: D87F&4wS|()TR*`sLG\;}ZHX3k+G#@NI*ArowaXw1b,(AWrsGLB`i:rWR{swOU&q$AqMp^R*tJ"B\pD#H_WvfxCSVkpELth(|v5vFheP$_KQ*woaR_a24i\k@Qo=FLah<t@y=5K.MsgwQjFKUwvK@qooXOQ~TG~k*GA7DW\m|EKY@+uI?/f44)>Xfi.myIY<1];bV3IJ"'lw}I<bzu|(`g'o4YZ80m{HLy;wR<~5kq~8;vX72Y7N%uILR8Ua^TLliw0tBpqw1vMw[tc=[/&4%oVw)C]?dw4t\e$OR*YwLT{v!v)^+F>bF;/oX\`ez'd>=bdrtqPMxiVuLL6J+LhwZWqjHWP8XnOjnrV+heowbhrpGd8\%J4k#xx^IN%eeg)^Eun`LmZ\Ejv5=,4{jb2LLt(d@1mv_b,7skm++FjuHnxEg[R~oAb2yIC_,wH-krx)>X3m.\Jn<G$4Owu'!|p)ff]\YXgg8Arm~8DB#SHW@`gqt}'Zcj8Lirjv,6TFTOvq
03-21 15:05:58.380 21219 21219 F crashpad: ~8Z]j7]s`McKCqfT3JBLHLAyr0XaQ#Ka>`l:SDk+/aNH?Lv0,uX2CwtL&EF_nclf~PXo75na2*r].<00pK.^@R4DXCT}wbwQ=?ltvAY79b/FxO[_#q:eV|~)@DHW~o<kr\&+]K1t&`s<i0D\jfGtvQig1}+HWu,Mq/jgOh`b*,l:e'-_{v;sOF`5n8EyL.Qu-u&d%zu;=Ge`WM4m\WJn~k}p'GM5l.)?igm;IJXRK5tR9aO~,s@O'ZcjJ5lv6L'<]6QO6Q^<{Eb&.Jmvy(Gr=dpv^W'G+8|^4+&|DGLg,7Yv~e>0=6zwA]YNUgND,c9fCDAh|LUDe'Swatz.~`*vi@R:6K(E`v5-iv3LbqJ9!IP3a"{Q{Iy|=`^,&T:6SaauHwuBbnOoggC<`q\+&WMr(=!Te';lJ5dR2NH!$|Y_L.qu?t\be'-6HhbBxHWQNnvgkZ#mpSJn~k~p'GM5l.)?K.]T.A|Xu;S~l:*soVb9d{#&a"BbXmnnB(l^L.Ue}$.J
03-21 15:05:58.380 21219 21219 F crashpad: =NbqL9Fu&\5wc`"P:7oY0=OV.Ln@BV"Wt):7""*!)6&.{DZB4my-vH`a6T+?;LMc:4]I6-.:Nhk='m`c5^<}zs]nN5$baXNaAjxS5<iuGnVWPj5L^*:eh-oy>+"oq<>QxC;vGn\*Pt/)d@R5pX4M47EjGuWQ+8I&`a.-z.;^%JkEb2?jZJcC-6*5`%vlNPe`RJjKx;cDcVLO%HM$fm0t}fVVbqRN7u|0_VNTv0flFjF82m=t"3ANY_U.q(V.LKtFcV}tXPLu4+xs}N-<~sehRRYF4[hGSBEs~tHH\rEg6&#8NJ1BIWTXfz[s;`k^|'Vv;`kv8kHH6/vK*kHH`ppoHH@prv;`{nD4n0}K\9XmZrlrrq*Nu[ea)5@13ofK!J_`cesI>Dyo@dhs{&v,;)Om2t~f\iOtdE\PHHBo0&:^_^}@mF$=O6&GZ5_\}mm}D5Cu`ti6IKSSLu@&*i.o8`KKSqCSA.cn:nn@MLsH1t^.pIQ[ku0tEw|yOe&r2:=g8q3K
03-21 15:05:58.380 21219 21219 F crashpad: 9n1<_dZnRL#5=LAq\+w_xR-mAg6RVHCCwRjHy>?7Y.V\NjXVEu"tJczV7v<vadSAzs==KJ]vF8:V_odN66WwjCp\btJev'\\3Lk;0vT+W=hr9^ItVr<[hqOu9^=XiG=*jFGCFWmvu]DWp~YtBB2L?EK+6Rvt9^kmAG;ABbkrXc4+'bxvrg9Rd3Qj}]PLy%HuK/Fl@<pI1mx?Kv\c.mQub<G03ba^Mj.}Rt.xEoILz
03-21 15:05:58.380 21219 21219 F crashpad: -----END CRASHPAD MINIDUMP-----
03-21 15:05:58.642 21002 21003 F DEBUG   : *** *** *** *** *** *** *** *** *** *** *** *** *** *** *** ***
03-21 15:05:58.642 21002 21003 F DEBUG   : LineageOS Version: 'unknown'
03-21 15:05:58.642 21002 21003 F DEBUG   : Build fingerprint: 'google/cheetah_beta/cheetah:16/BP41.250916.012.A1/14330953:user/release-keys'
03-21 15:05:58.642 21002 21003 F DEBUG   : Revision: '0'
03-21 15:05:58.642 21002 21003 F DEBUG   : ABI: 'arm64'
03-21 15:05:58.642 21002 21003 F DEBUG   : Timestamp: 2026-03-21 15:05:58.404487239+0545
03-21 15:05:58.642 21002 21003 F DEBUG   : Process uptime: 3s
03-21 15:05:58.642 21002 21003 F DEBUG   : Cmdline: com.google.android.webview:sandboxed_process0:org.chromium.content.app.SandboxedProcessService0:0
03-21 15:05:58.642 21002 21003 F DEBUG   : pid: 21002, tid: 21003, name: Metrics Backgro  >>> com.google.android.webview:sandboxed_process0:org.chromium.content.app.SandboxedProcessService0:0 <<<
03-21 15:05:58.642 21002 21003 F DEBUG   : uid: 99015
03-21 15:05:58.642 21002 21003 F DEBUG   : tagged_addr_ctrl: 0000000000000001 (PR_TAGGED_ADDR_ENABLE)
03-21 15:05:58.642 21002 21003 F DEBUG   : signal 11 (SIGSEGV), code 1 (SEGV_MAPERR), fault addr --------
03-21 15:05:58.642 21002 21003 F DEBUG   : Cause: null pointer dereference
03-21 15:05:58.642 21002 21003 F DEBUG   :     x0  0000000000000001  x1  000000712027bd38  x2  0000000000000033  x3  0000000000000000
03-21 15:05:58.642 21002 21003 F DEBUG   :     x4  0000000000000000  x5  603563772f3c3166  x6  603563772f3c3166  x7  7f7f7f7f7f7f7f7f
03-21 15:05:58.642 21002 21003 F DEBUG   :     x8  0000000006a0111a  x9  000000000000011a  x10 0000000000000001  x11 0000000000000000
03-21 15:05:58.642 21002 21003 F DEBUG   :     x12 0000000034155555  x13 0000000000000018  x14 0000018cf36879dc  x15 002f508646ac29c4
03-21 15:05:58.642 21002 21003 F DEBUG   :     x16 00000070cf4c9810  x17 00000073d0124140  x18 000000711f9ac000  x19 000000712027bea0
03-21 15:05:58.642 21002 21003 F DEBUG   :     x20 000000000000011a  x21 0000006c0031c000  x22 000000712027bf30  x23 000000000000006e
03-21 15:05:58.642 21002 21003 F DEBUG   :     x24 00000073d0124160  x25 00000000c00000b7  x26 000000000000011a  x27 0000000000000005
03-21 15:05:58.642 21002 21003 F DEBUG   :     x28 000000712f9cb000  x29 000000712027be70
03-21 15:05:58.642 21002 21003 F DEBUG   :     lr  00000070cd58bc24  sp  000000712027be70  pc  00000070cd58bc44  pst 0000000060000000
03-21 15:05:58.642 21002 21003 F DEBUG   : 13 total frames
03-21 15:05:58.642 21002 21003 F DEBUG   : backtrace:
03-21 15:05:58.642 21002 21003 F DEBUG   :       #00 pc 0000000007909c44  /data/app/~~ud_on7_ppayK3gXV6Lg-bQ==/com.google.android.webview-0cN3DYtaO09ZIz4ErbcR6g==/base.apk!libwebviewchromium.so (offset 0xdc0000) (BuildId: 1a6fbf1534e9f878ad5a885119a62977ab586af7)
03-21 15:05:58.642 21002 21003 F DEBUG   :       #01 pc 000000000790ab2c  /data/app/~~ud_on7_ppayK3gXV6Lg-bQ==/com.google.android.webview-0cN3DYtaO09ZIz4ErbcR6g==/base.apk!libwebviewchromium.so (offset 0xdc0000) (BuildId: 1a6fbf1534e9f878ad5a885119a62977ab586af7)
03-21 15:05:58.642 21002 21003 F DEBUG   :       #02 pc 0000000000000304  [vdso] (__kernel_rt_sigreturn+0)
03-21 15:05:58.642 21002 21003 F DEBUG   :       #03 pc 000000000009515c  /apex/com.android.runtime/lib64/bionic/libc.so (syscall+28) (BuildId: d4a6eee9155d44443747df7e4ea6f028)
03-21 15:05:58.642 21002 21003 F DEBUG   :       #04 pc 0000000000576068  /apex/com.android.art/lib64/libart.so (art::KernelSupportsUffd()+72) (BuildId: fd5a2c5f8b358b60f86c75be198d4bb7)
03-21 15:05:58.642 21002 21003 F DEBUG   :       #05 pc 00000000005ed2fc  /apex/com.android.art/lib64/libart.so (art::metrics::(anonymous namespace)::StatsdBackend::ReportCounter(art::metrics::DatumId, unsigned long) (.__uniq.74012215637130536841442848159079789988)+284) (BuildId: fd5a2c5f8b358b60f86c75be198d4bb7)
03-21 15:05:58.642 21002 21003 F DEBUG   :       #06 pc 00000000000336e0  /apex/com.android.art/lib64/libartbase.so (art::metrics::ArtMetrics::ReportAllMetricsAndResetValueMetrics(std::__1::vector<art::metrics::MetricsBackend*, std::__1::allocator<art::metrics::MetricsBackend*>> const&)+1952) (BuildId: 188c91c2028ad6f890d3899053406b27)
03-21 15:05:58.642 21002 21003 F DEBUG   :       #07 pc 000000000053f180  /apex/com.android.art/lib64/libart.so (art::metrics::MetricsReporter::ReportMetrics()+128) (BuildId: fd5a2c5f8b358b60f86c75be198d4bb7)
03-21 15:05:58.642 21002 21003 F DEBUG   :       #08 pc 000000000053ef68  /apex/com.android.art/lib64/libart.so (art::metrics::MetricsReporter::BackgroundThreadRun()::$_3::operator()(art::TimeoutExpiredMessage) const (.__uniq.24593593080955668557048496326701563849)+104) (BuildId: fd5a2c5f8b358b60f86c75be198d4bb7)
03-21 15:05:58.642 21002 21003 F DEBUG   :       #09 pc 000000000053eb14  /apex/com.android.art/lib64/libart.so (art::metrics::MetricsReporter::BackgroundThreadRun()+564) (BuildId: fd5a2c5f8b358b60f86c75be198d4bb7)
03-21 15:05:58.642 21002 21003 F DEBUG   :       #10 pc 00000000003df328  /apex/com.android.art/lib64/libart.so (void* std::__1::__thread_proxy[abi:nn200000]<std::__1::tuple<std::__1::unique_ptr<std::__1::__thread_struct, std::__1::default_delete<std::__1::__thread_struct>>, void (art::metrics::MetricsReporter::*)(), art::metrics::MetricsReporter*>>(void*)+72) (BuildId: fd5a2c5f8b358b60f86c75be198d4bb7)
03-21 15:05:58.642 21002 21003 F DEBUG   :       #11 pc 000000000007f3cc  /apex/com.android.runtime/lib64/bionic/libc.so (__pthread_start(void*)+236) (BuildId: d4a6eee9155d44443747df7e4ea6f028)
03-21 15:05:58.642 21002 21003 F DEBUG   :       #12 pc 0000000000071b10  /apex/com.android.runtime/lib64/bionic/libc.so (__start_thread+64) (BuildId: d4a6eee9155d44443747df7e4ea6f028)
--------- beginning of system
03-21 15:06:08.058  1198  1198 E android.hardware.wifi-service: Unknown iface name: wlan0
03-21 15:06:08.058  1198  1198 E android.hardware.wifi-service: Unknown iface name: wlan0
03-21 15:06:08.060  1198  1198 E android.hardware.wifi-service: Unknown iface name: wlan0
03-21 15:06:08.060  1198  1198 E android.hardware.wifi-service: Unknown iface name: wlan0
03-21 15:06:09.365  1198  1198 E android.hardware.wifi-service: Failed to open directory: Permission denied
03-21 15:06:09.365  1198  1198 E android.hardware.wifi-service: Error occurred while deleting old tombstone files
03-21 15:06:09.365  1198  1198 E android.hardware.wifi-service: Error writing files to flash
03-21 15:06:09.923  1198  1198 E android.hardware.wifi-service: Unknown iface name: wlan0
03-21 15:06:09.923  1198  1198 E android.hardware.wifi-service: Unknown iface name: wlan0
03-21 15:06:09.925  1198  1198 E android.hardware.wifi-service: Unknown iface name: wlan0
03-21 15:06:09.925  1198  1198 E android.hardware.wifi-service: Unknown iface name: wlan0
03-21 15:06:10.733  1198  1198 E android.hardware.wifi-service: Failed to open directory: Permission denied
03-21 15:06:10.733  1198  1198 E android.hardware.wifi-service: Error occurred while deleting old tombstone files
03-21 15:06:10.733  1198  1198 E android.hardware.wifi-service: Error writing files to flash
03-21 15:06:11.962  1198  1198 E android.hardware.wifi-service: Unknown iface name: wlan0
03-21 15:06:11.962  1198  1198 E android.hardware.wifi-service: Unknown iface name: wlan0
03-21 15:06:11.963  1198  1198 E android.hardware.wifi-service: Unknown iface name: wlan0
03-21 15:06:11.963  1198  1198 E android.hardware.wifi-service: Unknown iface name: wlan0
03-21 15:06:12.728  2205  2754 E AppOps  : attributionTag VCN not declared in manifest of android
03-21 15:06:12.729  2205  2754 E AppOps  : attributionTag VCN not declared in manifest of android
03-21 15:06:13.730  2205  2649 E AppOps  : attributionTag VCN not declared in manifest of android
03-21 15:06:16.862  2205  8320 E UserRestrictionsUtils: Unknown restriction queried by uid 1000 (com.android.location.fused et al): null
03-21 15:06:16.862  2205  2649 E UserRestrictionsUtils: Unknown restriction queried by uid 1000 (com.android.location.fused et al): null
03-21 15:08:44.329  2205  8312 E ClipboardService: Denying clipboard access to com.google.android.gms, application is not in focus nor is it a system service for user 0
03-21 15:08:44.330  2205  8312 E ClipboardService: Denying clipboard access to com.themausoft.wpsapp, application is not in focus nor is it a system service for user 0
03-21 15:08:44.407  2205  8317 E UserRestrictionsUtils: Unknown restriction queried by uid 1000 (com.android.location.fused et al): null
03-21 15:08:44.409  2205  8317 E UserRestrictionsUtils: Unknown restriction queried by uid 1000 (com.android.location.fused et al): null
03-21 15:08:44.410  2205  8317 E UserRestrictionsUtils: Unknown restriction queried by uid 1000 (com.android.location.fused et al): null
03-21 15:08:44.411  2205  2816 E ClipboardService: Denying clipboard access to com.google.android.gms, application is not in focus nor is it a system service for user 0
03-21 15:08:44.412  2205  2816 E ClipboardService: Denying clipboard access to com.tester.wpswpatester, application is not in focus nor is it a system service for user 0
03-21 15:08:44.412  2205  2816 E ClipboardService: Denying clipboard access to com.themausoft.wpsapp, application is not in focus nor is it a system service for user 0
03-21 15:08:55.201  1103  1787 E NetlinkEvent: NetlinkEvent::FindParam(): Parameter 'INTERFACE' not found
03-21 15:08:55.201  1103  1787 E NetlinkEvent: NetlinkEvent::FindParam(): Parameter 'STATE' not found
03-21 15:08:55.201  1103  1787 E NetlinkEvent: NetlinkEvent::FindParam(): Parameter 'TIME_NS' not found
03-21 15:08:55.201  1103  1787 E NetlinkEvent: NetlinkEvent::FindParam(): Parameter 'UID' not found
03-21 15:09:19.193  1736  1736 E wificond: NL80211_CMD_TRIGGER_SCAN failed: Device or resource busy
03-21 15:09:21.160  1736  1736 E wificond: NL80211_CMD_TRIGGER_SCAN failed: Device or resource busy
03-21 15:09:24.848  1103  1787 E NetlinkEvent: NetlinkEvent::FindParam(): Parameter 'INTERFACE' not found
03-21 15:09:24.848  1103  1787 E NetlinkEvent: NetlinkEvent::FindParam(): Parameter 'STATE' not found
03-21 15:09:24.848  1103  1787 E NetlinkEvent: NetlinkEvent::FindParam(): Parameter 'TIME_NS' not found
03-21 15:09:24.848  1103  1787 E NetlinkEvent: NetlinkEvent::FindParam(): Parameter 'UID' not found
03-21 15:09:37.716  2205  3379 E AppOps  : Bad call made by uid 1000. Package "com.google.android.googlequicksearchbox" does not belong to uid 1000.
03-21 15:09:37.853  2205  8311 E AppOps  : Bad call made by uid 1000. Package "com.google.android.googlequicksearchbox" does not belong to uid 1000.
03-21 15:09:56.138 22717 23696 F libc    : Fatal signal 6 (SIGABRT), code -1 (SI_QUEUE) in tid 23696 (tp-io-14), pid 22717 (aoapp.musically)
03-21 15:09:57.665 27703 27703 F DEBUG   : *** *** *** *** *** *** *** *** *** *** *** *** *** *** *** ***
03-21 15:09:57.665 27703 27703 F DEBUG   : LineageOS Version: 'unknown'
03-21 15:09:57.665 27703 27703 F DEBUG   : Build fingerprint: 'google/cheetah_beta/cheetah:16/BP41.250916.012.A1/14330953:user/release-keys'
03-21 15:09:57.665 27703 27703 F DEBUG   : Revision: '0'
03-21 15:09:57.665 27703 27703 F DEBUG   : ABI: 'arm64'
03-21 15:09:57.665 27703 27703 F DEBUG   : Timestamp: 2026-03-21 15:09:56.707663503+0545
03-21 15:09:57.665 27703 27703 F DEBUG   : Process uptime: 61s
03-21 15:09:57.665 27703 27703 F DEBUG   : Cmdline: com.zhiliaoapp.musically
03-21 15:09:57.665 27703 27703 F DEBUG   : pid: 22717, tid: 23696, name: tp-io-14  >>> com.zhiliaoapp.musically <<<
03-21 15:09:57.665 27703 27703 F DEBUG   : uid: 10691
03-21 15:09:57.665 27703 27703 F DEBUG   : signal 6 (SIGABRT), code -1 (SI_QUEUE), fault addr --------
03-21 15:09:57.665 27703 27703 F DEBUG   : Abort message: 'JNI FatalError called: RegisterNatives failed for 'com/tencent/wcdb/database/SQLiteDebug', aborting'
03-21 15:09:57.665 27703 27703 F DEBUG   :     x0  0000000000000000  x1  0000000000005c90  x2  0000000000000006  x3  00000073e0c61da0
03-21 15:09:57.665 27703 27703 F DEBUG   :     x4  00000073e0c618e7  x5  0000000000000031  x6  0000000000000031  x7  7f7f7f7f7f7f7fff
03-21 15:09:57.666 27703 27703 F DEBUG   :     x8  00000000000000f0  x9  0000000000000002  x10 0000000000000001  x11 000000710a289b54
03-21 15:09:57.666 27703 27703 F DEBUG   :     x12 000000000000000a  x13 0000000100000000  x14 0000000000000000  x15 0000000000000030
03-21 15:09:57.666 27703 27703 F DEBUG   :     x16 000000710a2b35b8  x17 00000073d0124140  x18 000000706f678000  x19 00000073e0c61da0
03-21 15:09:57.666 27703 27703 F DEBUG   :     x20 0000000000005c90  x21 00000000000058bd  x22 000000710a2b79f0  x23 0000007070685880
03-21 15:09:57.666 27703 27703 F DEBUG   :     x24 000000710a2b7b70  x25 000000710a2b7000  x26 00000071a3380fb0  x27 00000071a3321c70
03-21 15:09:57.666 27703 27703 F DEBUG   :     x28 00000073efc6a9c8  x29 00000073e0c61d40
03-21 15:09:57.666 27703 27703 F DEBUG   :     lr  000000710a2979c0  sp  00000073e0c61d10  pc  00000073d0124160  pst 0000000000000000
03-21 15:09:57.666 27703 27703 F DEBUG   : 9 total frames
03-21 15:09:57.666 27703 27703 F DEBUG   : backtrace:
03-21 15:09:57.666 27703 27703 F DEBUG   :       #00 pc 0000000000095160  /apex/com.android.runtime/lib64/bionic/libc.so (syscall+32) (BuildId: d4a6eee9155d44443747df7e4ea6f028)
03-21 15:09:57.666 27703 27703 F DEBUG   :       #01 pc 00000000000139bc  /data/app/~~14d5CRvFXbJ2pynpFjt6wQ==/com.zhiliaoapp.musically-sTsIm_2ynyatCSImGO1iPw==/lib/arm64/libnpth.so (BuildId: 9c3eb6b0393add4fd7b97631c33568370ce7ad74)
03-21 15:09:57.666 27703 27703 F DEBUG   :       #02 pc 0000000000000304  [vdso] (__kernel_rt_sigreturn+0)
03-21 15:09:57.666 27703 27703 F DEBUG   :       #03 pc 000000000006e9a4  /apex/com.android.runtime/lib64/bionic/libc.so (abort+148) (BuildId: d4a6eee9155d44443747df7e4ea6f028)
03-21 15:09:57.666 27703 27703 F DEBUG   :       #04 pc 00000000008bae48  /apex/com.android.art/lib64/libart.so (art::Runtime::Abort(char const*)+472) (BuildId: fd5a2c5f8b358b60f86c75be198d4bb7)
03-21 15:09:57.666 27703 27703 F DEBUG   :       #05 pc 00000000000155ec  /apex/com.android.art/lib64/libbase.so (android::base::SetAborter(std::__1::function<void (char const*)>&&)::$_0::__invoke(char const*)+76) (BuildId: 32e67ed7eda99a5d57e1ba73e3645f82)
03-21 15:09:57.666 27703 27703 F DEBUG   :       #06 pc 0000000000014b1c  /apex/com.android.art/lib64/libbase.so (android::base::LogMessage::~LogMessage()+540) (BuildId: 32e67ed7eda99a5d57e1ba73e3645f82)
03-21 15:09:57.666 27703 27703 F DEBUG   :       #07 pc 0000000000808154  /apex/com.android.art/lib64/libart.so (art::JNI<false>::FatalError(_JNIEnv*, char const*)+164) (BuildId: fd5a2c5f8b358b60f86c75be198d4bb7)
03-21 15:09:57.666 27703 27703 F DEBUG   :       #08 pc 0000000000018868  /data/app/~~14d5CRvFXbJ2pynpFjt6wQ==/com.zhiliaoapp.musically-sTsIm_2ynyatCSImGO1iPw==/lib/arm64/libwcdb.so (BuildId: b8c480625dee2545b669063c7143497166f24348)
03-21 15:10:05.416  1198  1198 E android.hardware.wifi-service: Failed to open directory: Permission denied
03-21 15:10:05.416  1198  1198 E android.hardware.wifi-service: Error occurred while deleting old tombstone files
03-21 15:10:05.416  1198  1198 E android.hardware.wifi-service: Error writing files to flash
03-21 15:10:06.843  1198  1198 E android.hardware.wifi-service: Failed to open directory: Permission denied
03-21 15:10:06.843  1198  1198 E android.hardware.wifi-service: Error occurred while deleting old tombstone files
03-21 15:10:06.843  1198  1198 E android.hardware.wifi-service: Error writing files to flash
03-21 15:10:08.274  1198  1198 E android.hardware.wifi-service: Failed to open directory: Permission denied
03-21 15:10:08.274  1198  1198 E android.hardware.wifi-service: Error occurred while deleting old tombstone files
03-21 15:10:08.274  1198  1198 E android.hardware.wifi-service: Error writing files to flash
03-21 15:10:24.489  2205  8319 E TransitionChain: Can't collect into a chain with no transition
03-21 15:10:28.127  1736  1736 E wificond: NL80211_CMD_TRIGGER_SCAN failed: Device or resource busy
03-21 15:10:30.137  1736  1736 E wificond: NL80211_CMD_TRIGGER_SCAN failed: Device or resource busy
03-21 15:11:18.098  1736  1736 E wificond: NL80211_CMD_TRIGGER_SCAN failed: Device or resource busy
03-21 15:11:28.591  1736  1736 E wificond: NL80211_CMD_TRIGGER_SCAN failed: Device or resource busy
03-21 15:11:33.601  1736  1736 E wificond: NL80211_CMD_TRIGGER_SCAN failed: Device or resource busy
03-21 15:15:34.567  2205  2205 E AppOps  : attributionTag twilight not declared in manifest of android
03-21 15:15:34.570  2205  2205 E AppOps  : attributionTag twilight not declared in manifest of android
--------- beginning of main
03-21 15:22:49.459 26215 26215 E izg     : unable to fetch app update info
03-21 15:22:49.459 26215 26215 E izg     : pka: -11: Install Error(-11): The request failed because the device does not have an active internet connection. (https://developer.android.com/reference/com/google/android/play/core/install/model/InstallErrorCode#ERROR_NETWORK_ERROR)
03-21 15:22:49.459 26215 26215 E izg     : 	at pjr.c(PG:18)
03-21 15:22:49.459 26215 26215 E izg     : 	at pjv.E(PG:35)
03-21 15:22:49.459 26215 26215 E izg     : 	at gin.onTransact(PG:21)
03-21 15:22:49.459 26215 26215 E izg     : 	at android.os.Binder.execTransactInternal(Binder.java:1426)
03-21 15:22:49.459 26215 26215 E izg     : 	at android.os.Binder.execTransact(Binder.java:1365)
03-21 15:22:49.590  1713  1861 E StagefrightMetadataRetriever: no video track found.
03-21 15:22:49.590  1713  1861 E MetadataRetrieverClient: failed to capture a video frame
03-21 15:22:49.590 26215 31291 E MediaMetadataRetrieverJNI: getFrameAtTime: videoFrame is a NULL pointer
03-21 15:22:49.598  1713  7105 E StagefrightMetadataRetriever: no video track found.
03-21 15:22:49.598  1713  7105 E MetadataRetrieverClient: failed to capture a video frame
03-21 15:22:49.598 26215 31291 E MediaMetadataRetrieverJNI: getFrameAtTime: videoFrame is a NULL pointer
03-21 15:22:49.631  1713  2919 E StagefrightMetadataRetriever: no video track found.
03-21 15:22:49.631  1713  2919 E MetadataRetrieverClient: failed to capture a video frame
03-21 15:22:49.631 26215 31291 E MediaMetadataRetrieverJNI: getFrameAtTime: videoFrame is a NULL pointer
03-21 15:22:49.637  1713  2920 E StagefrightMetadataRetriever: no video track found.
03-21 15:22:49.637  1713  2920 E MetadataRetrieverClient: failed to capture a video frame
03-21 15:22:49.637 26215 31291 E MediaMetadataRetrieverJNI: getFrameAtTime: videoFrame is a NULL pointer
03-21 15:22:49.651  1713  1861 E MetadataRetrieverClient: failed to extract an album art
03-21 15:22:49.651 26215 31291 E MediaMetadataRetrieverJNI: getEmbeddedPicture: Call to getEmbeddedPicture failed.
03-21 15:22:49.667  1713  6920 E StagefrightMetadataRetriever: no video track found.
03-21 15:22:49.667  1713  6920 E MetadataRetrieverClient: failed to capture a video frame
03-21 15:22:49.668 26215 31291 E MediaMetadataRetrieverJNI: getFrameAtTime: videoFrame is a NULL pointer
03-21 15:22:50.896 31370 31386 E BluetoothConnectionManager: Bluetooth is not enabled
03-21 15:22:50.896 31370 31386 E BluetoothMeshService: Failed to start Bluetooth services
03-21 15:22:51.444 26215 31266 E perf_hint: createSessionUsingConfig: PerformanceHint cannot create session. PowerHintSessions are not supported!
03-21 15:22:54.027 26215 31266 E perf_hint: createSessionUsingConfig: PerformanceHint cannot create session. PowerHintSessions are not supported!
03-21 15:22:54.601 31309 31322 E cutils-trace: Error opening trace file: No such file or directory (2)
03-21 15:22:54.603 31309 31309 E ashmem  : Pinning is deprecated since Android Q. Please use trim or other methods.
03-21 15:22:54.603 31309 31322 E DMABUFHEAPS: No ion heap of name ion_system_heap exists
03-21 15:22:54.603 31309 31322 E DMABUFHEAPS: No ion heap of name ion_system_heap exists
03-21 15:22:54.659 31309 31325 E perf_hint: createSessionUsingConfig: PerformanceHint cannot create session. PowerHintSessions are not supported!
03-21 15:22:54.667 31309 31326 E perf_hint: createSessionUsingConfig: PerformanceHint cannot create session. PowerHintSessions are not supported!
03-21 15:22:55.900 31370 31386 E BluetoothConnectionManager: Bluetooth is not enabled
03-21 15:22:55.900 31370 31386 E BluetoothMeshService: Failed to start Bluetooth services
03-21 15:22:58.075  2993  3118 E perf_hint: createSessionUsingConfig: PerformanceHint cannot create session. PowerHintSessions are not supported!
03-21 15:22:59.357  2993  3119 E perf_hint: createSessionUsingConfig: PerformanceHint cannot create session. PowerHintSessions are not supported!
03-21 15:23:00.906 31370 31386 E BluetoothConnectionManager: Bluetooth is not enabled
03-21 15:23:00.906 31370 31386 E BluetoothMeshService: Failed to start Bluetooth services
03-21 15:23:02.218  2993  3118 E perf_hint: createSessionUsingConfig: PerformanceHint cannot create session. PowerHintSessions are not supported!
03-21 15:23:05.912 31370 31386 E BluetoothConnectionManager: Bluetooth is not enabled
03-21 15:23:05.912 31370 31386 E BluetoothMeshService: Failed to start Bluetooth services
03-21 15:23:06.019  2993  3119 E perf_hint: createSessionUsingConfig: PerformanceHint cannot create session. PowerHintSessions are not supported!
03-21 15:23:06.843  2862  2906 E perf_hint: createSessionUsingConfig: PerformanceHint cannot create session. PowerHintSessions are not supported!
03-21 15:23:06.864 29785 31359 E cutils-trace: Error opening trace file: No such file or directory (2)
03-21 15:23:06.869 29785 31359 E DMABUFHEAPS: No ion heap of name ion_system_heap exists
03-21 15:23:06.869 29785 31359 E DMABUFHEAPS: No ion heap of name ion_system_heap exists
03-21 15:23:06.966 29785 29785 E ndroid.settings: Invalid resource ID 0x00000000.
03-21 15:23:06.966 29785 29785 E ndroid.settings: Invalid resource ID 0x00000000.
03-21 15:23:06.967 29785 29785 E ndroid.settings: Invalid resource ID 0x00000000.
03-21 15:23:07.193 29785 31396 E perf_hint: createSessionUsingConfig: PerformanceHint cannot create session. PowerHintSessions are not supported!
03-21 15:23:07.268 31364 31384 E ashmem  : Pinning is deprecated since Android Q. Please use trim or other methods.
03-21 15:23:07.458 29785 31443 E SmsApplication: com.google.android.apps.messaging lost android:read_cell_broadcasts:  (fixing)
03-21 15:23:07.829 29785 31389 E DataProcessor: abnormal entry list in the timestamp:Mar 20, 2026, 15:00:00
03-21 15:23:07.870  1198  1198 E WifiHAL : wifi_get_cached_scan_results: Wifi Cached Scan Result not supported by driver
03-21 15:23:07.870  2205  2741 E WifiStaIfaceAidlImpl: getCachedScanData failed with service-specific exception: android.os.ServiceSpecificException:  (code 4)
03-21 15:23:07.904  1198  1198 E WifiHAL : wifi_get_cached_scan_results: Wifi Cached Scan Result not supported by driver
03-21 15:23:07.904  2205  2741 E WifiStaIfaceAidlImpl: getCachedScanData failed with service-specific exception: android.os.ServiceSpecificException:  (code 4)
03-21 15:23:07.942   825  2482 E android.system.suspend-service: Error reading wakeup3/name: No such device
03-21 15:23:07.942   825  2482 E android.system.suspend-service: Closed the FD.: No such device
03-21 15:23:07.942   825  2482 E android.system.suspend-service: Error reading wakeup3/active_count: No such device
03-21 15:23:07.942   825  2482 E android.system.suspend-service: Closed the FD.: No such device
03-21 15:23:07.942   825  2482 E android.system.suspend-service: Error reading wakeup3/last_change_ms: No such device
03-21 15:23:07.942   825  2482 E android.system.suspend-service: Closed the FD.: No such device
03-21 15:23:07.942   825  2482 E android.system.suspend-service: Error reading wakeup3/max_time_ms: No such device
03-21 15:23:07.942   825  2482 E android.system.suspend-service: Closed the FD.: No such device
03-21 15:23:07.942   825  2482 E android.system.suspend-service: Error reading wakeup3/total_time_ms: No such device
03-21 15:23:07.942   825  2482 E android.system.suspend-service: Closed the FD.: No such device
03-21 15:23:07.942   825  2482 E android.system.suspend-service: Error reading wakeup3/active_time_ms: No such device
03-21 15:23:07.942   825  2482 E android.system.suspend-service: Closed the FD.: No such device
03-21 15:23:07.942   825  2482 E android.system.suspend-service: Error reading wakeup3/event_count: No such device
03-21 15:23:07.942   825  2482 E android.system.suspend-service: Closed the FD.: No such device
03-21 15:23:07.942   825  2482 E android.system.suspend-service: Error reading wakeup3/expire_count: No such device
03-21 15:23:07.942   825  2482 E android.system.suspend-service: Closed the FD.: No such device
03-21 15:23:07.943   825  2482 E android.system.suspend-service: Error reading wakeup3/prevent_suspend_time_ms: No such device
03-21 15:23:07.943   825  2482 E android.system.suspend-service: Closed the FD.: No such device
03-21 15:23:07.943   825  2482 E android.system.suspend-service: Error reading wakeup3/wakeup_count: No such device
03-21 15:23:07.943   825  2482 E android.system.suspend-service: Closed the FD.: No such device
