03-21 16:15:39.023  2862  2879 V WindowManagerShell: Transition requested (#459): android.os.BinderProxy@1dca3eb TransitionRequestInfo { type = OPEN, triggerTask = TaskInfo{userId=0 taskId=273 effectiveUid=10558 displayId=0 isRunning=true baseIntent=Intent { act=android.intent.action.MAIN cat=[android.intent.category.LAUNCHER] flg=0x10200000 cmp=com.google.android.apps.nbu.files/.home.HomeActivity } baseActivity=ComponentInfo{com.google.android.apps.nbu.files/com.google.android.apps.nbu.files.home.HomeActivity} topActivity=ComponentInfo{com.google.android.packageinstaller/com.android.packageinstaller.InstallStart} origActivity=null realActivity=ComponentInfo{com.google.android.apps.nbu.files/com.google.android.apps.nbu.files.home.HomeActivity} numActivities=3 lastActiveTime=92973851 supportsMultiWindow=true resizeMode=1 isResizeable=true minWidth=-1 minHeight=-1 defaultMinSize=220 token=WCT{android.window.IWindowContainerToken$Stub$Proxy@7a59548} topActivityType=1 pictureInPictureParams=null shouldDockBigOverlays=false launchIntoPipHostTaskId=-1 lastParentTaskIdBeforePip=-1 displayCutoutSafeInsets=Rect(0, 0 - 0, 0) topActivityInfo=ActivityInfo{2acafe1 com.android.packageinstaller.InstallStart} launchCookies=[android.os.BinderProxy@d417aad, android.os.BinderProxy@9748e55] positionInParent=Point(0, 0) parentTaskId=-1 isFocused=true isVisible=true isVisibleRequested=true isTopActivityNoDisplay=false isSleeping=false locusId=null displayAreaFeatureId=1 isTopActivityTransparent=true isActivityStackTransparent=false lastNonFullscreenBounds=Rect(273, 645 - 808, 1725) capturedLink=null capturedLinkTimestamp=0 requestedVisibleTypes=-9 topActivityRequestOpenInBrowserEducationTimestamp=0 appCompatTaskInfo=AppCompatTaskInfo { topActivityInSizeCompat=false eligibleForLetterboxEducation= false isLetterboxEducationEnabled= false isLetterboxDoubleTapEnabled= false eligibleForUserAspectRatioButton= false topActivityBoundsLetterboxed= false isFromLetterboxDoubleTap= false topActivityLetterboxVerticalPosition= -1 topActivityLetterboxHorizontalPosition= -1 topActivityLetterboxWidth=-1 topActivityLetterboxHeight=-1 topActivityAppBounds=Rect(0, 0 - 1080, 2340) isUserFullscreenOverrideEnabled=false isSystemFullscreenOverrideEnabled=false hasMinAspectRatioOverride=false topActivityLetterboxBounds=null cameraCompatTaskInfo=CameraCompatTaskInfo { freeformCameraCompatMode=inactive}} topActivityMainWindowFrame=null}, pipChange = null, remoteTransition = null, displayChange = null, flags = 0, debugId = 459 }
03-21 16:15:39.023  2862  2879 D ShellSplitScreen: logExit: no-op, mLoggerSessionId is null
03-21 16:15:39.028  2205  2805 D BackgroundInstallControlService: Package event received: 0
03-21 16:15:39.042  2205  2278 I ActivityManager: Start proc 6634:com.google.android.packageinstaller/u0a481 for next-top-activity {com.google.android.packageinstaller/com.android.packageinstaller.InstallStart}
03-21 16:15:39.042  2205  2278 I ActivityManager: ProcessObserver broadcast disabled
03-21 16:15:39.059  2205  2805 D BackgroundInstallControlService: Package event received: 0
03-21 16:15:39.075  2205  2805 D BackgroundInstallControlService: Package event received: 0
03-21 16:15:39.075  2205  2805 D BackgroundInstallControlService: Package event received: 0
03-21 16:15:39.076  6634  6646 I DisplayManager: Choreographer implicitly registered for the refresh rate.
03-21 16:15:39.076  2205  2649 V DisplayManagerService: FrozenStateChangeCallback not supported for pid 6634
03-21 16:15:39.089  2205  8311 D CompatChangeReporter: Compat change id reported: 358129114; UID 10481; state: ENABLED
03-21 16:15:39.093  2205  8311 I ActivityTaskManager: START u0 {act=android.content.pm.action.CONFIRM_INSTALL flg=0x2010001 xflg=0x4 pkg=com.google.android.packageinstaller cmp=com.google.android.packageinstaller/com.android.packageinstaller.PackageInstallerActivity (has extras)} with LAUNCH_MULTIPLE from uid 10481 (sr=111626670) (BAL_ALLOW_VISIBLE_WINDOW) result code=0
03-21 16:15:39.098  2205  2805 D BackgroundInstallControlService: Package event received: 0
03-21 16:15:39.100  2205  2805 D BackgroundInstallControlService: Package event received: 0
03-21 16:15:39.100  2205  2805 D BackgroundInstallControlService: Package event received: 0
03-21 16:15:39.105  6634  6634 I AconfigFlags: Using new flag storage
03-21 16:15:39.107  6634  6634 V Configuration: Updating configuration, locales updated from [] to [en_US_#u-mu-celsius]
03-21 16:15:39.187  2862  2874 V WindowManagerShell: onTransitionReady(transaction=9470402910646)
03-21 16:15:39.187  2862  2879 V WindowManagerShell: onTransitionReady (#459) android.os.BinderProxy@1dca3eb: {id=459 t=OPEN f=0x0 trk=0 r=[0@Point(0, 0)] c=[
03-21 16:15:39.187  2862  2879 V WindowManagerShell:         {m=OPEN f=TRANSLUCENT|FILLS_TASK|NO_ANIMATION leash=Surface(name=ActivityRecord{142128213 u0 com.google.android.packageinstaller/com.android.packageinstaller.PackageInstallerActivity)/@0x6d27a19 sb=Rect(0, 0 - 0, 0) eb=Rect(0, 0 - 1080, 2340) epz=Point(1080, 2340) d=-1->0 r=-1->0:-1 bc=ff271e1a component=com.google.android.packageinstaller/com.android.packageinstaller.PackageInstallerActivity}
03-21 16:15:39.187  2862  2879 V WindowManagerShell:     ]}
03-21 16:15:39.187  2862  2879 V WindowManagerShell: Playing animation for (#459) android.os.BinderProxy@1dca3eb@0
03-21 16:15:39.187  2862  2879 V ShellRecents: RecentsTransitionHandler.startAnimation: no controller found
03-21 16:15:39.187  2862  2879 V WindowManagerShell: Transition doesn't have explicit remote, search filters for match for {id=459 t=OPEN f=0x0 trk=0 r=[0@Point(0, 0)] c=[{m=OPEN f=TRANSLUCENT|FILLS_TASK|NO_ANIMATION leash=Surface(name=ActivityRecord{142128213 u0 com.google.android.packageinstaller/com.android.packageinstaller.PackageInstallerActivity)/@0x6d27a19 sb=Rect(0, 0 - 0, 0) eb=Rect(0, 0 - 1080, 2340) epz=Point(1080, 2340) d=-1->0 r=-1->0:-1 bc=ff271e1a component=com.google.android.packageinstaller/com.android.packageinstaller.PackageInstallerActivity}]}
03-21 16:15:39.187  2862  2879 V WindowManagerShell:  Checking filter Pair{{types=[] flags=0x0] notFlags=0x0 checks=[{atype=undefined independent=true modes=[CLOSE,TO_BACK] flags=IN_TASK_WITH_EMBEDDED_ACTIVITY mustBeTask=false order=ANY topActivity=null launchCookie=null taskFragmentToken=android.os.BinderProxy@3c01a92 windowingMode=undefined}]} RemoteTransition { remoteTransition = android.window.IRemoteTransition$Stub$Proxy@fcffc63, appThread = android.app.IApplicationThread$Stub$Proxy@206d060, debugName = overlayBackTransition }}
03-21 16:15:39.187  2862  2879 V WindowManagerShell:  Checking filter Pair{{types=[] flags=0x0] notFlags=0x0 checks=[{atype=dream independent=true modes=[OPEN,TO_FRONT] flags=NONE mustBeTask=false order=ANY topActivity=null launchCookie=null windowingMode=undefined},{atype=home independent=true modes=[CLOSE,TO_BACK] flags=NONE mustBeTask=false order=ANY topActivity=null launchCookie=null windowingMode=undefined}]} RemoteTransition { remoteTransition = android.window.IRemoteTransition$Stub$Proxy@aa42919, appThread = android.app.IApplicationThread$Stub$Proxy@ec14dde, debugName = LauncherToDream }}
03-21 16:15:39.188  2862  2879 V WindowManagerShell:  Checking filter Pair{{types=[] flags=0x0] notFlags=0x100 checks=[{atype=home independent=true modes=[OPEN,TO_FRONT] flags=NONE mustBeTask=false order=TOP topActivity=ComponentInfo{com.google.android.apps.nexuslauncher/com.google.android.apps.nexuslauncher.NexusLauncherActivity} launchCookie=null windowingMode=undefined},{atype=standard independent=true modes=[CLOSE,TO_BACK] flags=NONE mustBeTask=false order=ANY topActivity=null launchCookie=null windowingMode=undefined},{NOT atype=undefined independent=true modes=[] flags=NONE mustBeTask=true order=ANY topActivity=null launchCookie=null customAnim=true windowingMode=undefined}]} RemoteTransition { remoteTransition = android.window.IRemoteTransition$Stub$Proxy@5bbfbbf, appThread = android.app.IApplicationThread$Stub$Proxy@c78928c, debugName = QuickstepLaunchHome }}
03-21 16:15:39.188  2862  2879 V WindowManagerShell:  Delegate animation for (#459) to null
03-21 16:15:39.188  2862  2879 V WindowManagerShell: start default transition animation, info = {id=459 t=OPEN f=0x0 trk=0 r=[0@Point(0, 0)] c=[{m=OPEN f=TRANSLUCENT|FILLS_TASK|NO_ANIMATION leash=Surface(name=ActivityRecord{142128213 u0 com.google.android.packageinstaller/com.android.packageinstaller.PackageInstallerActivity)/@0x6d27a19 sb=Rect(0, 0 - 0, 0) eb=Rect(0, 0 - 1080, 2340) epz=Point(1080, 2340) d=-1->0 r=-1->0:-1 bc=ff271e1a component=com.google.android.packageinstaller/com.android.packageinstaller.PackageInstallerActivity}]}
03-21 16:15:39.188  2862  2879 V WindowManagerShell: Transition animation finished (aborted=false), notifying core (#459) android.os.BinderProxy@1dca3eb@0
03-21 16:15:39.189  2862  2879 V WindowManagerShell: Track 0 became idle
03-21 16:15:39.189  2862  2879 V WindowManagerShell: All active transition animations finished
03-21 16:15:39.189  2862  2879 V WindowManagerShell:  animated by com.android.wm.shell.transition.DefaultTransitionHandler@f9036fa
03-21 16:15:39.189  2862  2879 V WindowManagerShell: Track 0 became idle
03-21 16:15:39.189  2862  2879 V WindowManagerShell: All active transition animations finished
03-21 16:15:39.191  2205  2266 V WindowManager: Sent Transition (#459) createdAt=03-21 16:15:39.019 via request=TransitionRequestInfo { type = OPEN, triggerTask = TaskInfo{userId=0 taskId=273 effectiveUid=10558 displayId=0 isRunning=true baseIntent=Intent { act=android.intent.action.MAIN cat=[android.intent.category.LAUNCHER] flg=0x10200000 cmp=com.google.android.apps.nbu.files/.home.HomeActivity } baseActivity=ComponentInfo{com.google.android.apps.nbu.files/com.google.android.apps.nbu.files.home.HomeActivity} topActivity=ComponentInfo{com.google.android.packageinstaller/com.android.packageinstaller.InstallStart} origActivity=null realActivity=ComponentInfo{com.google.android.apps.nbu.files/com.google.android.apps.nbu.files.home.HomeActivity} numActivities=3 lastActiveTime=92973851 supportsMultiWindow=true resizeMode=1 isResizeable=true minWidth=-1 minHeight=-1 defaultMinSize=220 token=WCT{RemoteToken{e8f7968 Task{481ae4d #273 type=standard A=10558:com.google.android.apps.nbu.files}}} topActivityType=1 pictureInPictureParams=null shouldDockBigOverlays=false launchIntoPipHostTaskId=-1 lastParentTaskIdBeforePip=-1 displayCutoutSafeInsets=Rect(0, 0 - 0, 0) topActivityInfo=ActivityInfo{4477bb1 com.android.packageinstaller.InstallStart} launchCookies=[android.os.BinderProxy@32df09f, android.os.BinderProxy@f8d7226] positionInParent=Point(0, 0) parentTaskId=-1 isFocused=true isVisible=true isVisibleRequested=true isTopActivityNoDisplay=false isSleeping=false locusId=null displayAreaFeatureId=1 isTopActivityTransparent=true isActivityStackTransparent=false lastNonFullscreenBounds=Rect(273, 645 - 808, 1725) capturedLink=null capturedLinkTimestamp=0 requestedVisibleTypes=-9 topActivityRequestOpenInBrowserEducationTimestamp=0 appCompatTaskInfo=AppCompatTaskInfo { topActivityInSizeCompat=false eligibleForLetterboxEducation= false isLetterboxEducationEnabled= false isLetterboxDoubleTapEnabled= false eligibleForUserAspectRatioButton= false topActivityBoundsLetterboxed= false isFromLetterboxDoubleTap= false topActivityLetterboxVerticalPosition= -1 topActivityLetterboxHorizontalPosition= -1 topActivityLetterboxWidth=-1 topActivityLetterboxHeight=-1 topActivityAppBounds=Rect(0, 0 - 1080, 2340) isUserFullscreenOverrideEnabled=false isSystemFullscreenOverrideEnabled=false hasMinAspectRatioOverride=false topActivityLetterboxBounds=null cameraCompatTaskInfo=CameraCompatTaskInfo { freeformCameraCompatMode=inactive}} topActivityMainWindowFrame=null}, pipChange = null, remoteTransition = null, displayChange = null, flags = 0, debugId = 459 }
03-21 16:15:39.191  2205  2266 V WindowManager:     startWCT=WindowContainerTransaction { changes= {} hops= [] errorCallbackToken=null taskFragmentOrganizer=null }
03-21 16:15:39.191  2205  2266 V WindowManager:     info={id=459 t=OPEN f=0x0 trk=0 r=[0@Point(0, 0)] c=[
03-21 16:15:39.191  2205  2266 V WindowManager:         {m=OPEN f=TRANSLUCENT|FILLS_TASK|NO_ANIMATION leash=Surface(name=ActivityRecord{142128213 u0 com.google.android.packageinstaller/com.android.packageinstaller.PackageInstallerActivity)/@0x55b0135 sb=Rect(0, 0 - 0, 0) eb=Rect(0, 0 - 1080, 2340) epz=Point(1080, 2340) d=-1->0 r=-1->0:-1 bc=ff271e1a component=com.google.android.packageinstaller/com.android.packageinstaller.PackageInstallerActivity}
03-21 16:15:39.191  2205  2266 V WindowManager:     ]}
03-21 16:15:39.191  2205  2266 V WindowManager: Finish Transition (#459): created at 03-21 16:15:39.019 collect-started=0.062ms request-sent=3.883ms started=5.558ms ready=80.5ms sent=167.431ms finished=169.935ms
03-21 16:15:39.192  2205  2266 I UsbPortManager: USB HAL HIDL version: 10
03-21 16:15:39.192  2205  2266 D UsbDeviceManager: Clear notification
03-21 16:15:39.195  2205  2277 D ActivityManager: sync unfroze 6366 net.androgames.compass for 3
03-21 16:15:39.204  2205  2805 D BackgroundInstallControlService: Package event received: 0
03-21 16:15:39.396  2205  2205 I NotificationService: Cannot find enqueued record for key: -1|android|1|-1|android|g:Aggregate_SilentSection|1000|-1|android|g:Aggregate_SilentSection
03-21 16:15:39.843  2862  2879 V WindowManagerShell: Transition requested (#460): android.os.BinderProxy@9d5d38d TransitionRequestInfo { type = CLOSE, triggerTask = null, pipChange = null, remoteTransition = null, displayChange = null, flags = 0, debugId = 460 }
03-21 16:15:39.861  2205  2805 D BackgroundInstallControlService: Package event received: 0
03-21 16:15:39.866  2205  2805 D BackgroundInstallControlService: Package event received: 0
03-21 16:15:39.866  2205  2805 D BackgroundInstallControlService: Package event received: 0
03-21 16:15:39.866  2205  2805 D BackgroundInstallControlService: Package event received: 0
03-21 16:15:39.867  2862  2910 V WindowManagerShell: onTransitionReady(transaction=9470402910677)
03-21 16:15:39.867  2205  2269 V WindowManager: Unknown focus tokens, dropping reportFocusChanged
03-21 16:15:39.867  2205  2266 V WindowManager: Sent Transition (#460) createdAt=03-21 16:15:39.843 via request=TransitionRequestInfo { type = CLOSE, triggerTask = null, pipChange = null, remoteTransition = null, displayChange = null, flags = 0, debugId = 460 }
03-21 16:15:39.867  2205  2266 V WindowManager:     startWCT=WindowContainerTransaction { changes= {} hops= [] errorCallbackToken=null taskFragmentOrganizer=null }
03-21 16:15:39.867  2205  2266 V WindowManager:     info={id=460 t=CLOSE f=0x0 trk=0 r=[0@Point(0, 0)] c=[
03-21 16:15:39.867  2205  2266 V WindowManager:         {m=CLOSE f=TRANSLUCENT|FILLS_TASK leash=Surface(name=ActivityRecord{142128213 u0 com.google.android.packageinstaller/com.android.packageinstaller.PackageInstallerActivity)/@0x55b0135 sb=Rect(0, 0 - 1080, 2340) eb=Rect(0, 0 - 1080, 2340) epz=Point(1080, 2340) d=0 bc=ff271e1a component=com.google.android.packageinstaller/com.android.packageinstaller.PackageInstallerActivity}
03-21 16:15:39.867  2205  2266 V WindowManager:     ]}
03-21 16:15:39.868  2862  2879 V WindowManagerShell: onTransitionReady (#460) android.os.BinderProxy@9d5d38d: {id=460 t=CLOSE f=0x0 trk=0 r=[0@Point(0, 0)] c=[
03-21 16:15:39.868  2862  2879 V WindowManagerShell:         {m=CLOSE f=TRANSLUCENT|FILLS_TASK leash=Surface(name=ActivityRecord{142128213 u0 com.google.android.packageinstaller/com.android.packageinstaller.PackageInstallerActivity)/@0x28e3942 sb=Rect(0, 0 - 1080, 2340) eb=Rect(0, 0 - 1080, 2340) epz=Point(1080, 2340) d=0 bc=ff271e1a component=com.google.android.packageinstaller/com.android.packageinstaller.PackageInstallerActivity}
03-21 16:15:39.868  2862  2879 V WindowManagerShell:     ]}
03-21 16:15:39.868  2862  2879 V WindowManagerShell: Playing animation for (#460) android.os.BinderProxy@9d5d38d@0
03-21 16:15:39.868  2862  2879 V ShellRecents: RecentsTransitionHandler.startAnimation: no controller found
03-21 16:15:39.868  2862  2879 V WindowManagerShell: Transition doesn't have explicit remote, search filters for match for {id=460 t=CLOSE f=0x0 trk=0 r=[0@Point(0, 0)] c=[{m=CLOSE f=TRANSLUCENT|FILLS_TASK leash=Surface(name=ActivityRecord{142128213 u0 com.google.android.packageinstaller/com.android.packageinstaller.PackageInstallerActivity)/@0x28e3942 sb=Rect(0, 0 - 1080, 2340) eb=Rect(0, 0 - 1080, 2340) epz=Point(1080, 2340) d=0 bc=ff271e1a component=com.google.android.packageinstaller/com.android.packageinstaller.PackageInstallerActivity}]}
03-21 16:15:39.868  2862  2879 V WindowManagerShell:  Checking filter Pair{{types=[] flags=0x0] notFlags=0x0 checks=[{atype=undefined independent=true modes=[CLOSE,TO_BACK] flags=IN_TASK_WITH_EMBEDDED_ACTIVITY mustBeTask=false order=ANY topActivity=null launchCookie=null taskFragmentToken=android.os.BinderProxy@3c01a92 windowingMode=undefined}]} RemoteTransition { remoteTransition = android.window.IRemoteTransition$Stub$Proxy@fcffc63, appThread = android.app.IApplicationThread$Stub$Proxy@206d060, debugName = overlayBackTransition }}
03-21 16:15:39.868  2862  2879 V WindowManagerShell:  Checking filter Pair{{types=[] flags=0x0] notFlags=0x0 checks=[{atype=dream independent=true modes=[OPEN,TO_FRONT] flags=NONE mustBeTask=false order=ANY topActivity=null launchCookie=null windowingMode=undefined},{atype=home independent=true modes=[CLOSE,TO_BACK] flags=NONE mustBeTask=false order=ANY topActivity=null launchCookie=null windowingMode=undefined}]} RemoteTransition { remoteTransition = android.window.IRemoteTransition$Stub$Proxy@aa42919, appThread = android.app.IApplicationThread$Stub$Proxy@ec14dde, debugName = LauncherToDream }}
03-21 16:15:39.869  2862  2879 V WindowManagerShell:  Checking filter Pair{{types=[] flags=0x0] notFlags=0x100 checks=[{atype=home independent=true modes=[OPEN,TO_FRONT] flags=NONE mustBeTask=false order=TOP topActivity=ComponentInfo{com.google.android.apps.nexuslauncher/com.google.android.apps.nexuslauncher.NexusLauncherActivity} launchCookie=null windowingMode=undefined},{atype=standard independent=true modes=[CLOSE,TO_BACK] flags=NONE mustBeTask=false order=ANY topActivity=null launchCookie=null windowingMode=undefined},{NOT atype=undefined independent=true modes=[] flags=NONE mustBeTask=true order=ANY topActivity=null launchCookie=null customAnim=true windowingMode=undefined}]} RemoteTransition { remoteTransition = android.window.IRemoteTransition$Stub$Proxy@5bbfbbf, appThread = android.app.IApplicationThread$Stub$Proxy@c78928c, debugName = QuickstepLaunchHome }}
03-21 16:15:39.869  2862  2879 V WindowManagerShell:  Delegate animation for (#460) to null
03-21 16:15:39.869  2862  2879 V WindowManagerShell: start default transition animation, info = {id=460 t=CLOSE f=0x0 trk=0 r=[0@Point(0, 0)] c=[{m=CLOSE f=TRANSLUCENT|FILLS_TASK leash=Surface(name=ActivityRecord{142128213 u0 com.google.android.packageinstaller/com.android.packageinstaller.PackageInstallerActivity)/@0x28e3942 sb=Rect(0, 0 - 1080, 2340) eb=Rect(0, 0 - 1080, 2340) epz=Point(1080, 2340) d=0 bc=ff271e1a component=com.google.android.packageinstaller/com.android.packageinstaller.PackageInstallerActivity}]}
03-21 16:15:39.869  2862  2879 V WindowManagerShell: loadAnimation: anim=null animAttr=0x7 type=CLOSE isEntrance=false
03-21 16:15:39.870  2862  2879 V WindowManagerShell: Transition animation finished (aborted=false), notifying core (#460) android.os.BinderProxy@9d5d38d@0
03-21 16:15:39.871  2205  2266 V WindowManager: Finish Transition (#460): created at 03-21 16:15:39.843 collect-started=0.066ms request-sent=0.129ms started=4.431ms ready=20.723ms sent=23.189ms finished=27.754ms
03-21 16:15:39.872  2862  2879 V WindowManagerShell: Track 0 became idle
03-21 16:15:39.872  2862  2879 V WindowManagerShell: All active transition animations finished
03-21 16:15:39.872  2862  2879 V WindowManagerShell:  animated by com.android.wm.shell.transition.DefaultTransitionHandler@f9036fa
03-21 16:15:39.872  2862  2879 V WindowManagerShell: Track 0 became idle
03-21 16:15:39.872  2862  2879 V WindowManagerShell: All active transition animations finished
03-21 16:15:39.888  1205  5831 V Configuration: Updating configuration, locales updated from [] to [en_US_#u-mu-celsius]
03-21 16:15:39.899  2205  2805 D BackgroundInstallControlService: Package event received: 0
03-21 16:15:40.178  2205  2612 I PackageManager: Continuing with installation of file:///data/app/vmdl1478549556.tmp
03-21 16:15:40.178  2205  2648 D InstallDependencyHelper: No missing dependency for com.airudra00.gorakhchat
03-21 16:15:40.182  2205  2612 V Configuration: Updating configuration, locales updated from [] to [en_US_#u-mu-celsius]
03-21 16:15:40.185  2205  2612 D BusyPackages: adding com.airudra00.gorakhchat to mBusyPackages
03-21 16:15:40.186  2205  2612 I PackageManager: Update package com.airudra00.gorakhchat code path from /data/app/~~YG3eApvdQ-ENXZDrIaUNQw==/com.airudra00.gorakhchat-W0LOAQ63biy6mRKhFcdZ1w== to /data/app/vmdl1478549556.tmp; Retain data and using new
03-21 16:15:41.079  2205  2612 I AppsFilter: interaction: PackageSetting{7129bf3 com.gorakhscanner.app/10011} -> PackageSetting{b6ed537 com.airudra00.gorakhchat/10696} BLOCKED
03-21 16:15:41.081  2205  2612 I AppsFilter: interaction: PackageSetting{7129bf3 com.gorakhscanner.app/10011} -> PackageSetting{98d3c6b com.airudra00.gorakhchat/10696} BLOCKED
03-21 16:15:41.206  2205  2277 I ActivityManager: Force stopping com.airudra00.gorakhchat appid=10696 user=-1: installPackageLI
03-21 16:15:41.207  2205  2277 I ActivityManager: Killing 6118:com.airudra00.gorakhchat/u0a696 (adj 700): stop com.airudra00.gorakhchat due to installPackageLI
03-21 16:15:41.209  2205  2277 W ActivityTaskManager: Force removing ActivityRecord{206179670 u0 com.airudra00.gorakhchat/.MainActivity t289 f}}: app died, no saved state
03-21 16:15:41.209  2205  2691 W UsageStatsService: Unexpected activity event reported! (com.airudra00.gorakhchat/com.airudra00.gorakhchat.MainActivity event : 23 instanceId : 112020164)
03-21 16:15:41.211  2205  2612 D BusyPackages: calling removeFromBusyPackages() from actionsAfterDexopt
03-21 16:15:41.211  2205  2612 D BusyPackages: removing com.airudra00.gorakhchat from mBusyPackages
03-21 16:15:41.211  2205  2612 I PackageManager: installation completed for package:com.airudra00.gorakhchat. Final code path: /data/app/~~ar9GkrOtSxNSRqQRukwGFQ==/com.airudra00.gorakhchat-Rye2UGCXwm9a8AwVME5xzw==
03-21 16:15:41.212  2205  2612 I AppsFilter: interaction: PackageSetting{524fc59 com.gorakhscanner.app/10011} -> PackageSetting{34b14d4 com.airudra00.gorakhchat/10696} BLOCKED
03-21 16:15:41.218  2205  2612 I ActivityManager: Force stopping com.airudra00.gorakhchat appid=10696 user=0: pkg removed
03-21 16:15:41.221  2205  2612 I ActivityManager: Force stopping com.airudra00.gorakhchat appid=10696 user=0: pkg removed
03-21 16:15:41.242  1468  1468 D ActivityThread: Package [com.airudra00.gorakhchat] reported as REPLACED, but missing application info. Assuming REMOVED.
03-21 16:15:41.242 31124 31124 D ActivityThread: Package [com.airudra00.gorakhchat] reported as REPLACED, but missing application info. Assuming REMOVED.
03-21 16:15:41.242  3170  3170 D ActivityThread: Package [com.airudra00.gorakhchat] reported as REPLACED, but missing application info. Assuming REMOVED.
03-21 16:15:41.242  3173  3173 D ActivityThread: Package [com.airudra00.gorakhchat] reported as REPLACED, but missing application info. Assuming REMOVED.
03-21 16:15:41.243  4063  4063 D ActivityThread: Package [com.airudra00.gorakhchat] reported as REPLACED, but missing application info. Assuming REMOVED.
03-21 16:15:41.243  3941  3941 D ActivityThread: Package [com.airudra00.gorakhchat] reported as REPLACED, but missing application info. Assuming REMOVED.
03-21 16:15:41.243  3912  3912 D ActivityThread: Package [com.airudra00.gorakhchat] reported as REPLACED, but missing application info. Assuming REMOVED.
03-21 16:15:41.243  3955  3955 D ActivityThread: Package [com.airudra00.gorakhchat] reported as REPLACED, but missing application info. Assuming REMOVED.
03-21 16:15:41.243  3941  3941 D ActivityThread: Package [com.airudra00.gorakhchat] reported as REPLACED, but missing application info. Assuming REMOVED.
03-21 16:15:41.243  3941  3941 D ActivityThread: Package [com.airudra00.gorakhchat] reported as REPLACED, but missing application info. Assuming REMOVED.
03-21 16:15:41.244  4049  4049 D ActivityThread: Package [com.airudra00.gorakhchat] reported as REPLACED, but missing application info. Assuming REMOVED.
03-21 16:15:41.244  4205  4205 D ActivityThread: Package [com.airudra00.gorakhchat] reported as REPLACED, but missing application info. Assuming REMOVED.
03-21 16:15:41.244  3344  3344 D ActivityThread: Package [com.airudra00.gorakhchat] reported as REPLACED, but missing application info. Assuming REMOVED.
03-21 16:15:41.244  3146  3146 D ActivityThread: Package [com.airudra00.gorakhchat] reported as REPLACED, but missing application info. Assuming REMOVED.
03-21 16:15:41.244  4205  4205 D ActivityThread: Package [com.airudra00.gorakhchat] reported as REPLACED, but missing application info. Assuming REMOVED.
03-21 16:15:41.244  4205  4205 D ActivityThread: Package [com.airudra00.gorakhchat] reported as REPLACED, but missing application info. Assuming REMOVED.
03-21 16:15:41.244  2205  2612 D PackageInstallerSession: Marking session 1478549556 as applied
03-21 16:15:41.245  4011  4011 D ActivityThread: Package [com.airudra00.gorakhchat] reported as REPLACED, but missing application info. Assuming REMOVED.
03-21 16:15:41.245  3948  3948 D ActivityThread: Package [com.airudra00.gorakhchat] reported as REPLACED, but missing application info. Assuming REMOVED.
03-21 16:15:41.245  3121  3121 D ActivityThread: Package [com.airudra00.gorakhchat] reported as REPLACED, but missing application info. Assuming REMOVED.
03-21 16:15:41.245  3515  3515 D ActivityThread: Package [com.airudra00.gorakhchat] reported as REPLACED, but missing application info. Assuming REMOVED.
03-21 16:15:41.245  3103  3103 D ActivityThread: Package [com.airudra00.gorakhchat] reported as REPLACED, but missing application info. Assuming REMOVED.
03-21 16:15:41.245  4027  4027 D ActivityThread: Package [com.airudra00.gorakhchat] reported as REPLACED, but missing application info. Assuming REMOVED.
03-21 16:15:41.246  3063  3063 D ActivityThread: Package [com.airudra00.gorakhchat] reported as REPLACED, but missing application info. Assuming REMOVED.
03-21 16:15:41.246  3170  3170 D ActivityThread: Package [com.airudra00.gorakhchat] reported as REPLACED, but missing application info. Assuming REMOVED.
03-21 16:15:41.246 28689 28689 D ActivityThread: Package [com.airudra00.gorakhchat] reported as REPLACED, but missing application info. Assuming REMOVED.
03-21 16:15:41.246  4089  4089 D ActivityThread: Package [com.airudra00.gorakhchat] reported as REPLACED, but missing application info. Assuming REMOVED.
03-21 16:15:41.246  3498  3498 D ActivityThread: Package [com.airudra00.gorakhchat] reported as REPLACED, but missing application info. Assuming REMOVED.
03-21 16:15:41.246  3924  3924 D ActivityThread: Package [com.airudra00.gorakhchat] reported as REPLACED, but missing application info. Assuming REMOVED.
03-21 16:15:41.246  5403  5403 D ActivityThread: Package [com.airudra00.gorakhchat] reported as REPLACED, but missing application info. Assuming REMOVED.
03-21 16:15:41.246  3515  3515 D ActivityThread: Package [com.airudra00.gorakhchat] reported as REPLACED, but missing application info. Assuming REMOVED.
03-21 16:15:41.246  3063  3063 D ActivityThread: Package [com.airudra00.gorakhchat] reported as REPLACED, but missing application info. Assuming REMOVED.
03-21 16:15:41.246  3146  3146 D ActivityThread: Package [com.airudra00.gorakhchat] reported as REPLACED, but missing application info. Assuming REMOVED.
03-21 16:15:41.247  3059  3059 D ActivityThread: Package [com.airudra00.gorakhchat] reported as REPLACED, but missing application info. Assuming REMOVED.
03-21 16:15:41.247  4089  4089 D ActivityThread: Package [com.airudra00.gorakhchat] reported as REPLACED, but missing application info. Assuming REMOVED.
03-21 16:15:41.247  3089  3089 D ActivityThread: Package [com.airudra00.gorakhchat] reported as REPLACED, but missing application info. Assuming REMOVED.
03-21 16:15:41.247  3146  3146 D ActivityThread: Package [com.airudra00.gorakhchat] reported as REPLACED, but missing application info. Assuming REMOVED.
03-21 16:15:41.247  3924  3924 D ActivityThread: Package [com.airudra00.gorakhchat] reported as REPLACED, but missing application info. Assuming REMOVED.
03-21 16:15:41.247  3498  3498 D ActivityThread: Package [com.airudra00.gorakhchat] reported as REPLACED, but missing application info. Assuming REMOVED.
03-21 16:15:41.247 26215 26215 D ActivityThread: Package [com.airudra00.gorakhchat] reported as REPLACED, but missing application info. Assuming REMOVED.
03-21 16:15:41.247  4053  4053 D ActivityThread: Package [com.airudra00.gorakhchat] reported as REPLACED, but missing application info. Assuming REMOVED.
03-21 16:15:41.247 26215 26215 D ActivityThread: Package [com.airudra00.gorakhchat] reported as REPLACED, but missing application info. Assuming REMOVED.
03-21 16:15:41.247  3059  3059 D ActivityThread: Package [com.airudra00.gorakhchat] reported as REPLACED, but missing application info. Assuming REMOVED.
03-21 16:15:41.247  2993  2993 D ActivityThread: Package [com.airudra00.gorakhchat] reported as REPLACED, but missing application info. Assuming REMOVED.
03-21 16:15:41.247  3498  3498 D ActivityThread: Package [com.airudra00.gorakhchat] reported as REPLACED, but missing application info. Assuming REMOVED.
03-21 16:15:41.247 26215 26215 D ActivityThread: Package [com.airudra00.gorakhchat] reported as REPLACED, but missing application info. Assuming REMOVED.
03-21 16:15:41.248  3515  3515 D ActivityThread: Package [com.airudra00.gorakhchat] reported as REPLACED, but missing application info. Assuming REMOVED.
03-21 16:15:41.248  3935  3935 D ActivityThread: Package [com.airudra00.gorakhchat] reported as REPLACED, but missing application info. Assuming REMOVED.
03-21 16:15:41.248  4049  4049 D ActivityThread: Package [com.airudra00.gorakhchat] reported as REPLACED, but missing application info. Assuming REMOVED.
03-21 16:15:41.248  3063  3063 D ActivityThread: Package [com.airudra00.gorakhchat] reported as REPLACED, but missing application info. Assuming REMOVED.
03-21 16:15:41.248  3103  3103 D ActivityThread: Package [com.airudra00.gorakhchat] reported as REPLACED, but missing application info. Assuming REMOVED.
03-21 16:15:41.248  3005  3005 D ActivityThread: Package [com.airudra00.gorakhchat] reported as REPLACED, but missing application info. Assuming REMOVED.
03-21 16:15:41.248  3924  3924 D ActivityThread: Package [com.airudra00.gorakhchat] reported as REPLACED, but missing application info. Assuming REMOVED.
03-21 16:15:41.249  4089  4089 D ActivityThread: Package [com.airudra00.gorakhchat] reported as REPLACED, but missing application info. Assuming REMOVED.
03-21 16:15:41.249  6634  6634 D ActivityThread: Package [com.airudra00.gorakhchat] reported as REPLACED, but missing application info. Assuming REMOVED.
03-21 16:15:41.249  3049  3049 D ActivityThread: Package [com.airudra00.gorakhchat] reported as REPLACED, but missing application info. Assuming REMOVED.
03-21 16:15:41.249  5403  5403 D ActivityThread: Package [com.airudra00.gorakhchat] reported as REPLACED, but missing application info. Assuming REMOVED.
03-21 16:15:41.249  2205  2648 D InstallDependencyHelper: Session complete for 1478549556
03-21 16:15:41.249  2993  2993 D ActivityThread: Package [com.airudra00.gorakhchat] reported as REPLACED, but missing application info. Assuming REMOVED.
03-21 16:15:41.249  3170  3170 D ActivityThread: Package [com.airudra00.gorakhchat] reported as REPLACED, but missing application info. Assuming REMOVED.
03-21 16:15:41.249  4491  4491 D ActivityThread: Package [com.airudra00.gorakhchat] reported as REPLACED, but missing application info. Assuming REMOVED.
03-21 16:15:41.249  1468  1468 D ActivityThread: Package [com.airudra00.gorakhchat] reported as REPLACED, but missing application info. Assuming REMOVED.
03-21 16:15:41.250  4049  4049 D ActivityThread: Package [com.airudra00.gorakhchat] reported as REPLACED, but missing application info. Assuming REMOVED.
03-21 16:15:41.250 28689 28689 D ActivityThread: Package [com.airudra00.gorakhchat] reported as REPLACED, but missing application info. Assuming REMOVED.
03-21 16:15:41.250  4053  4053 D ActivityThread: Package [com.airudra00.gorakhchat] reported as REPLACED, but missing application info. Assuming REMOVED.
03-21 16:15:41.250  5403  5403 D ActivityThread: Package [com.airudra00.gorakhchat] reported as REPLACED, but missing application info. Assuming REMOVED.
03-21 16:15:41.250  3935  3935 D ActivityThread: Package [com.airudra00.gorakhchat] reported as REPLACED, but missing application info. Assuming REMOVED.
03-21 16:15:41.250 31370 31370 D ActivityThread: Package [com.airudra00.gorakhchat] reported as REPLACED, but missing application info. Assuming REMOVED.
03-21 16:15:41.250  3103  3103 D ActivityThread: Package [com.airudra00.gorakhchat] reported as REPLACED, but missing application info. Assuming REMOVED.
03-21 16:15:41.250  3059  3059 D ActivityThread: Package [com.airudra00.gorakhchat] reported as REPLACED, but missing application info. Assuming REMOVED.
03-21 16:15:41.250  6316  6316 D ActivityThread: Package [com.airudra00.gorakhchat] reported as REPLACED, but missing application info. Assuming REMOVED.
03-21 16:15:41.250  6591  6591 D ActivityThread: Package [com.airudra00.gorakhchat] reported as REPLACED, but missing application info. Assuming REMOVED.
03-21 16:15:41.250  3935  3935 D ActivityThread: Package [com.airudra00.gorakhchat] reported as REPLACED, but missing application info. Assuming REMOVED.
03-21 16:15:41.250  2993  2993 D ActivityThread: Package [com.airudra00.gorakhchat] reported as REPLACED, but missing application info. Assuming REMOVED.
03-21 16:15:41.250  4063  4063 D ActivityThread: Package [com.airudra00.gorakhchat] reported as REPLACED, but missing application info. Assuming REMOVED.
03-21 16:15:41.251  4053  4053 D ActivityThread: Package [com.airudra00.gorakhchat] reported as REPLACED, but missing application info. Assuming REMOVED.
03-21 16:15:41.251  3049  3049 D ActivityThread: Package [com.airudra00.gorakhchat] reported as REPLACED, but missing application info. Assuming REMOVED.
03-21 16:15:41.251  3955  3955 D ActivityThread: Package [com.airudra00.gorakhchat] reported as REPLACED, but missing application info. Assuming REMOVED.
03-21 16:15:41.251  6348  6348 D ActivityThread: Package [com.airudra00.gorakhchat] reported as REPLACED, but missing application info. Assuming REMOVED.
03-21 16:15:41.251  4491  4491 D ActivityThread: Package [com.airudra00.gorakhchat] reported as REPLACED, but missing application info. Assuming REMOVED.
03-21 16:15:41.251  6316  6316 D ActivityThread: Package [com.airudra00.gorakhchat] reported as REPLACED, but missing application info. Assuming REMOVED.
03-21 16:15:41.251 31370 31370 D ActivityThread: Package [com.airudra00.gorakhchat] reported as REPLACED, but missing application info. Assuming REMOVED.
03-21 16:15:41.251  4491  4491 D ActivityThread: Package [com.airudra00.gorakhchat] reported as REPLACED, but missing application info. Assuming REMOVED.
03-21 16:15:41.251  3089  3089 D ActivityThread: Package [com.airudra00.gorakhchat] reported as REPLACED, but missing application info. Assuming REMOVED.
03-21 16:15:41.252  6366  6366 D ActivityThread: Package [com.airudra00.gorakhchat] reported as REPLACED, but missing application info. Assuming REMOVED.
03-21 16:15:41.252  6634  6634 D ActivityThread: Package [com.airudra00.gorakhchat] reported as REPLACED, but missing application info. Assuming REMOVED.
03-21 16:15:41.252  1468  1468 D ActivityThread: Package [com.airudra00.gorakhchat] reported as REPLACED, but missing application info. Assuming REMOVED.
03-21 16:15:41.252  6316  6316 D ActivityThread: Package [com.airudra00.gorakhchat] reported as REPLACED, but missing application info. Assuming REMOVED.
03-21 16:15:41.253  6591  6591 D ActivityThread: Package [com.airudra00.gorakhchat] reported as REPLACED, but missing application info. Assuming REMOVED.
03-21 16:15:41.253  6348  6348 D ActivityThread: Package [com.airudra00.gorakhchat] reported as REPLACED, but missing application info. Assuming REMOVED.
03-21 16:15:41.253  3955  3955 D ActivityThread: Package [com.airudra00.gorakhchat] reported as REPLACED, but missing application info. Assuming REMOVED.
03-21 16:15:41.253  3049  3049 D ActivityThread: Package [com.airudra00.gorakhchat] reported as REPLACED, but missing application info. Assuming REMOVED.
03-21 16:15:41.253 31370 31370 D ActivityThread: Package [com.airudra00.gorakhchat] reported as REPLACED, but missing application info. Assuming REMOVED.
03-21 16:15:41.254  3005  3005 D ActivityThread: Package [com.airudra00.gorakhchat] reported as REPLACED, but missing application info. Assuming REMOVED.
03-21 16:15:41.254  2205  2205 D ActivityManager: sync unfroze 6290 com.android.settings for 10
03-21 16:15:41.254  2862  2862 D ActivityThread: Package [com.airudra00.gorakhchat] reported as REPLACED, but missing application info. Assuming REMOVED.
03-21 16:15:41.254  2862  2862 D ActivityThread: Package [com.airudra00.gorakhchat] reported as REPLACED, but missing application info. Assuming REMOVED.
03-21 16:15:41.254  3912  3912 D ActivityThread: Package [com.airudra00.gorakhchat] reported as REPLACED, but missing application info. Assuming REMOVED.
03-21 16:15:41.254  3344  3344 D ActivityThread: Package [com.airudra00.gorakhchat] reported as REPLACED, but missing application info. Assuming REMOVED.
03-21 16:15:41.255  4011  4011 D ActivityThread: Package [com.airudra00.gorakhchat] reported as REPLACED, but missing application info. Assuming REMOVED.
03-21 16:15:41.255  3005  3005 D ActivityThread: Package [com.airudra00.gorakhchat] reported as REPLACED, but missing application info. Assuming REMOVED.
03-21 16:15:41.255  6591  6591 D ActivityThread: Package [com.airudra00.gorakhchat] reported as REPLACED, but missing application info. Assuming REMOVED.
03-21 16:15:41.256  6366  6366 D ActivityThread: Package [com.airudra00.gorakhchat] reported as REPLACED, but missing application info. Assuming REMOVED.
03-21 16:15:41.256  3173  3173 D ActivityThread: Package [com.airudra00.gorakhchat] reported as REPLACED, but missing application info. Assuming REMOVED.
03-21 16:15:41.256 31124 31124 D ActivityThread: Package [com.airudra00.gorakhchat] reported as REPLACED, but missing application info. Assuming REMOVED.
03-21 16:15:41.256  2205  2754 E AppOps  : attributionTag VCN not declared in manifest of android
03-21 16:15:41.256  4063  4063 D ActivityThread: Package [com.airudra00.gorakhchat] reported as REPLACED, but missing application info. Assuming REMOVED.
03-21 16:15:41.256  2205  2205 I Telecom : CarModeTracker: Package com.airudra00.gorakhchat is not tracked.: SSH.oR@H9o
03-21 16:15:41.256 28689 28689 D ActivityThread: Package [com.airudra00.gorakhchat] reported as REPLACED, but missing application info. Assuming REMOVED.
03-21 16:15:41.256  2205  2205 I Telecom : InCallController: updateCarModeForConnections: car mode apps: : SSH.oR@H9o
03-21 16:15:41.256  3089  3089 D ActivityThread: Package [com.airudra00.gorakhchat] reported as REPLACED, but missing application info. Assuming REMOVED.
03-21 16:15:41.257  2205  2205 I Telecom : InCallController: update carmode current:UserHandle{0} parent:null: SSH.oR@H9o
03-21 16:15:41.257  3912  3912 D ActivityThread: Package [com.airudra00.gorakhchat] reported as REPLACED, but missing application info. Assuming REMOVED.
03-21 16:15:41.257  4027  4027 D ActivityThread: Package [com.airudra00.gorakhchat] reported as REPLACED, but missing application info. Assuming REMOVED.
03-21 16:15:41.257  3121  3121 D ActivityThread: Package [com.airudra00.gorakhchat] reported as REPLACED, but missing application info. Assuming REMOVED.
03-21 16:15:41.257  3948  3948 D ActivityThread: Package [com.airudra00.gorakhchat] reported as REPLACED, but missing application info. Assuming REMOVED.
03-21 16:15:41.258  2205  2805 D BackgroundInstallControlService: Package event received: 0
03-21 16:15:41.258  2205  2805 D BackgroundInstallControlService: Package event received: 0
03-21 16:15:41.258  6634  6634 D ActivityThread: Package [com.airudra00.gorakhchat] reported as REPLACED, but missing application info. Assuming REMOVED.
03-21 16:15:41.258  3121  3121 D ActivityThread: Package [com.airudra00.gorakhchat] reported as REPLACED, but missing application info. Assuming REMOVED.
03-21 16:15:41.259  3344  3344 D ActivityThread: Package [com.airudra00.gorakhchat] reported as REPLACED, but missing application info. Assuming REMOVED.
03-21 16:15:41.259  2862  2862 D ActivityThread: Package [com.airudra00.gorakhchat] reported as REPLACED, but missing application info. Assuming REMOVED.
03-21 16:15:41.259  6366  6366 D ActivityThread: Package [com.airudra00.gorakhchat] reported as REPLACED, but missing application info. Assuming REMOVED.
03-21 16:15:41.259  3173  3173 D ActivityThread: Package [com.airudra00.gorakhchat] reported as REPLACED, but missing application info. Assuming REMOVED.
03-21 16:15:41.259  6348  6348 D ActivityThread: Package [com.airudra00.gorakhchat] reported as REPLACED, but missing application info. Assuming REMOVED.
03-21 16:15:41.259 31124 31124 D ActivityThread: Package [com.airudra00.gorakhchat] reported as REPLACED, but missing application info. Assuming REMOVED.
03-21 16:15:41.259  6290  6290 D ActivityThread: Package [com.airudra00.gorakhchat] reported as REPLACED, but missing application info. Assuming REMOVED.
03-21 16:15:41.260  4027  4027 D ActivityThread: Package [com.airudra00.gorakhchat] reported as REPLACED, but missing application info. Assuming REMOVED.
03-21 16:15:41.260  6290  6290 D ActivityThread: Package [com.airudra00.gorakhchat] reported as REPLACED, but missing application info. Assuming REMOVED.
03-21 16:15:41.261  6290  6290 D ActivityThread: Package [com.airudra00.gorakhchat] reported as REPLACED, but missing application info. Assuming REMOVED.
03-21 16:15:41.263  4011  4011 D ActivityThread: Package [com.airudra00.gorakhchat] reported as REPLACED, but missing application info. Assuming REMOVED.
03-21 16:15:41.263  3948  3948 D ActivityThread: Package [com.airudra00.gorakhchat] reported as REPLACED, but missing application info. Assuming REMOVED.
03-21 16:15:41.267  2205  2803 D ShortcutService: received package broadcast intent: Intent { act=android.intent.action.PACKAGE_REMOVED dat=package: flg=0x4000010 (has extras) }
03-21 16:15:41.267  2205  2803 D ShortcutService: received package broadcast intent: Intent { act=android.intent.action.PACKAGE_ADDED dat=package: flg=0x4000010 (has extras) }
03-21 16:15:41.267  2205  2803 D ShortcutService: replacing package: com.airudra00.gorakhchat userId=0
03-21 16:15:41.272  2205  2278 I ActivityManager: Start proc 6694:com.android.keychain/1000 for service {com.android.keychain/com.android.keychain.KeyChainService}
03-21 16:15:41.272  2205  2278 I ActivityManager: ProcessObserver broadcast disabled
03-21 16:15:41.295  2205  2269 V WindowManager: Unknown focus tokens, dropping reportFocusChanged
03-21 16:15:41.298  2205  2205 D BackupManagerConstants: getFullBackupIntervalMilliseconds(...) returns 86400000
03-21 16:15:41.298  2205  2205 D BackupManagerConstants: getFullBackupRequiredNetworkType(...) returns 2
03-21 16:15:41.298  2205  2205 D BackupManagerConstants: getFullBackupRequireCharging(...) returns true
03-21 16:15:41.338  2205  2205 D ActivityThread: Package [com.airudra00.gorakhchat] reported as REPLACED, but missing application info. Assuming REMOVED.
03-21 16:15:41.338  2205  2205 D ActivityThread: Package [com.airudra00.gorakhchat] reported as REPLACED, but missing application info. Assuming REMOVED.
03-21 16:15:41.338  2205  2205 D ActivityThread: Package [com.airudra00.gorakhchat] reported as REPLACED, but missing application info. Assuming REMOVED.
03-21 16:15:41.351  2205  2205 W AlarmManager: Package com.airudra00.gorakhchat, uid 10696 lost permission to set exact alarms!
03-21 16:15:41.353  2205  2805 D BackgroundInstallControlService: Package event received: 0
03-21 16:15:41.357  2205  2729 V AccessibilityManagerService: onUserStateChangedLocked for userId: 0, forceUpdate: false
03-21 16:15:41.372  2205  2278 I ActivityManager: Start proc 6714:com.google.android.odad/u0a534 for service {com.google.android.odad/com.google.android.apps.miphone.odad.contentprotection.ContentProtectionService}
03-21 16:15:41.372  2205  2278 I ActivityManager: ProcessObserver broadcast disabled
03-21 16:15:41.378  2205 19116 V Configuration: Updating configuration, locales updated from [] to [en_US_#u-mu-celsius]
03-21 16:15:41.378  2205 19116 V Configuration: Updating configuration, locales updated from [] to [en_US_#u-mu-celsius]
03-21 16:15:41.382  2205 19116 V Configuration: Updating configuration, locales updated from [] to [en_US_#u-mu-celsius]
03-21 16:15:41.383  2205 19116 V Configuration: Updating configuration, locales updated from [] to [en_US_#u-mu-celsius]
03-21 16:15:41.383  2205 19116 V Configuration: Updating configuration, locales updated from [] to [en_US_#u-mu-celsius]
03-21 16:15:41.385 20466 20466 D ActivityThread: Package [com.airudra00.gorakhchat] reported as REPLACED, but missing application info. Assuming REMOVED.
03-21 16:15:41.385  2205 19116 V Configuration: Updating configuration, locales updated from [] to [en_US_#u-mu-celsius]
03-21 16:15:41.385  2205 19116 V Configuration: Updating configuration, locales updated from [] to [en_US_#u-mu-celsius]
03-21 16:15:41.385 20466 20466 D ActivityThread: Package [com.airudra00.gorakhchat] reported as REPLACED, but missing application info. Assuming REMOVED.
03-21 16:15:41.386 20466 20466 D ActivityThread: Package [com.airudra00.gorakhchat] reported as REPLACED, but missing application info. Assuming REMOVED.
03-21 16:15:41.386  2205 19116 V Configuration: Updating configuration, locales updated from [] to [en_US_#u-mu-celsius]
03-21 16:15:41.386  2205 19116 V Configuration: Updating configuration, locales updated from [] to [en_US_#u-mu-celsius]
03-21 16:15:41.389  2205 19116 V Configuration: Updating configuration, locales updated from [] to [en_US_#u-mu-celsius]
03-21 16:15:41.389  2205 19116 V Configuration: Updating configuration, locales updated from [] to [en_US_#u-mu-celsius]
03-21 16:15:41.389  2205 19116 V Configuration: Updating configuration, locales updated from [] to [en_US_#u-mu-celsius]
03-21 16:15:41.390  2205 19116 V Configuration: Updating configuration, locales updated from [] to [en_US_#u-mu-celsius]
03-21 16:15:41.390  2205 19116 V Configuration: Updating configuration, locales updated from [] to [en_US_#u-mu-celsius]
03-21 16:15:41.390  2205 19116 V Configuration: Updating configuration, locales updated from [] to [en_US_#u-mu-celsius]
03-21 16:15:41.390  2205 19116 V Configuration: Updating configuration, locales updated from [] to [en_US_#u-mu-celsius]
03-21 16:15:41.390  2205 19116 V Configuration: Updating configuration, locales updated from [] to [en_US_#u-mu-celsius]
03-21 16:15:41.393  2205 19116 V Configuration: Updating configuration, locales updated from [] to [en_US_#u-mu-celsius]
03-21 16:15:41.395  2205 19116 V Configuration: Updating configuration, locales updated from [] to [en_US_#u-mu-celsius]
03-21 16:15:41.396  2205 19116 V Configuration: Updating configuration, locales updated from [] to [en_US_#u-mu-celsius]
03-21 16:15:41.396  2205 19116 V Configuration: Updating configuration, locales updated from [] to [en_US_#u-mu-celsius]
03-21 16:15:41.396  2205 19116 V Configuration: Updating configuration, locales updated from [] to [en_US_#u-mu-celsius]
03-21 16:15:41.396  2205 19116 V Configuration: Updating configuration, locales updated from [] to [en_US_#u-mu-celsius]
03-21 16:15:41.396  2205 19116 V Configuration: Updating configuration, locales updated from [] to [en_US_#u-mu-celsius]
03-21 16:15:41.396  2205 19116 V Configuration: Updating configuration, locales updated from [] to [en_US_#u-mu-celsius]
03-21 16:15:41.396  2205 19116 V Configuration: Updating configuration, locales updated from [] to [en_US_#u-mu-celsius]
03-21 16:15:41.441  1205  1205 D ActivityThread: Package [com.airudra00.gorakhchat] reported as REPLACED, but missing application info. Assuming REMOVED.
03-21 16:15:41.441  1205  1205 D ActivityThread: Package [com.airudra00.gorakhchat] reported as REPLACED, but missing application info. Assuming REMOVED.
03-21 16:15:41.441  1205  1205 D ActivityThread: Package [com.airudra00.gorakhchat] reported as REPLACED, but missing application info. Assuming REMOVED.
03-21 16:15:41.480  2205  2729 W MagnificationConnectionManager: requestConnection duplicated request: connect=false, mConnectionState=DISCONNECTED
03-21 16:15:41.481  2205  2205 W ActivityManager: pid 2205 system sent binder code 4 with flags 1 to frozen apps and got error -32
03-21 16:15:41.481  2205  2704 E ActivityManager: Unable to parse binderfs stats
03-21 16:15:41.483  2205  2805 D BackgroundInstallControlService: Package event received: 0
03-21 16:15:41.491  3155  3155 D ActivityThread: Package [com.airudra00.gorakhchat] reported as REPLACED, but missing application info. Assuming REMOVED.
03-21 16:15:41.491  3155  3155 D ActivityThread: Package [com.airudra00.gorakhchat] reported as REPLACED, but missing application info. Assuming REMOVED.
