03-21 15:58:50.386  2205  2266 V WindowManager: Finish Transition (#453): created at 03-21 15:58:50.376 collect-started=0.555ms request-sent=0.853ms started=1.628ms ready=1.575ms sent=2.299ms finished=8.901ms
03-21 15:58:50.386  2862  2879 V WindowManagerShell: Track 0 became idle
03-21 15:58:50.386  2862  2879 V WindowManagerShell: All active transition animations finished
03-21 15:58:57.509  2205  2798 I MR2ServiceImpl: Updating composite discovery preference | preference: RouteDiscoveryRequest{ preferredFeatures={}, activeScan=false }, active routers: []
03-21 15:58:57.517  2205 18606 D AdbDebuggingManager: Closing socket
03-21 15:58:57.517  2205  2266 D AdbDebuggingManager: adbd socket disconnected
03-21 16:00:06.383  1736  1736 W wificond: Failed to get NL80211_ATTR_MAX_NUM_AKM_SUITES
03-21 16:00:06.384  1736  1736 W wificond: Failed to get NL80211_ATTR_MAX_NUM_AKM_SUITES
03-21 16:00:06.384  1736  1736 W wificond: Failed to get NL80211_ATTR_MAX_NUM_AKM_SUITES
03-21 16:00:06.385  2205  2787 D AppWidgetServiceImpl: Trying to notify widget update for package com.hamropatro with widget id: 5
03-21 16:00:06.389  2205  2787 D AppWidgetServiceImpl: Trying to notify widget update for package com.hamropatro with widget id: 5
03-21 16:00:06.488  5696  6182 W ModemPowerProfile: getAverageBatteryDrainMaH called with unexpected key: 0x0, drain:SLEEP,RAT:DEFAULT
03-21 16:00:06.488  5696  6182 W ModemPowerProfile: getAverageBatteryDrainMaH called with unexpected key: 0x10000000, drain:IDLE,RAT:DEFAULT
03-21 16:00:06.488  5696  6182 W ModemPowerProfile: getAverageBatteryDrainMaH called with unexpected key: 0x20000000, drain:RX,RAT:DEFAULT
03-21 16:00:06.488  5696  6182 W ModemPowerProfile: getAverageBatteryDrainMaH called with unexpected key: 0x30000000, drain:TX,level:0,RAT:DEFAULT
03-21 16:00:06.488  5696  6182 W ModemPowerProfile: getAverageBatteryDrainMaH called with unexpected key: 0x31000000, drain:TX,level:1,RAT:DEFAULT
03-21 16:00:06.488  5696  6182 W ModemPowerProfile: getAverageBatteryDrainMaH called with unexpected key: 0x32000000, drain:TX,level:2,RAT:DEFAULT
03-21 16:00:06.488  5696  6182 W ModemPowerProfile: getAverageBatteryDrainMaH called with unexpected key: 0x33000000, drain:TX,level:3,RAT:DEFAULT
03-21 16:00:06.488  5696  6182 W ModemPowerProfile: getAverageBatteryDrainMaH called with unexpected key: 0x34000000, drain:TX,level:4,RAT:DEFAULT
03-21 16:00:06.539  2205 18606 D AdbDebuggingManager: Creating socket
03-21 16:00:06.539  2205  2266 D AdbDebuggingManager: adbd socket connected
03-21 16:00:06.969  1736  1736 W wificond: Failed to get NL80211_ATTR_MAX_NUM_AKM_SUITES
03-21 16:01:22.399  2205  2787 D AppWidgetServiceImpl: Trying to notify widget update for package com.hamropatro with widget id: 5
03-21 16:01:22.406  2205  2787 D AppWidgetServiceImpl: Trying to notify widget update for package com.hamropatro with widget id: 5
03-21 16:01:24.642  2205  2267 D WindowManager: Performing garbage collection for system_server
03-21 16:01:24.642  2205  2267 W Looper  : Slow dispatch took 523ms android.ui app=system_server main=false group=TOP_APP h=com.android.server.policy.PhoneWindowManager$PolicyHandler c=com.android.server.policy.PhoneWindowManager$19@defcb1e m=0
03-21 16:01:29.624   826  6171 I keystore2: system/security/keystore2/watchdog/src/lib.rs:377 - Watchdog thread idle -> terminating. Have a great day.
03-21 16:01:30.020  2205  2205 D AnyMotionDetector: angleBetween: this = timeMillisSinceBoot=92118531 | x=-0.019593656, y=0.04517789, z=0.9987868, other = timeMillisSinceBoot=92124845 | x=-0.019598534, y=0.04527807, z=0.99878216, degrees = 0.0057527316
03-21 16:02:07.399  1736  1736 W wificond: Failed to get NL80211_ATTR_MAX_NUM_AKM_SUITES
03-21 16:02:07.401  1736  1736 W wificond: Failed to get NL80211_ATTR_MAX_NUM_AKM_SUITES
03-21 16:02:07.401  1736  1736 W wificond: Failed to get NL80211_ATTR_MAX_NUM_AKM_SUITES
03-21 16:02:07.551  2205  8306 W AppOps  : Noting op not finished: uid 10556 pkg com.google.android.gms code 113 startTime of in progress event=1774088024051
03-21 16:02:07.554  2205  8306 W AppOps  : Noting op not finished: uid 10556 pkg com.google.android.gms code 79 startTime of in progress event=1774088024051
03-21 16:02:07.558  2205  8306 W AppOps  : Noting op not finished: uid 10556 pkg com.google.android.gms code 113 startTime of in progress event=1774088024051
03-21 16:02:07.889  2205  2787 D AppWidgetServiceImpl: Trying to notify widget update for package com.hamropatro with widget id: 5
03-21 16:02:07.988  1736  1736 W wificond: Failed to get NL80211_ATTR_MAX_NUM_AKM_SUITES
03-21 16:04:08.400  1736  1736 W wificond: Failed to get NL80211_ATTR_MAX_NUM_AKM_SUITES
03-21 16:04:08.402  1736  1736 W wificond: Failed to get NL80211_ATTR_MAX_NUM_AKM_SUITES
03-21 16:04:08.402  1736  1736 W wificond: Failed to get NL80211_ATTR_MAX_NUM_AKM_SUITES
03-21 16:04:08.520  2205  3487 W AppOps  : Noting op not finished: uid 10556 pkg com.google.android.gms code 113 startTime of in progress event=1774088024051
03-21 16:04:08.899  2205  2787 D AppWidgetServiceImpl: Trying to notify widget update for package com.hamropatro with widget id: 5
03-21 16:04:08.991  1736  1736 W wificond: Failed to get NL80211_ATTR_MAX_NUM_AKM_SUITES
03-21 16:06:09.394  1736  1736 W wificond: Failed to get NL80211_ATTR_MAX_NUM_AKM_SUITES
03-21 16:06:09.395  1736  1736 W wificond: Failed to get NL80211_ATTR_MAX_NUM_AKM_SUITES
03-21 16:06:09.396  1736  1736 W wificond: Failed to get NL80211_ATTR_MAX_NUM_AKM_SUITES
03-21 16:06:09.636  2205  2651 W AppOps  : Noting op not finished: uid 10556 pkg com.google.android.gms code 113 startTime of in progress event=1774088024051
03-21 16:06:09.639  2205  3276 W AppOps  : Noting op not finished: uid 10556 pkg com.google.android.gms code 79 startTime of in progress event=1774088024051
03-21 16:06:09.643  2205  3487 W AppOps  : Noting op not finished: uid 10556 pkg com.google.android.gms code 113 startTime of in progress event=1774088024051
03-21 16:06:09.882  2205  2787 D AppWidgetServiceImpl: Trying to notify widget update for package com.hamropatro with widget id: 5
03-21 16:06:09.984  1736  1736 W wificond: Failed to get NL80211_ATTR_MAX_NUM_AKM_SUITES
03-21 16:06:20.361  2205  3487 W AppOps  : Noting op not finished: uid 10556 pkg com.google.android.gms code 113 startTime of in progress event=1774088024051
03-21 16:08:24.376  2205  2205 D LoadedApk: Receiver not registered: com.android.server.UiModeManagerService$8@a9c7f97
03-21 16:08:24.384  2205  2805 D BackgroundInstallControlService: Package event received: 0
03-21 16:15:12.525  2205  3487 I PowerGroup: Waking up power group from Dozing (groupId=0, uid=10610, reason=WAKE_REASON_LIFT, details=com.android.systemui:NODOZE pickup)...
03-21 16:15:12.525  2205  3487 I PowerManagerService: Waking up from Dozing (uid=10610, reason=WAKE_REASON_LIFT, details=com.android.systemui:NODOZE pickup)...
03-21 16:15:12.540  2205  2798 I MR2ServiceImpl: Updating composite discovery preference | preference: RouteDiscoveryRequest{ preferredFeatures={}, activeScan=false }, active routers: []
03-21 16:15:12.540  2205  2296 I DisplayPowerController[0]: Blocking screen on until initial contents have been drawn.
03-21 16:15:12.541  2205  2296 D WindowManager: Remove SleepToken: tag=Display-off, displayId=0
03-21 16:15:12.541  2205  2296 I DisplayPowerController: Window Manager Policy screenTurningOn complete
03-21 16:15:12.554  2862  2862 D InsetsController: Setting requestedVisibleTypes to -9 (was -11)
03-21 16:15:12.559  2862  2879 D ShellSplitScreen: onStartedWakingUp
03-21 16:15:12.571  2205  2296 I DisplayBrightnessStrategySelector: Changing the DisplayBrightnessStrategy from ScreenOffBrightnessStrategy to FallbackBrightnessStrategy for display 0
03-21 16:15:12.572  2205  2296 V DisplayPowerController[0]: Brightness [0.23095192] reason changing to: 'manual', previous reason: 'screen_off'.
03-21 16:15:12.572  2205  2296 I DisplayPowerController[0]: BrightnessEvent: brt=0.23095192 (86.0%), nits= 252.47197, lux=-1.0, reason=manual, strat=FallbackBrightnessStrategy, state=ON, stateReason=DEFAULT_POLICY, policy=BRIGHT, flags=, initBrt=0.0, rcmdBrt=NaN, preBrt=NaN, preLux=0.0, wasShortTermModelActive=true, autoBrightness=true (default), unclampedBrt=0.23095192, hbmMax=0.4998779, hbmMode=off, thrmMax=1.0, rbcStrength=50, powerFactor=1.0, physDisp=Built-in Screen(local:4630946693002713985), logicalId=0, slowChange=false, rampSpeed=0.0
03-21 16:15:12.575  2205  2269 I DisplayDeviceRepository: Display device changed state: "Built-in Screen", ON
03-21 16:15:12.576  2205  2296 D BrightnessThermalClamper: Thermal status observer already started
03-21 16:15:12.576  2205  2270 I DisplayDevice: [0] Layerstack set to 0 for local:4630946693002713985
03-21 16:15:12.577  2205  2267 D WindowManager: DeferredDisplayUpdater: partially applying DisplayInfo(1080 x 2340) immediately
03-21 16:15:12.597  2205  2278 I ActivityManager: Start proc 6202:com.google.android.googlequicksearchbox:search/u0a557 for broadcast {com.google.android.googlequicksearchbox/com.google.android.libraries.assistant.contexttrigger.impl.ContextTriggerBroadcastReceiver_Receiver}
03-21 16:15:12.597  2205  2278 I ActivityManager: ProcessObserver broadcast disabled
03-21 16:15:12.609  2205  2798 I MR2ServiceImpl: Updating composite discovery preference | preference: RouteDiscoveryRequest{ preferredFeatures={}, activeScan=false }, active routers: []
03-21 16:15:12.620  2205  2787 D AppWidgetServiceImpl: Trying to notify widget update for package com.hamropatro with widget id: 5
03-21 16:15:12.631  2205  2296 I DisplayPowerController[0]: Unblocked screen on after 90 ms
03-21 16:15:12.708  2205  2805 D BackgroundInstallControlService: Package event received: 0
03-21 16:15:12.708  2205  2805 D BackgroundInstallControlService: Package event received: 0
03-21 16:15:12.708  2205  2805 D BackgroundInstallControlService: Package event received: 0
03-21 16:15:12.708  2205  2805 D BackgroundInstallControlService: Package event received: 0
03-21 16:15:12.708  2205  2805 D BackgroundInstallControlService: Package event received: 0
03-21 16:15:12.708  2205  2805 D BackgroundInstallControlService: Package event received: 0
03-21 16:15:12.709  2205  2805 D BackgroundInstallControlService: Package event received: 0
03-21 16:15:12.709  2205  2805 D BackgroundInstallControlService: Package event received: 0
03-21 16:15:12.709  2205  2805 D BackgroundInstallControlService: Package event received: 0
03-21 16:15:12.709  2205  2805 D BackgroundInstallControlService: Package event received: 0
03-21 16:15:12.709  2205  2805 D BackgroundInstallControlService: Package event received: 0
03-21 16:15:12.709  2205  2805 D BackgroundInstallControlService: Package event received: 0
03-21 16:15:12.709  2205  2805 D BackgroundInstallControlService: Package event received: 0
03-21 16:15:12.709  2205  2805 D BackgroundInstallControlService: Package event received: 0
03-21 16:15:12.709  2205  2805 D BackgroundInstallControlService: Package event received: 0
03-21 16:15:12.709  2205  2805 D BackgroundInstallControlService: Package event received: 0
03-21 16:15:12.709  2205  2805 D BackgroundInstallControlService: Package event received: 0
03-21 16:15:12.710  2205  2805 D BackgroundInstallControlService: Package event received: 0
03-21 16:15:12.710  2205  2805 D BackgroundInstallControlService: Package event received: 0
03-21 16:15:12.710  2205  2805 D BackgroundInstallControlService: Package event received: 0
03-21 16:15:12.710  2205  2805 D BackgroundInstallControlService: Package event received: 0
03-21 16:15:12.710  2205  2805 D BackgroundInstallControlService: Package event received: 0
03-21 16:15:12.710  2205  2805 D BackgroundInstallControlService: Package event received: 0
03-21 16:15:12.710  2205  2805 D BackgroundInstallControlService: Package event received: 0
03-21 16:15:12.710  2205  2805 D BackgroundInstallControlService: Package event received: 0
03-21 16:15:12.710  2205  2805 D BackgroundInstallControlService: Package event received: 0
03-21 16:15:12.710  2205  2805 D BackgroundInstallControlService: Package event received: 0
03-21 16:15:12.710  2205  2805 D BackgroundInstallControlService: Package event received: 0
03-21 16:15:12.710  2205  2805 D BackgroundInstallControlService: Package event received: 0
03-21 16:15:12.710  2205  2805 D BackgroundInstallControlService: Package event received: 0
03-21 16:15:12.710  2205  2805 D BackgroundInstallControlService: Package event received: 0
03-21 16:15:12.710  2205  2805 D BackgroundInstallControlService: Package event received: 0
03-21 16:15:12.710  2205  2805 D BackgroundInstallControlService: Package event received: 0
03-21 16:15:12.710  2205  2805 D BackgroundInstallControlService: Package event received: 0
03-21 16:15:12.711  2205  2805 D BackgroundInstallControlService: Package event received: 0
03-21 16:15:12.711  2205  2805 D BackgroundInstallControlService: Package event received: 0
03-21 16:15:12.711  2205  2805 D BackgroundInstallControlService: Package event received: 0
03-21 16:15:12.711  2205  2805 D BackgroundInstallControlService: Package event received: 0
03-21 16:15:12.711  2205  2805 D BackgroundInstallControlService: Package event received: 0
03-21 16:15:12.711  2205  2805 D BackgroundInstallControlService: Package event received: 0
03-21 16:15:12.711  2205  2805 D BackgroundInstallControlService: Package event received: 0
03-21 16:15:12.711  2205  2805 D BackgroundInstallControlService: Package event received: 0
03-21 16:15:12.711  2205  2805 D BackgroundInstallControlService: Package event received: 0
03-21 16:15:12.711  2205  2805 D BackgroundInstallControlService: Package event received: 0
03-21 16:15:12.711  2205  2805 D BackgroundInstallControlService: Package event received: 0
03-21 16:15:12.711  2205  2805 D BackgroundInstallControlService: Package event received: 0
03-21 16:15:12.711  2205  2805 D BackgroundInstallControlService: Package event received: 0
03-21 16:15:12.711  2205  2805 D BackgroundInstallControlService: Package event received: 0
03-21 16:15:12.712  2205  2805 D BackgroundInstallControlService: Package event received: 0
03-21 16:15:12.712  2205  2805 D BackgroundInstallControlService: Package event received: 0
03-21 16:15:12.801  2205  2266 I UsbPortManager: USB HAL HIDL version: 10
03-21 16:15:12.836  2205  3276 W PowerManagerService: Screen on took 312 ms
03-21 16:15:12.836  2205  2296 I DreamManagerService: Gently waking up from dream.
03-21 16:15:12.863  2205  3276 I DreamManagerService: Leaving dreamland.
03-21 16:15:12.864  2205  2266 I DreamController: Stopping dream: name=ComponentInfo{com.android.systemui/com.android.systemui.doze.DozeService}, isPreviewMode=false, canDoze=true, userId=0, reason='finished self'(from 'power manager request')
03-21 16:15:12.894  2205  2296 I DisplayBrightnessStrategySelector: Changing the DisplayBrightnessStrategy from FallbackBrightnessStrategy to AutomaticBrightnessStrategy for display 0
03-21 16:15:12.895  2205  2296 V DisplayPowerController[0]: Brightness [0.13062058] reason changing to: 'automatic', previous reason: 'manual'.
03-21 16:15:12.895  2205  2296 I DisplayPowerController[0]: BrightnessEvent: brt=0.13062058 (75.0%), nits= 141.08444, lux=2.3999999, reason=automatic, strat=AutomaticBrightnessStrategy, state=ON, stateReason=DEFAULT_POLICY, policy=BRIGHT, flags=, initBrt=0.23095192, rcmdBrt=0.13062058, preBrt=NaN, preLux=NaN, wasShortTermModelActive=true, autoBrightness=true (default), unclampedBrt=0.13062058, hbmMax=0.4998779, hbmMode=off, thrmMax=1.0, rbcStrength=50, powerFactor=1.0, physDisp=Built-in Screen(local:4630946693002713985), logicalId=0, slowChange=false, rampSpeed=0.70472443
03-21 16:15:12.897  2205  2269 I BrightnessSynchronizer: [396] New Update 0.13062058(f) set brightness values:  34(i)
03-21 16:15:12.897  2205  2269 I BrightnessSynchronizer: Swallowing update of 34(i) by update: {[396] 0.13062058(f), mUpdatedTypes=1, mConfirmedTypes=1, mTimeUpdated=16209337}
03-21 16:15:12.897  2205  2269 I BrightnessSynchronizer: Completed Update: {[396] 0.13062058(f), mUpdatedTypes=1, mConfirmedTypes=1, mTimeUpdated=16209337}
03-21 16:15:12.956  2205  2278 I ActivityManager: Start proc 6249:com.android.cellbroadcastreceiver.module/u0a640 for broadcast {com.android.cellbroadcastreceiver.module/com.android.cellbroadcastreceiver.CellBroadcastReceiver}
03-21 16:15:12.956  2205  2278 I ActivityManager: ProcessObserver broadcast disabled
03-21 16:15:13.017  2205  2805 D BackgroundInstallControlService: Package event received: 0
03-21 16:15:13.288  2205  2805 D BackgroundInstallControlService: Package event received: 0
03-21 16:15:13.337  2205  2805 D BackgroundInstallControlService: Package event received: 0
03-21 16:15:13.368  2205  2805 D BackgroundInstallControlService: Package event received: 0
03-21 16:15:13.404  2205  2805 D BackgroundInstallControlService: Package event received: 0
03-21 16:15:13.437  2205  2805 D BackgroundInstallControlService: Package event received: 0
03-21 16:15:13.498  2205  2805 D BackgroundInstallControlService: Package event received: 0
03-21 16:15:13.548  2205  2805 D BackgroundInstallControlService: Package event received: 0
03-21 16:15:13.568  2205  8309 D CompatChangeReporter: Compat change id reported: 349487600; UID 10557; state: ENABLED
03-21 16:15:13.656  2205  2805 D BackgroundInstallControlService: Package event received: 0
03-21 16:15:13.677  2205  2278 I ActivityManager: Start proc 6276:com.android.providers.calendar/u0a474 for content provider {com.android.providers.calendar/com.android.providers.calendar.CalendarProvider2}
03-21 16:15:13.678  2205  2278 I ActivityManager: ProcessObserver broadcast disabled
03-21 16:15:13.779  2205  2267 D WindowManager: Performing screen-on memory reclaim.
03-21 16:15:13.779  2205  2277 I ActivityManager: Killing 5725:net.androgames.compass/u0a661 (adj 985): screen-on memory reclaim
03-21 16:15:13.781  2205  2277 I ActivityManager: Killing 5783:net.androgames.compass:tardis/u0a661 (adj 975): screen-on memory reclaim
03-21 16:15:13.781  2205  2277 I ActivityManager: Killing 5712:android.process.media/u0a478 (adj 965): screen-on memory reclaim
03-21 16:15:13.782  2205  2277 I ActivityManager: Killing 5936:com.google.android.packageinstaller/u0a481 (adj 955): screen-on memory reclaim
03-21 16:15:13.783  2205  2277 I ActivityManager: Killing 5993:com.android.keychain/1000 (adj 945): screen-on memory reclaim
03-21 16:15:13.785  2205  2277 I ActivityManager: Killing 6038:com.google.android.apps.wellbeing/u0a555 (adj 935): screen-on memory reclaim
03-21 16:15:13.786  2205  2277 I ActivityManager: Killing 6014:com.google.android.odad/u0a534 (adj 925): screen-on memory reclaim
03-21 16:15:13.787  2205  2277 I ActivityManager: Killing 5696:com.android.settings/1000 (adj 915): screen-on memory reclaim
03-21 16:15:13.787  2205  2277 I ActivityManager: Killing 6249:com.android.cellbroadcastreceiver.module/u0a640 (adj 905): screen-on memory reclaim
03-21 16:15:13.787  2205  2277 I ActivityManager: Killing 6202:com.google.android.googlequicksearchbox:search/u0a557 (adj 905): screen-on memory reclaim
03-21 16:15:13.962  2205  3379 E AppOps  : Bad call made by uid 1000. Package "com.google.android.googlequicksearchbox" does not belong to uid 1000.
03-21 16:15:13.966  2205  3379 W ActivityManager: Scheduling restart of crashed service net.androgames.compass/com.google.firebase.sessions.SessionLifecycleService in 1000ms for connection
03-21 16:15:14.011  2205  2230 D CompatChangeReporter: Compat change id reported: 311208629; UID 10661; state: ENABLED
03-21 16:15:14.192  2205  2296 I DisplayPowerController[0]: BrightnessEvent: brt=0.24598643 (87.0%), nits= 268.8978, lux=6.804637, reason=automatic, strat=AutomaticBrightnessStrategy, state=ON, stateReason=DEFAULT_POLICY, policy=BRIGHT, flags=, initBrt=0.13062058, rcmdBrt=0.24598643, preBrt=0.13062058, preLux=2.3999999, wasShortTermModelActive=true, autoBrightness=true (default), unclampedBrt=0.24598643, hbmMax=0.4998779, hbmMode=off, thrmMax=1.0, rbcStrength=50, powerFactor=1.0, physDisp=Built-in Screen(local:4630946693002713985), logicalId=0, slowChange=true, rampSpeed=0.23228346
03-21 16:15:14.194  2205  2269 I BrightnessSynchronizer: [397] New Update 0.24598643(f) set brightness values:  63(i)
03-21 16:15:14.195  2205  2269 I BrightnessSynchronizer: Swallowing update of 63(i) by update: {[397] 0.24598643(f), mUpdatedTypes=1, mConfirmedTypes=1, mTimeUpdated=16210634}
03-21 16:15:14.195  2205  2269 I BrightnessSynchronizer: Completed Update: {[397] 0.24598643(f), mUpdatedTypes=1, mConfirmedTypes=1, mTimeUpdated=16210634}
03-21 16:15:14.312  2205  2205 D LoadedApk: Receiver not registered: com.android.server.UiModeManagerService$8@a9c7f97
03-21 16:15:14.522  2205  2205 D LoadedApk: Receiver not registered: com.android.server.UiModeManagerService$8@a9c7f97
03-21 16:15:14.743  2205  6705 I UsbPortManager: ClientCallback V1_0: otg_default
03-21 16:15:14.744  2205  2266 I UsbPortManager: USB port changed: port=UsbPort{id=otg_default, supportedModes=dual, supportedContaminantProtectionModes=0, supportsEnableContaminantPresenceProtection=false, supportsEnableContaminantPresenceDetection=false, supportsComplianceWarnings=false, status=UsbPortStatus{connected=true, currentMode=ufp, currentPowerRole=sink, currentDataRole=device, supportedRoleCombinations=[source:host, source:device, sink:host, sink:device], contaminantDetectionStatus=0, contaminantProtectionStatus=0, usbDataStatus=unknown, isPowerTransferLimited=false, powerBrickConnectionStatus=unknown, complianceWarnings=[], plugState=0, displayPortAltModeInfo=null}, canChangeMode=true, canChangePowerRole=true, canChangeDataRole=true, connectedAtMillis=92949573, lastConnectDurationMillis=0
03-21 16:15:14.755  2205  2205 D LoadedApk: Receiver not registered: com.android.server.UiModeManagerService$8@a9c7f97
03-21 16:15:14.770  2205  2268 I EntropyMixer: Updated seed file
03-21 16:15:14.771  2205  2278 I ActivityManager: Start proc 6290:com.android.settings/1000 for broadcast {com.android.settings/com.android.settings.fuelgauge.batteryusage.BatteryUsageBroadcastReceiver}
03-21 16:15:14.772  2205  2278 I ActivityManager: ProcessObserver broadcast disabled
03-21 16:15:14.775  1736  1736 W wificond: Failed to get NL80211_ATTR_MAX_NUM_AKM_SUITES
03-21 16:15:14.777  1736  1736 W wificond: Failed to get NL80211_ATTR_MAX_NUM_AKM_SUITES
03-21 16:15:14.779  1736  1736 W wificond: Failed to get NL80211_ATTR_MAX_NUM_AKM_SUITES
03-21 16:15:14.799  2205  2230 W ActivityManager: Unable to start service Intent { act=com.google.android.gms.lockbox.service.START xflg=0x4 pkg=com.google.android.gms } U=0: not found
03-21 16:15:14.800  2205  2230 W ActivityManager: Unbind failed: could not find connection for android.os.BinderProxy@b257534
03-21 16:15:14.812  2205  2805 D BackgroundInstallControlService: Package event received: 0
03-21 16:15:14.876  2205  2205 W Looper  : Slow dispatch took 117ms main app=system_server main=true group=FOREGROUND h=android.app.ActivityThread$H c=android.app.LoadedApk$ReceiverDispatcher$Args$$ExternalSyntheticLambda0@84ea071 m=0
03-21 16:15:14.891  2205  2230 W AppOps  : Noting op not finished: uid 10556 pkg com.google.android.gms code 113 startTime of in progress event=1774088024051
03-21 16:15:14.896  2205  2230 W AppOps  : Noting op not finished: uid 10556 pkg com.google.android.gms code 79 startTime of in progress event=1774088024051
03-21 16:15:14.897  2205  2805 D BackgroundInstallControlService: Package event received: 0
03-21 16:15:14.900  2205  3057 W AppOps  : Noting op not finished: uid 10556 pkg com.google.android.gms code 113 startTime of in progress event=1774088024051
03-21 16:15:14.907  2205  2278 I ActivityManager: Start proc 6316:com.google.android.apps.messaging/u0a545 for service {com.google.android.apps.messaging/com.google.android.apps.messaging.shared.datamodel.action.execution.ActionJobService}
03-21 16:15:14.907  2205  2278 I ActivityManager: ProcessObserver broadcast disabled
03-21 16:15:14.927  2205  2805 D BackgroundInstallControlService: Package event received: 0
03-21 16:15:14.936  2205  2805 D BackgroundInstallControlService: Package event received: 0
03-21 16:15:14.946  2205  2805 D BackgroundInstallControlService: Package event received: 0
03-21 16:15:14.953  2205  2205 D LoadedApk: Receiver not registered: com.android.server.UiModeManagerService$8@a9c7f97
03-21 16:15:14.956  2205  2805 D BackgroundInstallControlService: Package event received: 0
03-21 16:15:14.968  2205  2805 D BackgroundInstallControlService: Package event received: 0
03-21 16:15:14.980  2205  2805 D BackgroundInstallControlService: Package event received: 0
03-21 16:15:14.989  2205  2805 D BackgroundInstallControlService: Package event received: 0
03-21 16:15:15.001  2205  2805 D BackgroundInstallControlService: Package event received: 0
03-21 16:15:15.005  2205  2805 D BackgroundInstallControlService: Package event received: 0
03-21 16:15:15.016  2205  2266 I UsbPortManager: USB HAL HIDL version: 10
03-21 16:15:15.017  2205  2805 D BackgroundInstallControlService: Package event received: 0
03-21 16:15:15.020  2205  2266 W PermissionService: getPermissionFlags: Unknown user -1
03-21 16:15:15.020  2205  2266 W PermissionService: getPermissionFlags: Unknown user -1
03-21 16:15:15.020  2205  2266 D UsbDeviceManager: push notification:Charging this device via USB
03-21 16:15:15.022  2205  2266 W PermissionService: getPermissionFlags: Unknown user -1
03-21 16:15:15.022  2205  2266 W PermissionService: getPermissionFlags: Unknown user -1
03-21 16:15:15.027  2205  2805 D BackgroundInstallControlService: Package event received: 0
03-21 16:15:15.037  2205  2278 I ActivityManager: Start proc 6348:android.process.media/u0a478 for broadcast {com.android.mtp/com.android.mtp.MtpReceiver}
03-21 16:15:15.037  2205  2278 I ActivityManager: ProcessObserver broadcast disabled
03-21 16:15:15.047  2205  2805 D BackgroundInstallControlService: Package event received: 0
03-21 16:15:15.096  2205  2277 D CompatChangeReporter: Compat change id reported: 151861875; UID 10661; state: ENABLED
03-21 16:15:15.111  2205  2278 I ActivityManager: Start proc 6366:net.androgames.compass/u0a661 for broadcast {net.androgames.compass/com.umlaut.crowd.receiver.InsightReceiver}
03-21 16:15:15.111  2205  2278 I ActivityManager: ProcessObserver broadcast disabled
03-21 16:15:15.118  2205  2266 I UsbPortManager: USB HAL HIDL version: 10
03-21 16:15:15.160  2205  2230 W JobScheduler: Job didn't exist in JobStore: 5da7e4e #u0a545/101 com.google.android.apps.messaging/.shared.datamodel.action.execution.ActionJobService
03-21 16:15:15.222  2205  2205 W NotificationHistory: Attempted to add notif for locked/gone/disabled user 0
03-21 16:15:15.224  2205  2805 D BackgroundInstallControlService: Package event received: 0
03-21 16:15:15.227  2205  2205 W PermissionService: getPermissionFlags: Unknown user -1
03-21 16:15:15.228  2205  2230 D CompatChangeReporter: Compat change id reported: 311402873; UID 10661; state: ENABLED
03-21 16:15:15.228  2205  2230 D CompatChangeReporter: Compat change id reported: 323349338; UID 10661; state: ENABLED
03-21 16:15:15.229  2205  2205 W NotificationHistory: Attempted to add notif for locked/gone/disabled user 0
03-21 16:15:15.230  2205  2805 D BackgroundInstallControlService: Package event received: 0
03-21 16:15:15.251  2205  2805 D BackgroundInstallControlService: Package event received: 0
03-21 16:15:15.288  2205  2278 I ActivityManager: Start proc 6425:net.androgames.compass:tardis/u0a661 for broadcast {net.androgames.compass/com.cumberland.sdk.core.broadcast.receiver.SdkReceiver}
03-21 16:15:15.288  2205  2278 I ActivityManager: ProcessObserver broadcast disabled
03-21 16:15:15.342  2205  4084 D CompatChangeReporter: Compat change id reported: 297989574; UID 10661; state: ENABLED
03-21 16:15:15.400  1736  1736 W wificond: Failed to get NL80211_ATTR_MAX_NUM_AKM_SUITES
03-21 16:15:15.514  2205  2805 D BackgroundInstallControlService: Package event received: 0
03-21 16:15:15.628  2205  2805 D BackgroundInstallControlService: Package event received: 0
03-21 16:15:15.754  2205  2266 I UsbPortManager: USB HAL HIDL version: 10
03-21 16:15:15.893  2205  3057 W AppOps  : Noting op not finished: uid 10556 pkg com.google.android.gms code 113 startTime of in progress event=1774088024051
03-21 16:15:16.170  2205  2230 W JobScheduler: Job didn't exist in JobStore: ca88347 #u0a545/101 com.google.android.apps.messaging/.shared.datamodel.action.execution.ActionJobService
03-21 16:15:16.312  2205  3276 D CompatChangeReporter: Compat change id reported: 319212206; UID 10661; state: ENABLED
03-21 16:15:16.566  2205  2205 D LoadedApk: Receiver not registered: com.android.server.UiModeManagerService$8@a9c7f97
03-21 16:15:17.490  2205  2296 I DisplayPowerController[0]: BrightnessEvent: brt=0.1860106 (82.0%), nits= 202.74707, lux=3.6108289, reason=automatic, strat=AutomaticBrightnessStrategy, state=ON, stateReason=DEFAULT_POLICY, policy=BRIGHT, flags=, initBrt=0.24598643, rcmdBrt=0.1860106, preBrt=0.24598643, preLux=12.072308, wasShortTermModelActive=true, autoBrightness=true (default), unclampedBrt=0.1860106, hbmMax=0.4998779, hbmMode=off, thrmMax=1.0, rbcStrength=50, powerFactor=1.0, physDisp=Built-in Screen(local:4630946693002713985), logicalId=0, slowChange=true, rampSpeed=0.23228346
03-21 16:15:17.492  2205  2269 I BrightnessSynchronizer: [398] New Update 0.1860106(f) set brightness values:  48(i)
03-21 16:15:17.493  2205  2269 I BrightnessSynchronizer: Swallowing update of 48(i) by update: {[398] 0.1860106(f), mUpdatedTypes=1, mConfirmedTypes=1, mTimeUpdated=16213933}
03-21 16:15:17.493  2205  2269 I BrightnessSynchronizer: Completed Update: {[398] 0.1860106(f), mUpdatedTypes=1, mConfirmedTypes=1, mTimeUpdated=16213933}
03-21 16:15:17.566  2205  2205 D LoadedApk: Receiver not registered: com.android.server.UiModeManagerService$8@a9c7f97
03-21 16:15:18.584  2205  2205 D LoadedApk: Receiver not registered: com.android.server.UiModeManagerService$8@a9c7f97
03-21 16:15:19.565  2205  2205 D LoadedApk: Receiver not registered: com.android.server.UiModeManagerService$8@a9c7f97
03-21 16:15:19.998  2205  2296 I DisplayPowerController[0]: BrightnessEvent: brt=0.24598646 (87.0%), nits= 268.89783, lux=5.1767445, reason=automatic, strat=AutomaticBrightnessStrategy, state=ON, stateReason=DEFAULT_POLICY, policy=BRIGHT, flags=, initBrt=0.1860106, rcmdBrt=0.24598646, preBrt=0.1860106, preLux=3.6108289, wasShortTermModelActive=true, autoBrightness=true (default), unclampedBrt=0.24598646, hbmMax=0.4998779, hbmMode=off, thrmMax=1.0, rbcStrength=50, powerFactor=1.0, physDisp=Built-in Screen(local:4630946693002713985), logicalId=0, slowChange=true, rampSpeed=0.23228346
03-21 16:15:19.999  2205  2269 I BrightnessSynchronizer: [399] New Update 0.24598646(f) set brightness values:  63(i)
03-21 16:15:19.999  2205  2269 I BrightnessSynchronizer: Swallowing update of 63(i) by update: {[399] 0.24598646(f), mUpdatedTypes=1, mConfirmedTypes=1, mTimeUpdated=16216439}
03-21 16:15:19.999  2205  2269 I BrightnessSynchronizer: Completed Update: {[399] 0.24598646(f), mUpdatedTypes=1, mConfirmedTypes=1, mTimeUpdated=16216439}
03-21 16:15:20.565  2205  2205 D LoadedApk: Receiver not registered: com.android.server.UiModeManagerService$8@a9c7f97
03-21 16:15:20.886  6366  6443 D LoadedApk: Service not registered: m7.ve@5550e18
03-21 16:15:21.096  6425  6487 D LoadedApk: Service not registered: m7.ve@4e796b7
03-21 16:15:21.588  2205  2205 D LoadedApk: Receiver not registered: com.android.server.UiModeManagerService$8@a9c7f97
03-21 16:15:21.745  2205  3057 I LockSettingsService: Verifying lockscreen credential for user 0
03-21 16:15:21.805   826   826 I keystore2: system/security/keystore2/src/authorization.rs:112 - add_auth_token(challenge=0, userId=5199365488394550653, authId=0, authType=0x1, timestamp=92960403ms)
03-21 16:15:21.832   826   826 I keystore2: system/security/keystore2/src/authorization.rs:112 - add_auth_token(challenge=0, userId=-8727392348119062798, authId=0, authType=0x1, timestamp=92960431ms)
03-21 16:15:21.832  2205  3057 I LockSettingsService: Successfully verified lockscreen credential for user 0
03-21 16:15:21.833  2205  2736 D BiometricDeferredQueue: Fingerprint addPendingLockoutResetForUser: 0
03-21 16:15:21.833   826   826 I keystore2: system/security/keystore2/src/authorization.rs:126 - on_device_unlocked(user_id=0, password.is_some()=true)
03-21 16:15:21.833   826   826 I keystore2: system/security/keystore2/src/super_key.rs:1149 - unlock_user(user=0)
03-21 16:15:21.845  2205  3057 D LockSettingsService: CE storage for user 0 is already unlocked
03-21 16:15:21.846  2205  3057 D LockSettingsService: unlockUser finished
03-21 16:15:21.846  2205  3057 D SystemServerTiming: finishUserUnlocking-0
03-21 16:15:21.846  2205  3057 D LockSettingsService: unlockUser finished
03-21 16:15:21.846  2205  2736 D BiometricDeferredQueue: Processing pending resetLockouts(Generic)
03-21 16:15:21.846  2205  2736 D BiometricDeferredQueue: Resetting biometric lockout for user: 0
03-21 16:15:21.864   826   826 I keystore2: system/security/keystore2/src/authorization.rs:112 - add_auth_token(challenge=0, userId=-8727392348119062798, authId=0, authType=0x1, timestamp=92960462ms)
03-21 16:15:21.864  2205  2736 D BiometricService: resetLockout(userId=0, hat=present)
03-21 16:15:22.037  2205  3057 D WindowManager: Remove SleepToken: tag=keyguard, displayId=0
03-21 16:15:22.038  2205  3057 D ActivityTaskManager: Top Process State changed to PROCESS_STATE_TOP
03-21 16:15:22.043  2205  2805 D BackgroundInstallControlService: Package event received: 0
03-21 16:15:22.043  2205  2805 D BackgroundInstallControlService: Package event received: 0
03-21 16:15:22.043  2205  2805 D BackgroundInstallControlService: Package event received: 0
03-21 16:15:22.044  2862  2879 V WindowManagerShell: Transition requested (#454): android.os.BinderProxy@60128c7 TransitionRequestInfo { type = TO_BACK, triggerTask = null, pipChange = null, remoteTransition = null, displayChange = null, flags = 260, debugId = 454 }
03-21 16:15:22.048  2862  4032 V WindowManagerShell: onTransitionReady(transaction=9470402910434)
03-21 16:15:22.050  2862  2879 V WindowManagerShell: onTransitionReady (#454) android.os.BinderProxy@60128c7: {id=454 t=TO_BACK f=0x104 trk=0 r=[0@Point(0, 0)] c=[
03-21 16:15:22.050  2862  2879 V WindowManagerShell:         {m=TO_FRONT f=NONE p=WCT{android.window.IWindowContainerToken$Stub$Proxy@1904660} leash=Surface(name=Task=289)/@0x8cb861d sb=Rect(0, 0 - 1080, 2340) eb=Rect(0, 0 - 1080, 2340) epz=Point(1080, 2340) d=0 taskParent=-1},
03-21 16:15:22.050  2862  2879 V WindowManagerShell:         {m=TO_FRONT f=FLAG_IS_TASK_DISPLAY_AREA leash=Surface(name=DefaultTaskDisplayArea)/@0x8f32092 sb=Rect(0, 0 - 1080, 2340) eb=Rect(0, 0 - 1080, 2340) epz=Point(1080, 2340) d=0}
03-21 16:15:22.050  2862  2879 V WindowManagerShell:     ]}
03-21 16:15:22.050  2862  2879 V WindowManagerShell: Playing animation for (#454) android.os.BinderProxy@60128c7@0
03-21 16:15:22.050  2862  2879 V WindowManagerShell: start keyguard going-away transition, info = {id=454 t=TO_BACK f=0x104 trk=0 r=[0@Point(0, 0)] c=[{m=TO_FRONT f=NONE p=WCT{android.window.IWindowContainerToken$Stub$Proxy@1904660} leash=Surface(name=Task=289)/@0x8cb861d sb=Rect(0, 0 - 1080, 2340) eb=Rect(0, 0 - 1080, 2340) epz=Point(1080, 2340) d=0 taskParent=-1},{m=TO_FRONT f=FLAG_IS_TASK_DISPLAY_AREA leash=Surface(name=DefaultTaskDisplayArea)/@0x8f32092 sb=Rect(0, 0 - 1080, 2340) eb=Rect(0, 0 - 1080, 2340) epz=Point(1080, 2340) d=0}]}
03-21 16:15:22.050  2862  2879 D KeyguardService: Starts IRemoteAnimationRunner: info={id=454 t=TO_BACK f=0x104 trk=0 r=[0@Point(0, 0)] c=[{m=TO_FRONT f=NONE p=WCT{android.window.IWindowContainerToken$Stub$Proxy@1904660} leash=Surface(name=Task=289)/@0x8cb861d sb=Rect(0, 0 - 1080, 2340) eb=Rect(0, 0 - 1080, 2340) epz=Point(1080, 2340) d=0 taskParent=-1},{m=TO_FRONT f=FLAG_IS_TASK_DISPLAY_AREA leash=Surface(name=DefaultTaskDisplayArea)/@0x8f32092 sb=Rect(0, 0 - 1080, 2340) eb=Rect(0, 0 - 1080, 2340) epz=Point(1080, 2340) d=0}]}
03-21 16:15:22.051  2862  2879 V WindowManagerShell:  animated by com.android.wm.shell.keyguard.KeyguardTransitionHandler@f8dba6e
03-21 16:15:22.051  2205  2266 V WindowManager: Sent Transition (#454) createdAt=03-21 16:15:22.037 via request=TransitionRequestInfo { type = TO_BACK, triggerTask = null, pipChange = null, remoteTransition = null, displayChange = null, flags = 260, debugId = 454 }
03-21 16:15:22.051  2205  2266 V WindowManager:     startWCT=WindowContainerTransaction { changes= {} hops= [] errorCallbackToken=null taskFragmentOrganizer=null }
03-21 16:15:22.051  2205  2266 V WindowManager:     info={id=454 t=TO_BACK f=0x104 trk=0 r=[0@Point(0, 0)] c=[
03-21 16:15:22.051  2205  2266 V WindowManager:         {WCT{RemoteToken{daf1ec7 Task{21c11d7 #289 type=standard A=10696:com.airudra00.gorakhchat}}} m=TO_FRONT f=NONE p=WCT{RemoteToken{96f4210 DefaultTaskDisplayArea@137752826}} leash=Surface(name=Task=289)/@0xa397eeb sb=Rect(0, 0 - 1080, 2340) eb=Rect(0, 0 - 1080, 2340) epz=Point(1080, 2340) d=0 taskParent=-1},
03-21 16:15:22.051  2205  2266 V WindowManager:         {WCT{RemoteToken{96f4210 DefaultTaskDisplayArea@137752826}} m=TO_FRONT f=FLAG_IS_TASK_DISPLAY_AREA leash=Surface(name=DefaultTaskDisplayArea)/@0x533c67b sb=Rect(0, 0 - 1080, 2340) eb=Rect(0, 0 - 1080, 2340) epz=Point(1080, 2340) d=0}
03-21 16:15:22.051  2205  2266 V WindowManager:     ]}
03-21 16:15:22.065  2205  8311 W JobScheduler: Job didn't exist in JobStore: fe1d4a1 #u0a545/101 com.google.android.apps.messaging/.shared.datamodel.action.execution.ActionJobService
03-21 16:15:22.212  2205  2205 D LoadedApk: Receiver not registered: com.android.server.UiModeManagerService$8@a9c7f97
03-21 16:15:22.465   826   826 I keystore2: system/security/keystore2/src/authorization.rs:126 - on_device_unlocked(user_id=0, password.is_some()=false)
03-21 16:15:22.465  2205  2805 D BackgroundInstallControlService: Package event received: 0
03-21 16:15:22.475  2205  2230 D FingerprintProvider/default: Starting watchdog for fingerprint
03-21 16:15:22.475  2205  2230 E BiometricScheduler: Current operation is null,no need to start watchdog
03-21 16:15:22.475  2862  2862 D KeyguardService: Finish IRemoteAnimationRunner.
03-21 16:15:22.476  2862  2879 V WindowManagerShell: Transition animation finished (aborted=false), notifying core (#454) android.os.BinderProxy@60128c7@0
03-21 16:15:22.477  2205  2266 V WindowManager: Finish Transition (#454): created at 03-21 16:15:22.037 collect-started=0.059ms request-sent=0.084ms started=8.304ms ready=8.284ms sent=10.411ms commit=13.564ms finished=439.642ms
03-21 16:15:22.480  2862  2879 V WindowManagerShell: Track 0 became idle
03-21 16:15:22.480  2862  2879 V WindowManagerShell: All active transition animations finished
03-21 16:15:22.480  2205  3057 D SystemServerTiming: getUserSwitchability-0
03-21 16:15:22.480  2205  3057 D SystemServerTiming: TM.isInCall
03-21 16:15:22.481  2205  3057 D SystemServerTiming: hasUserRestriction-DISALLOW_USER_SWITCH
03-21 16:15:22.481  2205  3057 D SystemServerTiming: getInt-ALLOW_USER_SWITCHING_WHEN_SYSTEM_USER_LOCKED
03-21 16:15:22.481  2205  3057 D SystemServerTiming: isUserUnlocked-USER_SYSTEM
03-21 16:15:22.715  2205  2266 I UsbPortManager: USB HAL HIDL version: 10
03-21 16:15:22.770  2205 18606 W AdbDebuggingManager: Read failed with count -1
03-21 16:15:22.770  2205 18606 D AdbDebuggingManager: Closing socket
03-21 16:15:22.770  2205 18606 D AdbDebuggingManager: Creating socket
03-21 16:15:22.771  2205 18606 E AdbDebuggingManager: Caught an exception opening the socket: java.io.IOException: Connection refused
03-21 16:15:22.771  2205 18606 D AdbDebuggingManager: Closing socket
03-21 16:15:22.837  6348  6348 D LoadedApk: Receiver not registered: android.mtp.MtpDatabase$1@4976a46
03-21 16:15:22.868  2205  2266 W ActivityTaskManager: callingPackage for (uid=1000, pid=2205) is ambiguous: [android, com.android.providers.settings, org.lineageos.lineagesettings, com.android.server.telecom, com.android.location.fused]
03-21 16:15:22.877  2205  2266 I ActivityTaskManager: START u0 {flg=0x10000000 xflg=0x4 cmp=com.android.systemui/.usb.UsbFunctionActivity} with LAUNCH_MULTIPLE from uid 1000 (BAL_ALLOW_ALLOWLISTED_UID) result code=0
03-21 16:15:22.878  2862  2879 V WindowManagerShell: Transition requested (#455): android.os.BinderProxy@a0a30e2 TransitionRequestInfo { type = OPEN, triggerTask = TaskInfo{userId=0 taskId=290 effectiveUid=10610 displayId=0 isRunning=true baseIntent=Intent { flg=0x10800000 cmp=com.android.systemui/.usb.UsbFunctionActivity } baseActivity=ComponentInfo{com.android.systemui/com.android.systemui.usb.UsbFunctionActivity} topActivity=ComponentInfo{com.android.systemui/com.android.systemui.usb.UsbFunctionActivity} origActivity=null realActivity=ComponentInfo{com.android.systemui/com.android.systemui.usb.UsbFunctionActivity} numActivities=1 lastActiveTime=92957706 supportsMultiWindow=true resizeMode=1 isResizeable=true minWidth=-1 minHeight=-1 defaultMinSize=220 token=WCT{android.window.IWindowContainerToken$Stub$Proxy@207dc73} topActivityType=1 pictureInPictureParams=null shouldDockBigOverlays=false launchIntoPipHostTaskId=-1 lastParentTaskIdBeforePip=-1 displayCutoutSafeInsets=Rect(0, 0 - 0, 0) topActivityInfo=ActivityInfo{6761730 com.android.systemui.usb.UsbFunctionActivity} launchCookies=[] positionInParent=Point(0, 0) parentTaskId=-1 isFocused=false isVisible=false isVisibleRequested=false isTopActivityNoDisplay=false isSleeping=false locusId=null displayAreaFeatureId=1 isTopActivityTransparent=true isActivityStackTransparent=true lastNonFullscreenBounds=Rect(273, 645 - 808, 1725) capturedLink=null capturedLinkTimestamp=0 requestedVisibleTypes=-9 topActivityRequestOpenInBrowserEducationTimestamp=0 appCompatTaskInfo=AppCompatTaskInfo { topActivityInSizeCompat=false eligibleForLetterboxEducation= false isLetterboxEducationEnabled= false isLetterboxDoubleTapEnabled= false eligibleForUserAspectRatioButton= false topActivityBoundsLetterboxed= false isFromLetterboxDoubleTap= false topActivityLetterboxVerticalPosition= -1 topActivityLetterboxHorizontalPosition= -1 topActivityLetterboxWidth=-1 topActivityLetterboxHeight=-1 topActivityAppBounds=Rect(0, 0 - 1080, 2340) isUserFullscreenOverrideEnabled=false isSystemFullscreenOverrideEnabled=false hasMinAspectRatioOverride=false topActivityLetterboxBounds=null cameraCompatTaskInfo=CameraCompatTaskInfo { freeformCameraCompatMode=inactive}} topActivityMainWindowFrame=null}, pipChange = null, remoteTransition = null, displayChange = null, flags = 0, debugId = 455 }
03-21 16:15:22.878  2862  2879 D ShellSplitScreen: logExit: no-op, mLoggerSessionId is null
03-21 16:15:22.878  2205  2805 D BackgroundInstallControlService: Package event received: 0
03-21 16:15:22.883  2205  2266 W Looper  : Slow dispatch took 168ms android.fg app=system_server main=false group=FOREGROUND h=com.android.server.usb.UsbDeviceManager$UsbHandlerLegacy c=null m=13
03-21 16:15:22.885  2205  2266 D AdbDebuggingManager: adbd socket disconnected
03-21 16:15:22.885  2205  2805 D BackgroundInstallControlService: Package event received: 0
03-21 16:15:22.885  2205  2805 D BackgroundInstallControlService: Package event received: 0
03-21 16:15:22.887  2205  2266 D AdbDebuggingManager: adbd socket disconnected
03-21 16:15:22.928  2862  3041 V WindowManagerShell: onTransitionReady(transaction=9470402910473)
03-21 16:15:22.928  2862  2879 V WindowManagerShell: onTransitionReady (#455) android.os.BinderProxy@a0a30e2: {id=455 t=OPEN f=0x0 trk=0 r=[0@Point(0, 0)] c=[
03-21 16:15:22.928  2862  2879 V WindowManagerShell:         {m=OPEN f=TRANSLUCENT leash=Surface(name=Task=290)/@0xd681eb7 sb=Rect(0, 0 - 1080, 2340) eb=Rect(0, 0 - 1080, 2340) epz=Point(1080, 2340) d=0 taskParent=-1}
03-21 16:15:22.928  2862  2879 V WindowManagerShell:     ]}
03-21 16:15:22.928  2862  2879 V WindowManagerShell: Playing animation for (#455) android.os.BinderProxy@a0a30e2@0
03-21 16:15:22.928  2862  2879 V ShellRecents: RecentsTransitionHandler.startAnimation: no controller found
03-21 16:15:22.928  2862  2879 V WindowManagerShell: Transition doesn't have explicit remote, search filters for match for {id=455 t=OPEN f=0x0 trk=0 r=[0@Point(0, 0)] c=[{m=OPEN f=TRANSLUCENT leash=Surface(name=Task=290)/@0xd681eb7 sb=Rect(0, 0 - 1080, 2340) eb=Rect(0, 0 - 1080, 2340) epz=Point(1080, 2340) d=0 taskParent=-1}]}
03-21 16:15:22.928  2862  2879 V WindowManagerShell:  Checking filter Pair{{types=[] flags=0x0] notFlags=0x0 checks=[{atype=undefined independent=true modes=[CLOSE,TO_BACK] flags=IN_TASK_WITH_EMBEDDED_ACTIVITY mustBeTask=false order=ANY topActivity=null launchCookie=null taskFragmentToken=android.os.BinderProxy@3c01a92 windowingMode=undefined}]} RemoteTransition { remoteTransition = android.window.IRemoteTransition$Stub$Proxy@fcffc63, appThread = android.app.IApplicationThread$Stub$Proxy@206d060, debugName = overlayBackTransition }}
03-21 16:15:22.928  2862  2879 V WindowManagerShell:  Checking filter Pair{{types=[] flags=0x0] notFlags=0x0 checks=[{atype=dream independent=true modes=[OPEN,TO_FRONT] flags=NONE mustBeTask=false order=ANY topActivity=null launchCookie=null windowingMode=undefined},{atype=home independent=true modes=[CLOSE,TO_BACK] flags=NONE mustBeTask=false order=ANY topActivity=null launchCookie=null windowingMode=undefined}]} RemoteTransition { remoteTransition = android.window.IRemoteTransition$Stub$Proxy@aa42919, appThread = android.app.IApplicationThread$Stub$Proxy@ec14dde, debugName = LauncherToDream }}
03-21 16:15:22.928  2862  2879 V WindowManagerShell:  Checking filter Pair{{types=[] flags=0x0] notFlags=0x100 checks=[{atype=home independent=true modes=[OPEN,TO_FRONT] flags=NONE mustBeTask=false order=TOP topActivity=ComponentInfo{com.google.android.apps.nexuslauncher/com.google.android.apps.nexuslauncher.NexusLauncherActivity} launchCookie=null windowingMode=undefined},{atype=standard independent=true modes=[CLOSE,TO_BACK] flags=NONE mustBeTask=false order=ANY topActivity=null launchCookie=null windowingMode=undefined},{NOT atype=undefined independent=true modes=[] flags=NONE mustBeTask=true order=ANY topActivity=null launchCookie=null customAnim=true windowingMode=undefined}]} RemoteTransition { remoteTransition = android.window.IRemoteTransition$Stub$Proxy@5bbfbbf, appThread = android.app.IApplicationThread$Stub$Proxy@c78928c, debugName = QuickstepLaunchHome }}
03-21 16:15:22.928  2862  2879 V WindowManagerShell:  Delegate animation for (#455) to null
03-21 16:15:22.928  2862  2879 V WindowManagerShell: start default transition animation, info = {id=455 t=OPEN f=0x0 trk=0 r=[0@Point(0, 0)] c=[{m=OPEN f=TRANSLUCENT leash=Surface(name=Task=290)/@0xd681eb7 sb=Rect(0, 0 - 1080, 2340) eb=Rect(0, 0 - 1080, 2340) epz=Point(1080, 2340) d=0 taskParent=-1}]}
03-21 16:15:22.929  2862  2879 V WindowManagerShell: loadAnimation: anim=android.view.animation.AnimationSet@bd5ef53 animAttr=0x4 type=OPEN isEntrance=true
03-21 16:15:22.929  2862  2879 V WindowManagerShell:  animated by com.android.wm.shell.transition.DefaultTransitionHandler@f9036fa
03-21 16:15:22.931  2205  2266 V WindowManager: Sent Transition (#455) createdAt=03-21 16:15:22.870 via request=TransitionRequestInfo { type = OPEN, triggerTask = TaskInfo{userId=0 taskId=290 effectiveUid=10610 displayId=0 isRunning=true baseIntent=Intent { flg=0x10800000 cmp=com.android.systemui/.usb.UsbFunctionActivity } baseActivity=ComponentInfo{com.android.systemui/com.android.systemui.usb.UsbFunctionActivity} topActivity=ComponentInfo{com.android.systemui/com.android.systemui.usb.UsbFunctionActivity} origActivity=null realActivity=ComponentInfo{com.android.systemui/com.android.systemui.usb.UsbFunctionActivity} numActivities=1 lastActiveTime=92957706 supportsMultiWindow=true resizeMode=1 isResizeable=true minWidth=-1 minHeight=-1 defaultMinSize=220 token=WCT{RemoteToken{fd8c019 Task{deb4f73 #290 type=standard A=10610:com.android.systemui}}} topActivityType=1 pictureInPictureParams=null shouldDockBigOverlays=false launchIntoPipHostTaskId=-1 lastParentTaskIdBeforePip=-1 displayCutoutSafeInsets=Rect(0, 0 - 0, 0) topActivityInfo=ActivityInfo{62798de com.android.systemui.usb.UsbFunctionActivity} launchCookies=[] positionInParent=Point(0, 0) parentTaskId=-1 isFocused=false isVisible=false isVisibleRequested=false isTopActivityNoDisplay=false isSleeping=false locusId=null displayAreaFeatureId=1 isTopActivityTransparent=true isActivityStackTransparent=true lastNonFullscreenBounds=Rect(273, 645 - 808, 1725) capturedLink=null capturedLinkTimestamp=0 requestedVisibleTypes=-9 topActivityRequestOpenInBrowserEducationTimestamp=0 appCompatTaskInfo=AppCompatTaskInfo { topActivityInSizeCompat=false eligibleForLetterboxEducation= false isLetterboxEducationEnabled= false isLetterboxDoubleTapEnabled= false eligibleForUserAspectRatioButton= false topActivityBoundsLetterboxed= false isFromLetterboxDoubleTap= false topActivityLetterboxVerticalPosition= -1 topActivityLetterboxHorizontalPosition= -1 topActivityLetterboxWidth=-1 topActivityLetterboxHeight=-1 topActivityAppBounds=Rect(0, 0 - 1080, 2340) isUserFullscreenOverrideEnabled=false isSystemFullscreenOverrideEnabled=false hasMinAspectRatioOverride=false topActivityLetterboxBounds=null cameraCompatTaskInfo=CameraCompatTaskInfo { freeformCameraCompatMode=inactive}} topActivityMainWindowFrame=null}, pipChange = null, remoteTransition = null, displayChange = null, flags = 0, debugId = 455 }
03-21 16:15:22.931  2205  2266 V WindowManager:     startWCT=WindowContainerTransaction { changes= {} hops= [] errorCallbackToken=null taskFragmentOrganizer=null }
03-21 16:15:22.931  2205  2266 V WindowManager:     info={id=455 t=OPEN f=0x0 trk=0 r=[0@Point(0, 0)] c=[
