03-21 15:58:30.018  3935  3935 D ActivityThread: Package [com.airudra00.gorakhchat] reported as REPLACED, but missing application info. Assuming REMOVED.
03-21 15:58:30.019  3515  3515 D ActivityThread: Package [com.airudra00.gorakhchat] reported as REPLACED, but missing application info. Assuming REMOVED.
03-21 15:58:30.019  3089  3089 D ActivityThread: Package [com.airudra00.gorakhchat] reported as REPLACED, but missing application info. Assuming REMOVED.
03-21 15:58:30.019 28689 28689 D ActivityThread: Package [com.airudra00.gorakhchat] reported as REPLACED, but missing application info. Assuming REMOVED.
03-21 15:58:30.019  3912  3912 D ActivityThread: Package [com.airudra00.gorakhchat] reported as REPLACED, but missing application info. Assuming REMOVED.
03-21 15:58:30.020  3955  3955 D ActivityThread: Package [com.airudra00.gorakhchat] reported as REPLACED, but missing application info. Assuming REMOVED.
03-21 15:58:30.020  3924  3924 D ActivityThread: Package [com.airudra00.gorakhchat] reported as REPLACED, but missing application info. Assuming REMOVED.
03-21 15:58:30.020  4027  4027 D ActivityThread: Package [com.airudra00.gorakhchat] reported as REPLACED, but missing application info. Assuming REMOVED.
03-21 15:58:30.020  4053  4053 D ActivityThread: Package [com.airudra00.gorakhchat] reported as REPLACED, but missing application info. Assuming REMOVED.
03-21 15:58:30.020  5403  5403 D ActivityThread: Package [com.airudra00.gorakhchat] reported as REPLACED, but missing application info. Assuming REMOVED.
03-21 15:58:30.020  2862  2862 D ActivityThread: Package [com.airudra00.gorakhchat] reported as REPLACED, but missing application info. Assuming REMOVED.
03-21 15:58:30.020  4089  4089 D ActivityThread: Package [com.airudra00.gorakhchat] reported as REPLACED, but missing application info. Assuming REMOVED.
03-21 15:58:30.020  3948  3948 D ActivityThread: Package [com.airudra00.gorakhchat] reported as REPLACED, but missing application info. Assuming REMOVED.
03-21 15:58:30.021  2205  2754 E AppOps  : attributionTag VCN not declared in manifest of android
03-21 15:58:30.021  3498  3498 D ActivityThread: Package [com.airudra00.gorakhchat] reported as REPLACED, but missing application info. Assuming REMOVED.
03-21 15:58:30.021  3146  3146 D ActivityThread: Package [com.airudra00.gorakhchat] reported as REPLACED, but missing application info. Assuming REMOVED.
03-21 15:58:30.021  3103  3103 D ActivityThread: Package [com.airudra00.gorakhchat] reported as REPLACED, but missing application info. Assuming REMOVED.
03-21 15:58:30.021  5725  5725 D ActivityThread: Package [com.airudra00.gorakhchat] reported as REPLACED, but missing application info. Assuming REMOVED.
03-21 15:58:30.022  3170  3170 D ActivityThread: Package [com.airudra00.gorakhchat] reported as REPLACED, but missing application info. Assuming REMOVED.
03-21 15:58:30.022  3089  3089 D ActivityThread: Package [com.airudra00.gorakhchat] reported as REPLACED, but missing application info. Assuming REMOVED.
03-21 15:58:30.022  3059  3059 D ActivityThread: Package [com.airudra00.gorakhchat] reported as REPLACED, but missing application info. Assuming REMOVED.
03-21 15:58:30.022 28689 28689 D ActivityThread: Package [com.airudra00.gorakhchat] reported as REPLACED, but missing application info. Assuming REMOVED.
03-21 15:58:30.022  3005  3005 D ActivityThread: Package [com.airudra00.gorakhchat] reported as REPLACED, but missing application info. Assuming REMOVED.
03-21 15:58:30.022  3935  3935 D ActivityThread: Package [com.airudra00.gorakhchat] reported as REPLACED, but missing application info. Assuming REMOVED.
03-21 15:58:30.022  4491  4491 D ActivityThread: Package [com.airudra00.gorakhchat] reported as REPLACED, but missing application info. Assuming REMOVED.
03-21 15:58:30.022  3924  3924 D ActivityThread: Package [com.airudra00.gorakhchat] reported as REPLACED, but missing application info. Assuming REMOVED.
03-21 15:58:30.022  3515  3515 D ActivityThread: Package [com.airudra00.gorakhchat] reported as REPLACED, but missing application info. Assuming REMOVED.
03-21 15:58:30.022  5712  5712 D ActivityThread: Package [com.airudra00.gorakhchat] reported as REPLACED, but missing application info. Assuming REMOVED.
03-21 15:58:30.022  4053  4053 D ActivityThread: Package [com.airudra00.gorakhchat] reported as REPLACED, but missing application info. Assuming REMOVED.
03-21 15:58:30.023  5936  5936 D ActivityThread: Package [com.airudra00.gorakhchat] reported as REPLACED, but missing application info. Assuming REMOVED.
03-21 15:58:30.023  5725  5725 D ActivityThread: Package [com.airudra00.gorakhchat] reported as REPLACED, but missing application info. Assuming REMOVED.
03-21 15:58:30.023  2862  2862 D ActivityThread: Package [com.airudra00.gorakhchat] reported as REPLACED, but missing application info. Assuming REMOVED.
03-21 15:58:30.023  5936  5936 D ActivityThread: Package [com.airudra00.gorakhchat] reported as REPLACED, but missing application info. Assuming REMOVED.
03-21 15:58:30.023  4491  4491 D ActivityThread: Package [com.airudra00.gorakhchat] reported as REPLACED, but missing application info. Assuming REMOVED.
03-21 15:58:30.024  3515  3515 D ActivityThread: Package [com.airudra00.gorakhchat] reported as REPLACED, but missing application info. Assuming REMOVED.
03-21 15:58:30.025  3005  3005 D ActivityThread: Package [com.airudra00.gorakhchat] reported as REPLACED, but missing application info. Assuming REMOVED.
03-21 15:58:30.027  2993  2993 D ActivityThread: Package [com.airudra00.gorakhchat] reported as REPLACED, but missing application info. Assuming REMOVED.
03-21 15:58:30.028  5403  5403 D ActivityThread: Package [com.airudra00.gorakhchat] reported as REPLACED, but missing application info. Assuming REMOVED.
03-21 15:58:30.029  4089  4089 D ActivityThread: Package [com.airudra00.gorakhchat] reported as REPLACED, but missing application info. Assuming REMOVED.
03-21 15:58:30.036  2205  2205 D ActivityManager: sync unfroze 5696 com.android.settings for 10
03-21 15:58:30.037  5696  5696 D ActivityThread: Package [com.airudra00.gorakhchat] reported as REPLACED, but missing application info. Assuming REMOVED.
03-21 15:58:30.038  4089  4089 D ActivityThread: Package [com.airudra00.gorakhchat] reported as REPLACED, but missing application info. Assuming REMOVED.
03-21 15:58:30.039  3912  3912 D ActivityThread: Package [com.airudra00.gorakhchat] reported as REPLACED, but missing application info. Assuming REMOVED.
03-21 15:58:30.040  5696  5696 D ActivityThread: Package [com.airudra00.gorakhchat] reported as REPLACED, but missing application info. Assuming REMOVED.
03-21 15:58:30.042  2205  2205 I Telecom : CarModeTracker: Package com.airudra00.gorakhchat is not tracked.: SSH.oR@H5w
03-21 15:58:30.042  2205  2205 I Telecom : InCallController: updateCarModeForConnections: car mode apps: : SSH.oR@H5w
03-21 15:58:30.042  2205  2205 I Telecom : InCallController: update carmode current:UserHandle{0} parent:null: SSH.oR@H5w
03-21 15:58:30.044  5696  5696 D ActivityThread: Package [com.airudra00.gorakhchat] reported as REPLACED, but missing application info. Assuming REMOVED.
03-21 15:58:30.047  2205  2805 D BackgroundInstallControlService: Package event received: 0
03-21 15:58:30.052  2205  2269 V WindowManager: Unknown focus tokens, dropping reportFocusChanged
03-21 15:58:30.061  2205  2278 I ActivityManager: Start proc 5993:com.android.keychain/1000 for service {com.android.keychain/com.android.keychain.KeyChainService}
03-21 15:58:30.061  2205  2278 I ActivityManager: ProcessObserver broadcast disabled
03-21 15:58:30.065  2205  2805 D BackgroundInstallControlService: Package event received: 0
03-21 15:58:30.147  2205  2269 W ActivityManager: setHasOverlayUi called on unknown pid: 1965
03-21 15:58:30.147  2205  3490 V ActivityManager: Got obituary of 1965:com.airudra00.gorakhchat
03-21 15:58:30.159  1205  1205 D ActivityThread: Package [com.airudra00.gorakhchat] reported as REPLACED, but missing application info. Assuming REMOVED.
03-21 15:58:30.161  2205  2205 D BackupManagerConstants: getFullBackupIntervalMilliseconds(...) returns 86400000
03-21 15:58:30.161  2205  2205 D BackupManagerConstants: getFullBackupRequiredNetworkType(...) returns 2
03-21 15:58:30.161  2205  2205 D BackupManagerConstants: getFullBackupRequireCharging(...) returns true
03-21 15:58:30.169  1205  1205 D ActivityThread: Package [com.airudra00.gorakhchat] reported as REPLACED, but missing application info. Assuming REMOVED.
03-21 15:58:30.170  1205  1205 D ActivityThread: Package [com.airudra00.gorakhchat] reported as REPLACED, but missing application info. Assuming REMOVED.
03-21 15:58:30.198  9092  9092 D ActivityThread: Package [com.airudra00.gorakhchat] reported as REPLACED, but missing application info. Assuming REMOVED.
03-21 15:58:30.201  2205  2205 W Looper  : Slow delivery took 202ms main app=system_server main=true group=FOREGROUND h=android.os.Handler c=com.android.internal.content.PackageMonitor$$ExternalSyntheticLambda0@be24ed9 m=0
03-21 15:58:30.201  2205  2205 D ActivityThread: Package [com.airudra00.gorakhchat] reported as REPLACED, but missing application info. Assuming REMOVED.
03-21 15:58:30.201  2205  2205 D ActivityThread: Package [com.airudra00.gorakhchat] reported as REPLACED, but missing application info. Assuming REMOVED.
03-21 15:58:30.201  2205  2205 D ActivityThread: Package [com.airudra00.gorakhchat] reported as REPLACED, but missing application info. Assuming REMOVED.
03-21 15:58:30.203  9092  9092 D ActivityThread: Package [com.airudra00.gorakhchat] reported as REPLACED, but missing application info. Assuming REMOVED.
03-21 15:58:30.209  2205  2205 W AlarmManager: Package com.airudra00.gorakhchat, uid 10696 lost permission to set exact alarms!
03-21 15:58:30.209  2205  2205 W Looper  : Drained
03-21 15:58:30.210  9092  9092 D ActivityThread: Package [com.airudra00.gorakhchat] reported as REPLACED, but missing application info. Assuming REMOVED.
03-21 15:58:30.228  2205 19116 V Configuration: Updating configuration, locales updated from [] to [en_US_#u-mu-celsius]
03-21 15:58:30.228  2205 19116 V Configuration: Updating configuration, locales updated from [] to [en_US_#u-mu-celsius]
03-21 15:58:30.235  2205 19116 V Configuration: Updating configuration, locales updated from [] to [en_US_#u-mu-celsius]
03-21 15:58:30.235  2205 19116 V Configuration: Updating configuration, locales updated from [] to [en_US_#u-mu-celsius]
03-21 15:58:30.235  2205 19116 V Configuration: Updating configuration, locales updated from [] to [en_US_#u-mu-celsius]
03-21 15:58:30.242  2205 19116 V Configuration: Updating configuration, locales updated from [] to [en_US_#u-mu-celsius]
03-21 15:58:30.242  2205 19116 V Configuration: Updating configuration, locales updated from [] to [en_US_#u-mu-celsius]
03-21 15:58:30.247  3155  3155 D ActivityThread: Package [com.airudra00.gorakhchat] reported as REPLACED, but missing application info. Assuming REMOVED.
03-21 15:58:30.247  3155  3155 D ActivityThread: Package [com.airudra00.gorakhchat] reported as REPLACED, but missing application info. Assuming REMOVED.
03-21 15:58:30.249  2205 19116 V Configuration: Updating configuration, locales updated from [] to [en_US_#u-mu-celsius]
03-21 15:58:30.249  2205 19116 V Configuration: Updating configuration, locales updated from [] to [en_US_#u-mu-celsius]
03-21 15:58:30.251  3155  3155 D ActivityThread: Package [com.airudra00.gorakhchat] reported as REPLACED, but missing application info. Assuming REMOVED.
03-21 15:58:30.264 20466 20466 D ActivityThread: Package [com.airudra00.gorakhchat] reported as REPLACED, but missing application info. Assuming REMOVED.
03-21 15:58:30.266 20466 20466 D ActivityThread: Package [com.airudra00.gorakhchat] reported as REPLACED, but missing application info. Assuming REMOVED.
03-21 15:58:30.266 20466 20466 D ActivityThread: Package [com.airudra00.gorakhchat] reported as REPLACED, but missing application info. Assuming REMOVED.
03-21 15:58:30.274  2205  2729 V AccessibilityManagerService: onUserStateChangedLocked for userId: 0, forceUpdate: false
03-21 15:58:30.275  2205  2729 W MagnificationConnectionManager: requestConnection duplicated request: connect=false, mConnectionState=DISCONNECTED
03-21 15:58:30.280  2205 19116 V Configuration: Updating configuration, locales updated from [] to [en_US_#u-mu-celsius]
03-21 15:58:30.283  2205 19116 V Configuration: Updating configuration, locales updated from [] to [en_US_#u-mu-celsius]
03-21 15:58:30.283  2205 19116 V Configuration: Updating configuration, locales updated from [] to [en_US_#u-mu-celsius]
03-21 15:58:30.283  2205 19116 V Configuration: Updating configuration, locales updated from [] to [en_US_#u-mu-celsius]
03-21 15:58:30.283  2205 19116 V Configuration: Updating configuration, locales updated from [] to [en_US_#u-mu-celsius]
03-21 15:58:30.283  2205 19116 V Configuration: Updating configuration, locales updated from [] to [en_US_#u-mu-celsius]
03-21 15:58:30.283  2205 19116 V Configuration: Updating configuration, locales updated from [] to [en_US_#u-mu-celsius]
03-21 15:58:30.283  2205 19116 V Configuration: Updating configuration, locales updated from [] to [en_US_#u-mu-celsius]
03-21 15:58:30.302  2205 19116 V Configuration: Updating configuration, locales updated from [] to [en_US_#u-mu-celsius]
03-21 15:58:30.312  2205  2729 V AccessibilityManagerService: onUserStateChangedLocked for userId: 0, forceUpdate: false
03-21 15:58:30.317  2205  2278 I ActivityManager: Start proc 6014:com.google.android.odad/u0a534 for service {com.google.android.odad/com.google.android.apps.miphone.odad.contentprotection.ContentProtectionService}
03-21 15:58:30.317  2205  2278 I ActivityManager: ProcessObserver broadcast disabled
03-21 15:58:30.322  2205  2729 W MagnificationConnectionManager: requestConnection duplicated request: connect=false, mConnectionState=DISCONNECTED
03-21 15:58:30.326  2205 19116 V Configuration: Updating configuration, locales updated from [] to [en_US_#u-mu-celsius]
03-21 15:58:30.327  2205 19116 V Configuration: Updating configuration, locales updated from [] to [en_US_#u-mu-celsius]
03-21 15:58:30.327  2205 19116 V Configuration: Updating configuration, locales updated from [] to [en_US_#u-mu-celsius]
03-21 15:58:30.327  2205 19116 V Configuration: Updating configuration, locales updated from [] to [en_US_#u-mu-celsius]
03-21 15:58:30.327  2205 19116 V Configuration: Updating configuration, locales updated from [] to [en_US_#u-mu-celsius]
03-21 15:58:30.327  2205 19116 V Configuration: Updating configuration, locales updated from [] to [en_US_#u-mu-celsius]
03-21 15:58:30.327  2205 19116 V Configuration: Updating configuration, locales updated from [] to [en_US_#u-mu-celsius]
03-21 15:58:30.328  2205 19116 V Configuration: Updating configuration, locales updated from [] to [en_US_#u-mu-celsius]
03-21 15:58:30.338  2205  2805 D BackgroundInstallControlService: Package event received: 0
03-21 15:58:30.354  2205  2805 D BackgroundInstallControlService: Package event received: 0
03-21 15:58:30.365  2205  2205 I RemoteContentProtectionService: Connection status for: ComponentInfo{com.google.android.odad/com.google.android.apps.miphone.odad.contentprotection.ContentProtectionService} changed to: connected
03-21 15:58:30.404  2205  4201 I ActivityManager: Background started FGS: Allowed [callingPackage: com.google.android.odad; callingUid: 10534; uidState: IMPF; uidBFSL: n/a; intent: Intent { xflg=0x4 cmp=com.google.android.odad/com.google.android.apps.miphone.odad.backgroundwork.impl.WorkService (has extras) }; code:BACKGROUND_ACTIVITY_PERMISSION; tempAllowListReason:<null>; allowWiu:58; targetSdkVersion:36; callerTargetSdkVersion:36; startForegroundCount:0; bindFromPackage:null: isBindService:false]
03-21 15:58:30.409  2205  4201 W ForegroundServiceTypeLoggerModule: Foreground service start for UID: 10534 does not have any types
03-21 15:58:30.410  2205  2805 D BackgroundInstallControlService: Package event received: 0
03-21 15:58:30.493  2205  2805 D BackgroundInstallControlService: Package event received: 0
03-21 15:58:30.504  2205  2278 I ActivityManager: Start proc 6038:com.google.android.apps.wellbeing/u0a555 for content provider {com.google.android.apps.wellbeing/com.google.android.apps.wellbeing.api.impl.WellbeingSettingsProvider}
03-21 15:58:30.504  2205  2278 I ActivityManager: ProcessObserver broadcast disabled
03-21 15:58:30.620  2205  2805 D BackgroundInstallControlService: Package event received: 0
03-21 15:58:30.877  2205  8306 W ForegroundServiceTypeLoggerModule: FGS stop call for: 10534 has no types!
03-21 15:58:30.879  2205  2805 D BackgroundInstallControlService: Package event received: 0
03-21 15:58:30.879  2205  2805 D BackgroundInstallControlService: Package event received: 0
03-21 15:58:30.882  2862  2879 V ShellRecents: RecentsTransitionHandler.startRecentsTransition
03-21 15:58:30.883  2862  2879 V WindowManagerShell: Directly starting a new transition type=TO_FRONT wct=WindowContainerTransaction { changes= {} hops= [{pendingIntent: options=Bundle[{android.activity.splashScreenStyle=-1, android.activity.sourceInfo=Supplier{VAL_PARCELABLE@148+104}, android.pendingIntent.backgroundActivityAllowed=3, android:activity.animAbortListener=null, android.activity.transientLaunch=true}]}] errorCallbackToken=null taskFragmentOrganizer=null } handler=com.android.wm.shell.recents.RecentsTransitionHandler@d110ae
03-21 15:58:30.889  2205  2805 D BackgroundInstallControlService: Package event received: 0
03-21 15:58:30.889  2205  2805 D BackgroundInstallControlService: Package event received: 0
03-21 15:58:30.891  2862  2879 V ShellRecents: [265292874] RecentsController.setTransition: id=android.os.BinderProxy@24e6db5
03-21 15:58:30.893  2205  2805 D BackgroundInstallControlService: Package event received: 0
03-21 15:58:30.915  2862  3055 V WindowManagerShell: onTransitionReady(transaction=9470402910159)
03-21 15:58:30.916  2862  2879 V WindowManagerShell: onTransitionReady (#451) android.os.BinderProxy@24e6db5: {id=451 t=TO_FRONT f=0x80 trk=0 r=[0@Point(0, 0)] c=[
03-21 15:58:30.916  2862  2879 V WindowManagerShell:         {m=TO_FRONT f=SHOW_WALLPAPER|MOVE_TO_TOP leash=Surface(name=Task=1)/@0xa8ff7bb sb=Rect(0, 0 - 1080, 2340) eb=Rect(0, 0 - 1080, 2340) epz=Point(1080, 2340) d=0 taskParent=-1},
03-21 15:58:30.916  2862  2879 V WindowManagerShell:         {m=TO_BACK f=NONE leash=Surface(name=Task=273)/@0x269a4d8 sb=Rect(0, 0 - 1080, 2340) eb=Rect(0, 0 - 1080, 2340) epz=Point(1080, 2340) d=0 taskParent=-1},
03-21 15:58:30.916  2862  2879 V WindowManagerShell:         {m=TO_FRONT f=IS_WALLPAPER leash=Surface(name=WallpaperWindowToken{e9ee5c5 showWhenLocked=false})/@0xe453031 sb=Rect(0, 0 - 1080, 2340) eb=Rect(0, 0 - 1080, 2340) epz=Point(1080, 2340) d=0}
03-21 15:58:30.916  2862  2879 V WindowManagerShell:     ]}
03-21 15:58:30.916  2862  2879 V WindowManagerShell: Playing animation for (#451) android.os.BinderProxy@24e6db5@0
03-21 15:58:30.916  2862  2879 V WindowManagerShell:  try firstHandler com.android.wm.shell.recents.RecentsTransitionHandler@d110ae
03-21 15:58:30.916  2862  2879 V ShellRecents: [265292874] RecentsController.start
03-21 15:58:30.916  2862  2879 V ShellRecents:   not handling home taskId=1
03-21 15:58:30.917  2862  2879 V ShellRecents:   adding pausing leaf taskId=273 at layer=8
03-21 15:58:30.917  2862  2879 V ShellRecents: Applying transaction=9470402910159
03-21 15:58:30.917  2862  2879 V ShellRecents: No matching remote found to takeover (#451)
03-21 15:58:30.917  2862  2879 V ShellSplitScreen: getSplitBoundsForTaskId: expected split bounds for taskId=273 but not found
03-21 15:58:30.917  2862  2879 V ShellRecents: [265292874] RecentsController.start: calling onAnimationStart with 2 apps
03-21 15:58:30.918  2862  2879 V WindowManagerShell:  animated by firstHandler
03-21 15:58:30.919  2205  2266 V WindowManager: Sent Transition (#451) createdAt=03-21 15:58:30.884
03-21 15:58:30.920  2205  2266 V WindowManager:     startWCT=WindowContainerTransaction { changes= {} hops= [{pendingIntent: options=Bundle[{android.activity.splashScreenStyle=-1, android.activity.sourceInfo=android.app.ActivityOptions$SourceInfo@4160b1c, android.pendingIntent.backgroundActivityAllowed=3, android:activity.animAbortListener=null, android.activity.transientLaunch=true}]}] errorCallbackToken=null taskFragmentOrganizer=null }
03-21 15:58:30.920  2205  2266 V WindowManager:     info={id=451 t=TO_FRONT f=0x80 trk=0 r=[0@Point(0, 0)] c=[
03-21 15:58:30.920  2205  2266 V WindowManager:         {WCT{RemoteToken{802cfa4 Task{9bff6ab #1 type=home}}} m=TO_FRONT f=SHOW_WALLPAPER|MOVE_TO_TOP leash=Surface(name=Task=1)/@0xba72c98 sb=Rect(0, 0 - 1080, 2340) eb=Rect(0, 0 - 1080, 2340) epz=Point(1080, 2340) d=0 taskParent=-1},
03-21 15:58:30.920  2205  2266 V WindowManager:         {WCT{RemoteToken{e8f7968 Task{481ae4d #273 type=standard A=10558:com.google.android.apps.nbu.files}}} m=TO_BACK f=NONE leash=Surface(name=Task=273)/@0xd590a5a sb=Rect(0, 0 - 1080, 2340) eb=Rect(0, 0 - 1080, 2340) epz=Point(1080, 2340) d=0 taskParent=-1},
03-21 15:58:30.920  2205  2266 V WindowManager:         {m=TO_FRONT f=IS_WALLPAPER leash=Surface(name=WallpaperWindowToken{e9ee5c5 showWhenLocked=false})/@0x9fade0a sb=Rect(0, 0 - 1080, 2340) eb=Rect(0, 0 - 1080, 2340) epz=Point(1080, 2340) d=0}
03-21 15:58:30.920  2205  2266 V WindowManager:     ]}
03-21 15:58:30.931  2862  2879 V ShellRecents: [265292874] RecentsController.setInputConsumerEnabled: set focus to recents
03-21 15:58:31.020  2205  3276 E AppOps  : attributionTag VCN not declared in manifest of android
03-21 15:58:31.037  2862  4032 V ShellRecents: [265292874] RecentsController.detachNavigationBarFromApp
03-21 15:58:31.039  2862  2879 D WindowManagerShell: setLauncherKeepClearAreaHeight: visible=true, height=552
03-21 15:58:31.040  2205  2805 D BackgroundInstallControlService: Package event received: 0
03-21 15:58:31.268  2862  2879 D WindowManagerShell: setLauncherKeepClearAreaHeight: visible=false, height=552
03-21 15:58:31.269  2205  2805 D BackgroundInstallControlService: Package event received: 0
03-21 15:58:31.274  2862  2879 V ShellRecents: [265292874] RecentsController.finishInner: toHome=true userLeave=true willFinishToHome=true state=0 hasPausingTasks=true reason=requested
03-21 15:58:31.274  2862  2879 V ShellRecents:   normal finish
03-21 15:58:31.274  2862  2879 V ShellRecents: [265292874] RecentsController.finishInner: Completing finish
03-21 15:58:31.274  2862  2879 V ShellRecents: [265292874] RecentsController.cleanup
03-21 15:58:31.275  2862  2879 V WindowManagerShell: Transition animation finished (aborted=false), notifying core (#451) android.os.BinderProxy@24e6db5@0
03-21 15:58:31.276  2205  2266 V WindowManager: Finish Transition (#451): created at 03-21 15:58:30.884 collect-started=0.175ms started=0.211ms ready=29.033ms sent=30.354ms commit=5.28ms finished=390.907ms
03-21 15:58:31.280  2862  2879 V WindowManagerShell: Track 0 became idle
03-21 15:58:31.280  2862  2879 V WindowManagerShell: All active transition animations finished
03-21 15:58:31.280  2862  2879 V ShellRecents: [265292874] RecentsController.finishInner: calling finish callback
03-21 15:58:31.283  2205  2805 D BackgroundInstallControlService: Package event received: 0
03-21 15:58:31.290  2205  2269 V WindowManager: Unknown focus tokens, dropping reportFocusChanged
03-21 15:58:31.312  2205  2805 D BackgroundInstallControlService: Package event received: 0
03-21 15:58:31.342  2205  2805 D BackgroundInstallControlService: Package event received: 0
03-21 15:58:31.516  2205  2805 D BackgroundInstallControlService: Package event received: 0
03-21 15:58:32.021  2205  3276 I ActivityTaskManager: START u0 {act=android.intent.action.MAIN cat=[android.intent.category.LAUNCHER] flg=0x10200000 xflg=0x4 cmp=com.airudra00.gorakhchat/.MainActivity bnds=[789,305][1038,614]} with LAUNCH_SINGLE_TASK from uid 10596 (sr=245315365) (BAL_ALLOW_VISIBLE_WINDOW) result code=0
03-21 15:58:32.021  2862  2879 V WindowManagerShell: Transition requested (#452): android.os.BinderProxy@d8ffdc6 TransitionRequestInfo { type = OPEN, triggerTask = TaskInfo{userId=0 taskId=289 effectiveUid=10696 displayId=0 isRunning=true baseIntent=Intent { act=android.intent.action.MAIN cat=[android.intent.category.LAUNCHER] flg=0x10200000 cmp=com.airudra00.gorakhchat/.MainActivity } baseActivity=ComponentInfo{com.airudra00.gorakhchat/com.airudra00.gorakhchat.MainActivity} topActivity=ComponentInfo{com.airudra00.gorakhchat/com.airudra00.gorakhchat.MainActivity} origActivity=null realActivity=ComponentInfo{com.airudra00.gorakhchat/com.airudra00.gorakhchat.MainActivity} numActivities=1 lastActiveTime=91946850 supportsMultiWindow=true resizeMode=1 isResizeable=true minWidth=-1 minHeight=-1 defaultMinSize=220 token=WCT{android.window.IWindowContainerToken$Stub$Proxy@2c59187} topActivityType=1 pictureInPictureParams=null shouldDockBigOverlays=false launchIntoPipHostTaskId=-1 lastParentTaskIdBeforePip=-1 displayCutoutSafeInsets=Rect(0, 0 - 0, 0) topActivityInfo=ActivityInfo{5e048b4 com.airudra00.gorakhchat.MainActivity} launchCookies=[android.os.BinderProxy@5ddfcdd] positionInParent=Point(0, 0) parentTaskId=-1 isFocused=false isVisible=false isVisibleRequested=false isTopActivityNoDisplay=false isSleeping=false locusId=null displayAreaFeatureId=1 isTopActivityTransparent=false isActivityStackTransparent=false lastNonFullscreenBounds=Rect(273, 645 - 808, 1725) capturedLink=null capturedLinkTimestamp=0 requestedVisibleTypes=-9 topActivityRequestOpenInBrowserEducationTimestamp=0 appCompatTaskInfo=AppCompatTaskInfo { topActivityInSizeCompat=false eligibleForLetterboxEducation= false isLetterboxEducationEnabled= false isLetterboxDoubleTapEnabled= false eligibleForUserAspectRatioButton= false topActivityBoundsLetterboxed= false isFromLetterboxDoubleTap= false topActivityLetterboxVerticalPosition= -1 topActivityLetterboxHorizontalPosition= -1 topActivityLetterboxWidth=-1 topActivityLetterboxHeight=-1 topActivityAppBounds=Rect(0, 0 - 1080, 2274) isUserFullscreenOverrideEnabled=false isSystemFullscreenOverrideEnabled=false hasMinAspectRatioOverride=false topActivityLetterboxBounds=null cameraCompatTaskInfo=CameraCompatTaskInfo { freeformCameraCompatMode=inactive}} topActivityMainWindowFrame=null}, pipChange = null, remoteTransition = RemoteTransition { remoteTransition = android.window.IRemoteTransition$Stub$Proxy@27e3052, appThread = android.app.IApplicationThread$Stub$Proxy@3dfbf23, debugName = QuickstepLaunch }, displayChange = null, flags = 0, debugId = 452 }
03-21 15:58:32.022  2862  2879 D ShellSplitScreen: logExit: no-op, mLoggerSessionId is null
03-21 15:58:32.022  2862  2879 V WindowManagerShell: RemoteTransition directly requested for (#452) android.os.BinderProxy@d8ffdc6: RemoteTransition { remoteTransition = android.window.IRemoteTransition$Stub$Proxy@27e3052, appThread = android.app.IApplicationThread$Stub$Proxy@3dfbf23, debugName = QuickstepLaunch }
03-21 15:58:32.022  2862  2879 V WindowManagerShell: Transition (#452): request handled by DefaultMixedHandler
03-21 15:58:32.031  2205  2805 D BackgroundInstallControlService: Package event received: 0
03-21 15:58:32.036  2205  2278 I ActivityManager: Start proc 6118:com.airudra00.gorakhchat/u0a696 for next-top-activity {com.airudra00.gorakhchat/com.airudra00.gorakhchat.MainActivity}
03-21 15:58:32.036  2205  2278 I ActivityManager: ProcessObserver broadcast disabled
03-21 15:58:32.049  2205  2805 D BackgroundInstallControlService: Package event received: 0
03-21 15:58:32.055  2205  2266 V WindowManager: Sent Transition (#452) createdAt=03-21 15:58:32.016 via request=TransitionRequestInfo { type = OPEN, triggerTask = TaskInfo{userId=0 taskId=289 effectiveUid=10696 displayId=0 isRunning=true baseIntent=Intent { act=android.intent.action.MAIN cat=[android.intent.category.LAUNCHER] flg=0x10200000 cmp=com.airudra00.gorakhchat/.MainActivity } baseActivity=ComponentInfo{com.airudra00.gorakhchat/com.airudra00.gorakhchat.MainActivity} topActivity=ComponentInfo{com.airudra00.gorakhchat/com.airudra00.gorakhchat.MainActivity} origActivity=null realActivity=ComponentInfo{com.airudra00.gorakhchat/com.airudra00.gorakhchat.MainActivity} numActivities=1 lastActiveTime=91946850 supportsMultiWindow=true resizeMode=1 isResizeable=true minWidth=-1 minHeight=-1 defaultMinSize=220 token=WCT{RemoteToken{daf1ec7 Task{21c11d7 #289 type=standard A=10696:com.airudra00.gorakhchat}}} topActivityType=1 pictureInPictureParams=null shouldDockBigOverlays=false launchIntoPipHostTaskId=-1 lastParentTaskIdBeforePip=-1 displayCutoutSafeInsets=Rect(0, 0 - 0, 0) topActivityInfo=ActivityInfo{3daecf4 com.airudra00.gorakhchat.MainActivity} launchCookies=[android.os.BinderProxy@1216c1d] positionInParent=Point(0, 0) parentTaskId=-1 isFocused=false isVisible=false isVisibleRequested=false isTopActivityNoDisplay=false isSleeping=false locusId=null displayAreaFeatureId=1 isTopActivityTransparent=false isActivityStackTransparent=false lastNonFullscreenBounds=Rect(273, 645 - 808, 1725) capturedLink=null capturedLinkTimestamp=0 requestedVisibleTypes=-9 topActivityRequestOpenInBrowserEducationTimestamp=0 appCompatTaskInfo=AppCompatTaskInfo { topActivityInSizeCompat=false eligibleForLetterboxEducation= false isLetterboxEducationEnabled= false isLetterboxDoubleTapEnabled= false eligibleForUserAspectRatioButton= false topActivityBoundsLetterboxed= false isFromLetterboxDoubleTap= false topActivityLetterboxVerticalPosition= -1 topActivityLetterboxHorizontalPosition= -1 topActivityLetterboxWidth=-1 topActivityLetterboxHeight=-1 topActivityAppBounds=Rect(0, 0 - 1080, 2274) isUserFullscreenOverrideEnabled=false isSystemFullscreenOverrideEnabled=false hasMinAspectRatioOverride=false topActivityLetterboxBounds=null cameraCompatTaskInfo=CameraCompatTaskInfo { freeformCameraCompatMode=inactive}} topActivityMainWindowFrame=null}, pipChange = null, remoteTransition = RemoteTransition { remoteTransition = android.window.IRemoteTransition$Stub$Proxy@933e460, appThread = android.app.IApplicationThread$Stub$Proxy@cedad19, debugName = QuickstepLaunch }, displayChange = null, flags = 0, debugId = 452 }
03-21 15:58:32.055  2205  2266 V WindowManager:     startWCT=WindowContainerTransaction { changes= {} hops= [] errorCallbackToken=null taskFragmentOrganizer=null }
03-21 15:58:32.055  2205  2266 V WindowManager:     info={id=452 t=OPEN f=0x0 trk=0 r=[0@Point(0, 0)] c=[
03-21 15:58:32.055  2205  2266 V WindowManager:         {WCT{RemoteToken{daf1ec7 Task{21c11d7 #289 type=standard A=10696:com.airudra00.gorakhchat}}} m=OPEN f=NONE leash=Surface(name=Task=289)/@0xa397eeb sb=Rect(0, 0 - 1080, 2340) eb=Rect(0, 0 - 1080, 2340) epz=Point(1080, 2340) d=0 taskParent=-1},
03-21 15:58:32.055  2205  2266 V WindowManager:         {WCT{RemoteToken{802cfa4 Task{9bff6ab #1 type=home}}} m=TO_BACK f=SHOW_WALLPAPER leash=Surface(name=Task=1)/@0xba72c98 sb=Rect(0, 0 - 1080, 2340) eb=Rect(0, 0 - 1080, 2340) epz=Point(1080, 2340) d=0 taskParent=-1},
03-21 15:58:32.055  2205  2266 V WindowManager:         {m=TO_BACK f=IS_WALLPAPER leash=Surface(name=WallpaperWindowToken{e9ee5c5 showWhenLocked=false})/@0x9fade0a sb=Rect(0, 0 - 1080, 2340) eb=Rect(0, 0 - 1080, 2340) epz=Point(1080, 2340) d=0}
03-21 15:58:32.055  2205  2266 V WindowManager:     ]}
03-21 15:58:32.055  2862 13495 V WindowManagerShell: onTransitionReady(transaction=9470402910235)
03-21 15:58:32.055  2862  2879 V WindowManagerShell: onTransitionReady (#452) android.os.BinderProxy@d8ffdc6: {id=452 t=OPEN f=0x0 trk=0 r=[0@Point(0, 0)] c=[
03-21 15:58:32.055  2862  2879 V WindowManagerShell:         {m=OPEN f=NONE leash=Surface(name=Task=289)/@0xc5a5f67 sb=Rect(0, 0 - 1080, 2340) eb=Rect(0, 0 - 1080, 2340) epz=Point(1080, 2340) d=0 taskParent=-1},
03-21 15:58:32.055  2862  2879 V WindowManagerShell:         {m=TO_BACK f=SHOW_WALLPAPER leash=Surface(name=Task=1)/@0xc363114 sb=Rect(0, 0 - 1080, 2340) eb=Rect(0, 0 - 1080, 2340) epz=Point(1080, 2340) d=0 taskParent=-1},
03-21 15:58:32.055  2862  2879 V WindowManagerShell:         {m=TO_BACK f=IS_WALLPAPER leash=Surface(name=WallpaperWindowToken{e9ee5c5 showWhenLocked=false})/@0xf7f2dbd sb=Rect(0, 0 - 1080, 2340) eb=Rect(0, 0 - 1080, 2340) epz=Point(1080, 2340) d=0}
03-21 15:58:32.055  2862  2879 V WindowManagerShell:     ]}
03-21 15:58:32.056  2862  2879 V WindowManagerShell: Playing animation for (#452) android.os.BinderProxy@d8ffdc6@0
03-21 15:58:32.056  2862  2879 V WindowManagerShell:  try firstHandler com.android.wm.shell.transition.DefaultMixedHandler@9b548ad
03-21 15:58:32.056  2862  2879 V WindowManagerShell: Mixed transition for opening an intent with a remote transition and PIP or Desktop #452
03-21 15:58:32.056  2862  2879 V WindowManagerShell: tryAnimateOpenIntentWithRemoteAndPipOrDesktop
03-21 15:58:32.056  2862  2879 V WindowManagerShell:  Delegate animation for (#452) to RemoteTransition { remoteTransition = android.window.IRemoteTransition$Stub$Proxy@27e3052, appThread = android.app.IApplicationThread$Stub$Proxy@3dfbf23, debugName = QuickstepLaunch }
03-21 15:58:32.057  2862  2879 V WindowManagerShell:  animated by firstHandler
03-21 15:58:32.079  2205  2805 D BackgroundInstallControlService: Package event received: 0
03-21 15:58:32.079  2205  2805 D BackgroundInstallControlService: Package event received: 0
03-21 15:58:32.080  6118  6131 I DisplayManager: Choreographer implicitly registered for the refresh rate.
03-21 15:58:32.080  2205  2649 V DisplayManagerService: FrozenStateChangeCallback not supported for pid 6118
03-21 15:58:32.169  2205  3086 W ActivityTaskManager: Request to remove task ignored for non-existent task 288
03-21 15:58:32.591  2862  2879 V WindowManagerShell: Transition animation finished (aborted=false), notifying core (#452) android.os.BinderProxy@d8ffdc6@0
03-21 15:58:32.593  2205  2266 V WindowManager: Finish Transition (#452): created at 03-21 15:58:32.016 collect-started=0.063ms request-sent=5.08ms started=6.842ms ready=36.977ms sent=37.955ms commit=12.845ms finished=576.73ms
03-21 15:58:32.593  2862  2879 V WindowManagerShell: Track 0 became idle
03-21 15:58:32.593  2862  2879 V WindowManagerShell: All active transition animations finished
03-21 15:58:32.627  2205  2805 D BackgroundInstallControlService: Package event received: 0
03-21 15:58:32.650  2205  2805 D BackgroundInstallControlService: Package event received: 0
03-21 15:58:32.651  2205  2805 D BackgroundInstallControlService: Package event received: 0
03-21 15:58:32.651  2205  2805 D BackgroundInstallControlService: Package event received: 0
03-21 15:58:33.367  2205  2205 I RemoteContentProtectionService: Connection status for: ComponentInfo{com.google.android.odad/com.google.android.apps.miphone.odad.contentprotection.ContentProtectionService} changed to: disconnected
03-21 15:58:35.939  2205  2704 D ActivityManager: freezing 5725 net.androgames.compass
03-21 15:58:35.940  2205  2704 D ActivityManager: freezing 5712 android.process.media
03-21 15:58:36.665  2205  3276 D SystemServerTiming: getUserSwitchability-0
03-21 15:58:36.665  2205  3276 D SystemServerTiming: TM.isInCall
03-21 15:58:36.666  2205  3276 D SystemServerTiming: hasUserRestriction-DISALLOW_USER_SWITCH
03-21 15:58:36.666  2205  3276 D SystemServerTiming: getInt-ALLOW_USER_SWITCHING_WHEN_SYSTEM_USER_LOCKED
03-21 15:58:36.666  2205  3276 D SystemServerTiming: isUserUnlocked-USER_SYSTEM
03-21 15:58:36.666  2205  2649 D SystemServerTiming: getUserSwitchability-0
03-21 15:58:36.666  2205  2649 D SystemServerTiming: TM.isInCall
03-21 15:58:36.666  2205  2649 D SystemServerTiming: hasUserRestriction-DISALLOW_USER_SWITCH
03-21 15:58:36.666  2205  2649 D SystemServerTiming: getInt-ALLOW_USER_SWITCHING_WHEN_SYSTEM_USER_LOCKED
03-21 15:58:36.667  2205  2649 D SystemServerTiming: isUserUnlocked-USER_SYSTEM
03-21 15:58:37.113  2205  2805 D BackgroundInstallControlService: Package event received: 0
03-21 15:58:37.114  2205  2805 D BackgroundInstallControlService: Package event received: 0
03-21 15:58:37.578  1736  1736 W wificond: Failed to get NL80211_ATTR_MAX_NUM_AKM_SUITES
03-21 15:58:37.579  1736  1736 W wificond: Failed to get NL80211_ATTR_MAX_NUM_AKM_SUITES
03-21 15:58:37.580  1736  1736 W wificond: Failed to get NL80211_ATTR_MAX_NUM_AKM_SUITES
03-21 15:58:38.187  1736  1736 W wificond: Failed to get NL80211_ATTR_MAX_NUM_AKM_SUITES
03-21 15:58:38.188  1736  1736 W wificond: Failed to get NL80211_ATTR_MAX_NUM_AKM_SUITES
03-21 15:58:38.193  1736  1736 W wificond: Failed to get NL80211_ATTR_MAX_NUM_AKM_SUITES
03-21 15:58:38.328 26215  5922 D LoadedApk: Service not registered: m7.ve@27f4b6a
03-21 15:58:38.578  1736  1736 W wificond: Failed to get NL80211_ATTR_MAX_NUM_AKM_SUITES
03-21 15:58:38.579  1736  1736 W wificond: Failed to get NL80211_ATTR_MAX_NUM_AKM_SUITES
03-21 15:58:38.605  1736  1736 W wificond: Failed to get NL80211_ATTR_MAX_NUM_AKM_SUITES
03-21 15:58:38.764  2205  2704 D ActivityManager: freezing 5936 com.google.android.packageinstaller
03-21 15:58:39.328  1736  1736 W wificond: Failed to get NL80211_ATTR_MAX_NUM_AKM_SUITES
03-21 15:58:39.659  2862  3117 D LoadedApk: Receiver not registered: android.net.wifi.sharedconnectivity.app.SharedConnectivityManager$2@fe60f6c
03-21 15:58:39.670  2205  2269 V WindowManager: Unknown focus tokens, dropping reportFocusChanged
03-21 15:58:40.240  2205  2296 I DisplayPowerController[0]: BrightnessEvent: brt=0.19344233 (82.0%), nits= 211.01361, lux=3.7514439, reason=automatic, strat=AutomaticBrightnessStrategy, state=ON, stateReason=DEFAULT_POLICY, policy=BRIGHT, flags=, initBrt=0.24598643, rcmdBrt=0.19344233, preBrt=0.24598643, preLux=6.4424996, wasShortTermModelActive=true, autoBrightness=true (default), unclampedBrt=0.19344233, hbmMax=0.4998779, hbmMode=off, thrmMax=1.0, rbcStrength=50, powerFactor=1.0, physDisp=Built-in Screen(local:4630946693002713985), logicalId=0, slowChange=true, rampSpeed=0.23228346
03-21 15:58:40.243  2205  2269 I BrightnessSynchronizer: [392] New Update 0.19344233(f) set brightness values:  50(i)
03-21 15:58:40.243  2205  2269 I BrightnessSynchronizer: Swallowing update of 50(i) by update: {[392] 0.19344233(f), mUpdatedTypes=1, mConfirmedTypes=1, mTimeUpdated=16184767}
03-21 15:58:40.243  2205  2269 I BrightnessSynchronizer: Completed Update: {[392] 0.19344233(f), mUpdatedTypes=1, mConfirmedTypes=1, mTimeUpdated=16184767}
03-21 15:58:41.355   826  6106 I keystore2: system/security/keystore2/watchdog/src/lib.rs:377 - Watchdog thread idle -> terminating. Have a great day.
03-21 15:58:42.950  2205  2296 I DisplayPowerController[0]: BrightnessEvent: brt=0.23095192 (86.0%), nits= 252.47197, lux=4.38625, reason=automatic, strat=AutomaticBrightnessStrategy, state=ON, stateReason=DEFAULT_POLICY, policy=BRIGHT, flags=, initBrt=0.19344233, rcmdBrt=0.23095192, preBrt=0.19344233, preLux=3.7514439, wasShortTermModelActive=true, autoBrightness=true (default), unclampedBrt=0.23095192, hbmMax=0.4998779, hbmMode=off, thrmMax=1.0, rbcStrength=50, powerFactor=1.0, physDisp=Built-in Screen(local:4630946693002713985), logicalId=0, slowChange=true, rampSpeed=0.23228346
03-21 15:58:42.952  2205  2269 I BrightnessSynchronizer: [393] New Update 0.23095192(f) set brightness values:  60(i)
03-21 15:58:42.953  2205  2269 I BrightnessSynchronizer: Swallowing update of 60(i) by update: {[393] 0.23095192(f), mUpdatedTypes=1, mConfirmedTypes=1, mTimeUpdated=16187477}
03-21 15:58:42.953  2205  2269 I BrightnessSynchronizer: Completed Update: {[393] 0.23095192(f), mUpdatedTypes=1, mConfirmedTypes=1, mTimeUpdated=16187477}
03-21 15:58:43.407  2205  2704 D ActivityManager: freezing 6014 com.google.android.odad
03-21 15:58:44.050  2205  2805 D BackgroundInstallControlService: Package event received: 0
03-21 15:58:44.050  2205  2805 D BackgroundInstallControlService: Package event received: 0
03-21 15:58:44.050  2205  2805 D BackgroundInstallControlService: Package event received: 0
03-21 15:58:48.920  2205  2267 D WindowManager: powerPress: eventTime=16193364 interactive=true count=1 mShortPressOnPowerBehavior=1
03-21 15:58:48.920  2205  2267 I PowerGroup: Powering off display group due to power_button (groupId= 0, uid= 1000, millisSinceLastUserActivity=9389, lastUserActivityEvent=touch)...
03-21 15:58:48.921  2205  2267 I PowerManagerService: Going to sleep due to power_button (uid 1000, screenOffTimeout=1800000, activityTimeoutWM=-1, maxDimRatio=0.20000005, maxDimDur=7000)...
03-21 15:58:48.921  2205  2805 D BackgroundInstallControlService: Package event received: 0
03-21 15:58:48.948  2205  2296 I DisplayPowerController[0]: BrightnessEvent: brt=0.23095192 (86.0%), nits= 252.47197, lux=11.377096, reason=automatic, strat=AutomaticBrightnessStrategy, state=ON, stateReason=DEFAULT_POLICY, policy=OFF, flags=, initBrt=0.23095192, rcmdBrt=0.23095192, preBrt=0.19344233, preLux=5.4842334, wasShortTermModelActive=true, autoBrightness=true (default), unclampedBrt=0.23095192, hbmMax=0.4998779, hbmMode=off, thrmMax=1.0, rbcStrength=50, powerFactor=1.0, physDisp=Built-in Screen(local:4630946693002713985), logicalId=0, slowChange=true, rampSpeed=0.0
03-21 15:58:49.362  2205  2296 I DisplayPowerController[0]: Blocking screen off
03-21 15:58:49.375  2205  2296 D WindowManager: Create SleepToken: tag=Display-off, displayId=0
03-21 15:58:49.375  2205  2296 D ActivityTaskManager: Top Process State changed to PROCESS_STATE_TOP_SLEEPING
03-21 15:58:49.377  2205  2296 I DisplayPowerController[0]: Unblocked screen off after 16 ms
03-21 15:58:49.384  2205  2296 I DisplayBrightnessStrategySelector: Changing the DisplayBrightnessStrategy from AutomaticBrightnessStrategy to ScreenOffBrightnessStrategy for display 0
03-21 15:58:49.384  2205  2296 V DisplayPowerController[0]: Brightness [0.0] reason changing to: 'screen_off', previous reason: 'automatic'.
03-21 15:58:49.384  2205  2296 I DisplayPowerController[0]: BrightnessEvent: brt=0.0 (0.0%), nits= 2.0, lux=-1.0, reason=screen_off, strat=ScreenOffBrightnessStrategy, state=OFF, stateReason=DEFAULT_POLICY, policy=OFF, flags=, initBrt=0.23095192, rcmdBrt=NaN, preBrt=NaN, preLux=0.0, wasShortTermModelActive=true, autoBrightness=true (default), unclampedBrt=-1.0, hbmMax=0.4998779, hbmMode=off, thrmMax=1.0, rbcStrength=50, powerFactor=1.0, physDisp=Built-in Screen(local:4630946693002713985), logicalId=0, slowChange=false, rampSpeed=0.0
03-21 15:58:49.385  2205  2296 I DreamManagerService: Entering dreamland.
03-21 15:58:49.386  2205  2296 I PowerManagerService: Dozing...
03-21 15:58:49.388  2205  2266 I DreamController: Starting dream: name=ComponentInfo{com.android.systemui/com.android.systemui.doze.DozeService}, isPreviewMode=false, canDoze=true, userId=0, reason='power manager request'
03-21 15:58:49.389  2205  2805 D BackgroundInstallControlService: Package event received: 0
03-21 15:58:49.391  2205  2805 D BackgroundInstallControlService: Package event received: 0
03-21 15:58:49.391  2205  2269 I DisplayDeviceRepository: Display device changed state: "Built-in Screen", OFF
03-21 15:58:49.392  2205  2296 D BrightnessThermalClamper: Thermal status observer already started
03-21 15:58:49.392  2205  2267 D WindowManager: DeferredDisplayUpdater: partially applying DisplayInfo(1080 x 2340) immediately
03-21 15:58:49.393  2205  2267 I DisplayDevice: [0] Layerstack set to -1 for local:4630946693002713985
03-21 15:58:49.413  2205  2205 D LoadedApk: Receiver not registered: com.android.server.UiModeManagerService$8@a9c7f97
03-21 15:58:49.418  2205  2805 D BackgroundInstallControlService: Package event received: 0
03-21 15:58:49.447  2205  3086 D WindowManager: Create SleepToken: tag=keyguard, displayId=0
03-21 15:58:49.451  2862  2862 D InsetsController: Setting requestedVisibleTypes to -11 (was -9)
03-21 15:58:49.458  2862  2862 V DreamService[DozeService]: UpdateDoze mDozeScreenState=1 mDozeScreenBrightness=32 mDozeScreenBrightnessFloat=NaN
03-21 15:58:49.459  2205  3086 D DreamManagerService: Dream requested to start dozing: android.os.Binder@553122a, screenState=OFF, reason=UNKNOWN, screenBrightnessFloat=NaN, screenBrightnessInt=32, useNormalBrightnessForDoze=false
03-21 15:58:49.460  2205  2296 I DisplayPowerController[0]: BrightnessEvent: brt=0.0 (0.0%), nits= 2.0, lux=-1.0, reason=screen_off, strat=ScreenOffBrightnessStrategy, state=OFF, stateReason=UNKNOWN, policy=DOZE, flags=, initBrt=0.0, rcmdBrt=NaN, preBrt=NaN, preLux=0.0, wasShortTermModelActive=true, autoBrightness=true (default), unclampedBrt=-1.0, hbmMax=0.4998779, hbmMode=off, thrmMax=1.0, rbcStrength=50, powerFactor=1.0, physDisp=Built-in Screen(local:4630946693002713985), logicalId=0, slowChange=false, rampSpeed=0.0
03-21 15:58:49.462  2205  2805 D BackgroundInstallControlService: Package event received: 0
03-21 15:58:49.502  2862  2862 V DreamService[DozeService]: UpdateDoze mDozeScreenState=1 mDozeScreenBrightness=32 mDozeScreenBrightnessFloat=NaN
03-21 15:58:49.502  2205  8306 D DreamManagerService: Dream requested to start dozing: android.os.Binder@553122a, screenState=OFF, reason=UNKNOWN, screenBrightnessFloat=NaN, screenBrightnessInt=32, useNormalBrightnessForDoze=false
03-21 15:58:49.514  2205  8306 D SystemServerTiming: getUserSwitchability-0
03-21 15:58:49.515  2205  2649 D SystemServerTiming: getUserSwitchability-0
03-21 15:58:49.515  2205  2649 D SystemServerTiming: TM.isInCall
03-21 15:58:49.515  2205  8306 D SystemServerTiming: TM.isInCall
03-21 15:58:49.515  2205  2649 D SystemServerTiming: hasUserRestriction-DISALLOW_USER_SWITCH
03-21 15:58:49.515  2205  2649 D SystemServerTiming: getInt-ALLOW_USER_SWITCHING_WHEN_SYSTEM_USER_LOCKED
03-21 15:58:49.515  2205  8306 D SystemServerTiming: hasUserRestriction-DISALLOW_USER_SWITCH
03-21 15:58:49.515  2205  8306 D SystemServerTiming: getInt-ALLOW_USER_SWITCHING_WHEN_SYSTEM_USER_LOCKED
03-21 15:58:49.515  2205  2649 D SystemServerTiming: isUserUnlocked-USER_SYSTEM
03-21 15:58:49.515  2205  8306 D SystemServerTiming: isUserUnlocked-USER_SYSTEM
03-21 15:58:49.619  2205  2805 D BackgroundInstallControlService: Package event received: 0
03-21 15:58:49.620  2205  2205 D BiometricService: Sensor ID(1008), oemStrength: 255, updatedStrength: 255, modality 8, state: 0, cookie: 0, sensorId 1008, hasEnrollments: false cannot participate in Keystore operations
03-21 15:58:49.621  2205  2205 D BiometricService: Sensor ID(0), oemStrength: 15, updatedStrength: 15, modality 2, state: 0, cookie: 0, sensorId 0, hasEnrollments: false cannot participate in Keystore operations
03-21 15:58:49.624   826 27529 I keystore2: system/security/keystore2/src/authorization.rs:153 - on_device_locked(user_id=0, unlocking_sids=[], weak_unlock_enabled=false)
03-21 15:58:49.624   826 27529 I keystore2: system/security/keystore2/src/super_key.rs:973 - UnlockedDeviceRequired super keys for user 0 are fully protected.
03-21 15:58:49.627  2205  2205 I PowerManagerService: onFlip(): Face up.
03-21 15:58:49.629  2205  3166 D SystemServerTiming: getUserSwitchability-0
03-21 15:58:49.629  2205  3166 D SystemServerTiming: TM.isInCall
03-21 15:58:49.630  2205  3166 D SystemServerTiming: hasUserRestriction-DISALLOW_USER_SWITCH
03-21 15:58:49.630  2205  3166 D SystemServerTiming: getInt-ALLOW_USER_SWITCHING_WHEN_SYSTEM_USER_LOCKED
03-21 15:58:49.630  2205  3166 D SystemServerTiming: isUserUnlocked-USER_SYSTEM
03-21 15:58:49.634  2205  2798 I MR2ServiceImpl: Updating composite discovery preference | preference: RouteDiscoveryRequest{ preferredFeatures={}, activeScan=false }, active routers: []
03-21 15:58:49.638  2205  2805 D BackgroundInstallControlService: Package event received: 0
03-21 15:58:49.872  2205  2266 I UsbPortManager: USB HAL HIDL version: 10
03-21 15:58:49.934  2205 18606 W AdbDebuggingManager: Read failed with count -1
03-21 15:58:49.935  2205 18606 D AdbDebuggingManager: Closing socket
03-21 15:58:49.935  2205 18606 D AdbDebuggingManager: Creating socket
03-21 15:58:49.936  2205 18606 E AdbDebuggingManager: Caught an exception opening the socket: java.io.IOException: Connection refused
03-21 15:58:49.936  2205 18606 D AdbDebuggingManager: Closing socket
03-21 15:58:50.025  2205  2266 W Looper  : Slow dispatch took 156ms android.fg app=system_server main=false group=FOREGROUND h=com.android.server.usb.UsbDeviceManager$UsbHandlerLegacy c=null m=13
03-21 15:58:50.025  2205  2266 D AdbDebuggingManager: adbd socket disconnected
03-21 15:58:50.025  2205  2266 D AdbDebuggingManager: adbd socket disconnected
03-21 15:58:50.379  2862  2879 V WindowManagerShell: Transition requested (#453): android.os.BinderProxy@551a867 TransitionRequestInfo { type = SLEEP, triggerTask = null, pipChange = null, remoteTransition = null, displayChange = null, flags = 0, debugId = 453 }
03-21 15:58:50.379  2862 10817 V WindowManagerShell: onTransitionReady(transaction=9470402910407)
03-21 15:58:50.380  2205  2266 V WindowManager: Sent Transition (#453) createdAt=03-21 15:58:50.376 via request=TransitionRequestInfo { type = SLEEP, triggerTask = null, pipChange = null, remoteTransition = null, displayChange = null, flags = 0, debugId = 453 }
03-21 15:58:50.380  2205  2266 V WindowManager:     startWCT=null
03-21 15:58:50.380  2205  2266 V WindowManager:     info={id=453 t=SLEEP f=0x40 trk=0 r=[] c=[]}
03-21 15:58:50.382  2205  3166 W Transition: Transition already started id=453 state=2
03-21 15:58:50.383  2862  2879 V WindowManagerShell: onTransitionReady (#453) android.os.BinderProxy@551a867: {id=453 t=SLEEP f=0x40 trk=0 r=[] c=[]}
03-21 15:58:50.383  2862  2879 V WindowManagerShell: No transition roots in (#453) android.os.BinderProxy@551a867@0 so abort
03-21 15:58:50.384  2862  2879 V WindowManagerShell: Transition animation finished (aborted=true), notifying core (#453) android.os.BinderProxy@551a867@0
