03-21 15:00:35.864 15708 15828 E msys    : E[N mns:DGWClient]_LogError(228)=>Failed to resolve using system DNS resolver, getaddrinfo(): No address associated with hostname
03-21 15:00:35.864 15708 15828 E msys    : E[N mns:DGWClient]_LogError(228)=>Failed to resolve using system DNS resolver, getaddrinfo(): No address associated with hostname
03-21 15:00:36.200 15708 15828 E msys    : E[N mns:DGWClient]_OnDiskCacheGetData(632)=>Start post callback cache refresh DNS resolution
03-21 15:00:36.205 15708 15828 E msys    : E[N mns:DGWClient]_LogError(228)=>Failed to resolve using system DNS resolver, getaddrinfo(): No address associated with hostname
03-21 15:00:36.205 15708 15828 E msys    : E[N mns:DGWClient]_OnDiskCacheGetData(632)=>Start post callback cache refresh DNS resolution
03-21 15:00:36.206 15708 15828 E msys    : E[N mns:DGWClient]_LogError(228)=>Failed to resolve using system DNS resolver, getaddrinfo(): No address associated with hostname
03-21 15:00:37.767 15708 15828 E msys    : E[N mns:DGWClient]_OnDiskCacheGetData(632)=>Start post callback cache refresh DNS resolution
03-21 15:00:37.771 15708 15828 E msys    : E[N mns:DGWClient]_OnDiskCacheGetData(632)=>Start post callback cache refresh DNS resolution
03-21 15:00:37.773 15708 15828 E msys    : E[N mns:DGWClient]_LogError(228)=>Failed to resolve using system DNS resolver, getaddrinfo(): No address associated with hostname
03-21 15:00:37.773 15708 15828 E msys    : E[N mns:DGWClient]_LogError(228)=>Failed to resolve using system DNS resolver, getaddrinfo(): No address associated with hostname
03-21 15:00:37.974 15708 15828 E msys    : E[N mns:DGWClient]_OnDiskCacheGetData(632)=>Start post callback cache refresh DNS resolution
03-21 15:00:37.979 15708 15828 E msys    : E[N mns:DGWClient]_LogError(228)=>Failed to resolve using system DNS resolver, getaddrinfo(): No address associated with hostname
03-21 15:00:37.979 15708 15828 E msys    : E[N mns:DGWClient]_OnDiskCacheGetData(632)=>Start post callback cache refresh DNS resolution
03-21 15:00:37.980 15708 15828 E msys    : E[N mns:DGWClient]_LogError(228)=>Failed to resolve using system DNS resolver, getaddrinfo(): No address associated with hostname
03-21 15:00:38.282 15708 15828 E msys    : E[N mns:DGWClient]_OnDiskCacheGetData(632)=>Start post callback cache refresh DNS resolution
03-21 15:00:38.287 15708 15828 E msys    : E[N mns:DGWClient]_LogError(228)=>Failed to resolve using system DNS resolver, getaddrinfo(): No address associated with hostname
03-21 15:00:38.287 15708 15828 E msys    : E[N mns:DGWClient]_OnDiskCacheGetData(632)=>Start post callback cache refresh DNS resolution
03-21 15:00:38.288 15708 15828 E msys    : E[N mns:DGWClient]_LogError(228)=>Failed to resolve using system DNS resolver, getaddrinfo(): No address associated with hostname
03-21 15:00:38.415 15708 15838 E MQTTBypassDGWStreamGroupConnection.cpp: connect failed. Callbacks terminated before ack received
03-21 15:00:38.416 15708 15768 E MQTTBypassDGWStreamGroupCallbacks.cpp: onStreamGroupError StreamGroupNetworkRequest request cancelled: max retries reached; last err (TransientError domain: MNSTCP code: 0 detail: connect(): Network is unreachable)
03-21 15:00:39.354 31370 31386 E BluetoothConnectionManager: Bluetooth is not enabled
03-21 15:00:39.354 31370 31386 E BluetoothMeshService: Failed to start Bluetooth services
03-21 15:00:39.419 15708 15828 E msys    : E[N mns:DGWClient]_OnDiskCacheGetData(632)=>Start post callback cache refresh DNS resolution
03-21 15:00:39.424 15708 15828 E msys    : E[N mns:DGWClient]_LogError(228)=>Failed to resolve using system DNS resolver, getaddrinfo(): No address associated with hostname
03-21 15:00:39.424 15708 15828 E msys    : E[N mns:DGWClient]_OnDiskCacheGetData(632)=>Start post callback cache refresh DNS resolution
03-21 15:00:39.425 15708 15828 E msys    : E[N mns:DGWClient]_LogError(228)=>Failed to resolve using system DNS resolver, getaddrinfo(): No address associated with hostname
03-21 15:00:39.627 15708 15828 E msys    : E[N mns:DGWClient]_OnDiskCacheGetData(632)=>Start post callback cache refresh DNS resolution
03-21 15:00:39.632 15708 15828 E msys    : E[N mns:DGWClient]_LogError(228)=>Failed to resolve using system DNS resolver, getaddrinfo(): No address associated with hostname
03-21 15:00:39.632 15708 15828 E msys    : E[N mns:DGWClient]_OnDiskCacheGetData(632)=>Start post callback cache refresh DNS resolution
03-21 15:00:39.633 15708 15828 E msys    : E[N mns:DGWClient]_LogError(228)=>Failed to resolve using system DNS resolver, getaddrinfo(): No address associated with hostname
03-21 15:00:39.935 15708 15828 E msys    : E[N mns:DGWClient]_OnDiskCacheGetData(632)=>Start post callback cache refresh DNS resolution
03-21 15:00:39.940 15708 15828 E msys    : E[N mns:DGWClient]_LogError(228)=>Failed to resolve using system DNS resolver, getaddrinfo(): No address associated with hostname
03-21 15:00:39.940 15708 15828 E msys    : E[N mns:DGWClient]_OnDiskCacheGetData(632)=>Start post callback cache refresh DNS resolution
03-21 15:00:39.941 15708 15828 E msys    : E[N mns:DGWClient]_LogError(228)=>Failed to resolve using system DNS resolver, getaddrinfo(): No address associated with hostname
03-21 15:00:40.151 15708 15828 E msys    : E[N mns:DGWClient]_OnDiskCacheGetData(632)=>Start post callback cache refresh DNS resolution
03-21 15:00:40.156 15708 15828 E msys    : E[N mns:DGWClient]_LogError(228)=>Failed to resolve using system DNS resolver, getaddrinfo(): No address associated with hostname
03-21 15:00:40.156 15708 15828 E msys    : E[N mns:DGWClient]_OnDiskCacheGetData(632)=>Start post callback cache refresh DNS resolution
03-21 15:00:40.157 15708 15828 E msys    : E[N mns:DGWClient]_LogError(228)=>Failed to resolve using system DNS resolver, getaddrinfo(): No address associated with hostname
03-21 15:00:41.100 15708 15828 E msys    : E[N mns:DGWClient]_OnDiskCacheGetData(632)=>Start post callback cache refresh DNS resolution
03-21 15:00:41.105 15708 15828 E msys    : E[N mns:DGWClient]_LogError(228)=>Failed to resolve using system DNS resolver, getaddrinfo(): No address associated with hostname
03-21 15:00:41.105 15708 15828 E msys    : E[N mns:DGWClient]_OnDiskCacheGetData(632)=>Start post callback cache refresh DNS resolution
03-21 15:00:41.106 15708 15828 E msys    : E[N mns:DGWClient]_LogError(228)=>Failed to resolve using system DNS resolver, getaddrinfo(): No address associated with hostname
03-21 15:00:41.695 15708 15828 E msys    : E[N mns:DGWClient]_OnDiskCacheGetData(632)=>Start post callback cache refresh DNS resolution
03-21 15:00:41.699 15708 15828 E msys    : E[N mns:DGWClient]_LogError(228)=>Failed to resolve using system DNS resolver, getaddrinfo(): No address associated with hostname
03-21 15:00:41.700 15708 15828 E msys    : E[N mns:DGWClient]_OnDiskCacheGetData(632)=>Start post callback cache refresh DNS resolution
03-21 15:00:41.701 15708 15828 E msys    : E[N mns:DGWClient]_LogError(228)=>Failed to resolve using system DNS resolver, getaddrinfo(): No address associated with hostname
03-21 15:00:41.904 15708 15828 E msys    : E[N mns:DGWClient]_OnDiskCacheGetData(632)=>Start post callback cache refresh DNS resolution
03-21 15:00:41.909 15708 15828 E msys    : E[N mns:DGWClient]_LogError(228)=>Failed to resolve using system DNS resolver, getaddrinfo(): No address associated with hostname
03-21 15:00:41.909 15708 15828 E msys    : E[N mns:DGWClient]_OnDiskCacheGetData(632)=>Start post callback cache refresh DNS resolution
03-21 15:00:41.910 15708 15828 E msys    : E[N mns:DGWClient]_LogError(228)=>Failed to resolve using system DNS resolver, getaddrinfo(): No address associated with hostname
03-21 15:00:42.454 15708 15828 E msys    : E[N mns:DGWClient]_OnDiskCacheGetData(632)=>Start post callback cache refresh DNS resolution
03-21 15:00:42.459 15708 15828 E msys    : E[N mns:DGWClient]_OnDiskCacheGetData(632)=>Start post callback cache refresh DNS resolution
03-21 15:00:42.461 15708 15828 E msys    : E[N mns:DGWClient]_LogError(228)=>Failed to resolve using system DNS resolver, getaddrinfo(): No address associated with hostname
03-21 15:00:42.461 15708 15828 E msys    : E[N mns:DGWClient]_LogError(228)=>Failed to resolve using system DNS resolver, getaddrinfo(): No address associated with hostname
03-21 15:00:42.662 15708 15828 E msys    : E[N mns:DGWClient]_OnDiskCacheGetData(632)=>Start post callback cache refresh DNS resolution
03-21 15:00:42.667 15708 15828 E msys    : E[N mns:DGWClient]_LogError(228)=>Failed to resolve using system DNS resolver, getaddrinfo(): No address associated with hostname
03-21 15:00:42.667 15708 15828 E msys    : E[N mns:DGWClient]_OnDiskCacheGetData(632)=>Start post callback cache refresh DNS resolution
03-21 15:00:42.669 15708 15828 E msys    : E[N mns:DGWClient]_LogError(228)=>Failed to resolve using system DNS resolver, getaddrinfo(): No address associated with hostname
03-21 15:00:42.970 15708 15828 E msys    : E[N mns:DGWClient]_OnDiskCacheGetData(632)=>Start post callback cache refresh DNS resolution
03-21 15:00:42.975 15708 15828 E msys    : E[N mns:DGWClient]_LogError(228)=>Failed to resolve using system DNS resolver, getaddrinfo(): No address associated with hostname
03-21 15:00:42.975 15708 15828 E msys    : E[N mns:DGWClient]_OnDiskCacheGetData(632)=>Start post callback cache refresh DNS resolution
03-21 15:00:42.976 15708 15828 E msys    : E[N mns:DGWClient]_LogError(228)=>Failed to resolve using system DNS resolver, getaddrinfo(): No address associated with hostname
03-21 15:00:43.145 15708 15828 E msys    : E[N mns:DGWClient]_OnDiskCacheGetData(632)=>Start post callback cache refresh DNS resolution
03-21 15:00:43.150 15708 15828 E msys    : E[N mns:DGWClient]_LogError(228)=>Failed to resolve using system DNS resolver, getaddrinfo(): No address associated with hostname
03-21 15:00:43.150 15708 15828 E msys    : E[N mns:DGWClient]_OnDiskCacheGetData(632)=>Start post callback cache refresh DNS resolution
03-21 15:00:43.151 15708 15828 E msys    : E[N mns:DGWClient]_LogError(228)=>Failed to resolve using system DNS resolver, getaddrinfo(): No address associated with hostname
03-21 15:00:43.845 15708 15828 E msys    : E[N mns:DGWClient]_OnDiskCacheGetData(632)=>Start post callback cache refresh DNS resolution
03-21 15:00:43.850 15708 15828 E msys    : E[N mns:DGWClient]_LogError(228)=>Failed to resolve using system DNS resolver, getaddrinfo(): No address associated with hostname
03-21 15:00:43.850 15708 15828 E msys    : E[N mns:DGWClient]_OnDiskCacheGetData(632)=>Start post callback cache refresh DNS resolution
03-21 15:00:43.851 15708 15828 E msys    : E[N mns:DGWClient]_LogError(228)=>Failed to resolve using system DNS resolver, getaddrinfo(): No address associated with hostname
03-21 15:00:44.018 15708 15828 E msys    : E[N mns:DGWClient]_OnDiskCacheGetData(632)=>Start post callback cache refresh DNS resolution
03-21 15:00:44.023 15708 15828 E msys    : E[N mns:DGWClient]_OnDiskCacheGetData(632)=>Start post callback cache refresh DNS resolution
03-21 15:00:44.023 15708 15828 E msys    : E[N mns:DGWClient]_LogError(228)=>Failed to resolve using system DNS resolver, getaddrinfo(): No address associated with hostname
03-21 15:00:44.024 15708 15828 E msys    : E[N mns:DGWClient]_LogError(228)=>Failed to resolve using system DNS resolver, getaddrinfo(): No address associated with hostname
03-21 15:00:44.109 15708 15828 E msys    : E[N mns:DGWClient]_OnDiskCacheGetData(632)=>Start post callback cache refresh DNS resolution
03-21 15:00:44.114 15708 15828 E msys    : E[N mns:DGWClient]_OnDiskCacheGetData(632)=>Start post callback cache refresh DNS resolution
03-21 15:00:44.116 15708 15828 E msys    : E[N mns:DGWClient]_LogError(228)=>Failed to resolve using system DNS resolver, getaddrinfo(): No address associated with hostname
03-21 15:00:44.117 15708 15828 E msys    : E[N mns:DGWClient]_LogError(228)=>Failed to resolve using system DNS resolver, getaddrinfo(): No address associated with hostname
03-21 15:00:44.360 31370 31386 E BluetoothConnectionManager: Bluetooth is not enabled
03-21 15:00:44.360 31370 31386 E BluetoothMeshService: Failed to start Bluetooth services
03-21 15:00:45.046 15708 15828 E msys    : E[N mns:DGWClient]_OnDiskCacheGetData(632)=>Start post callback cache refresh DNS resolution
03-21 15:00:45.051 15708 15828 E msys    : E[N mns:DGWClient]_LogError(228)=>Failed to resolve using system DNS resolver, getaddrinfo(): No address associated with hostname
03-21 15:00:45.051 15708 15828 E msys    : E[N mns:DGWClient]_OnDiskCacheGetData(632)=>Start post callback cache refresh DNS resolution
03-21 15:00:45.052 15708 15828 E msys    : E[N mns:DGWClient]_LogError(228)=>Failed to resolve using system DNS resolver, getaddrinfo(): No address associated with hostname
03-21 15:00:45.137 15708 15828 E msys    : E[N mns:DGWClient]_OnDiskCacheGetData(632)=>Start post callback cache refresh DNS resolution
03-21 15:00:45.142 15708 15828 E msys    : E[N mns:DGWClient]_LogError(228)=>Failed to resolve using system DNS resolver, getaddrinfo(): No address associated with hostname
03-21 15:00:45.142 15708 15828 E msys    : E[N mns:DGWClient]_OnDiskCacheGetData(632)=>Start post callback cache refresh DNS resolution
03-21 15:00:45.143 15708 15828 E msys    : E[N mns:DGWClient]_LogError(228)=>Failed to resolve using system DNS resolver, getaddrinfo(): No address associated with hostname
03-21 15:00:45.555 15708 15828 E msys    : E[N mns:DGWClient]_OnDiskCacheGetData(632)=>Start post callback cache refresh DNS resolution
03-21 15:00:45.560 15708 15828 E msys    : E[N mns:DGWClient]_LogError(228)=>Failed to resolve using system DNS resolver, getaddrinfo(): No address associated with hostname
03-21 15:00:45.560 15708 15828 E msys    : E[N mns:DGWClient]_OnDiskCacheGetData(632)=>Start post callback cache refresh DNS resolution
03-21 15:00:45.561 15708 15828 E msys    : E[N mns:DGWClient]_LogError(228)=>Failed to resolve using system DNS resolver, getaddrinfo(): No address associated with hostname
03-21 15:00:46.001 15708 15828 E msys    : E[N mns:DGWClient]_OnDiskCacheGetData(632)=>Start post callback cache refresh DNS resolution
03-21 15:00:46.005 15708 15828 E msys    : E[N mns:DGWClient]_LogError(228)=>Failed to resolve using system DNS resolver, getaddrinfo(): No address associated with hostname
03-21 15:00:46.006 15708 15828 E msys    : E[N mns:DGWClient]_OnDiskCacheGetData(632)=>Start post callback cache refresh DNS resolution
03-21 15:00:46.007 15708 15828 E msys    : E[N mns:DGWClient]_LogError(228)=>Failed to resolve using system DNS resolver, getaddrinfo(): No address associated with hostname
03-21 15:00:47.067 15708 15828 E msys    : E[N mns:DGWClient]_OnDiskCacheGetData(632)=>Start post callback cache refresh DNS resolution
03-21 15:00:47.072 15708 15828 E msys    : E[N mns:DGWClient]_LogError(228)=>Failed to resolve using system DNS resolver, getaddrinfo(): No address associated with hostname
03-21 15:00:47.072 15708 15828 E msys    : E[N mns:DGWClient]_OnDiskCacheGetData(632)=>Start post callback cache refresh DNS resolution
03-21 15:00:47.073 15708 15828 E msys    : E[N mns:DGWClient]_LogError(228)=>Failed to resolve using system DNS resolver, getaddrinfo(): No address associated with hostname
03-21 15:00:47.161 15708 15828 E msys    : E[N mns:DGWClient]_OnDiskCacheGetData(632)=>Start post callback cache refresh DNS resolution
03-21 15:00:47.166 15708 15828 E msys    : E[N mns:DGWClient]_LogError(228)=>Failed to resolve using system DNS resolver, getaddrinfo(): No address associated with hostname
03-21 15:00:47.166 15708 15828 E msys    : E[N mns:DGWClient]_OnDiskCacheGetData(632)=>Start post callback cache refresh DNS resolution
03-21 15:00:47.167 15708 15828 E msys    : E[N mns:DGWClient]_LogError(228)=>Failed to resolve using system DNS resolver, getaddrinfo(): No address associated with hostname
03-21 15:00:47.224 15708 15828 E msys    : E[N mns:DGWClient]_OnDiskCacheGetData(632)=>Start post callback cache refresh DNS resolution
03-21 15:00:47.229 15708 15828 E msys    : E[N mns:DGWClient]_LogError(228)=>Failed to resolve using system DNS resolver, getaddrinfo(): No address associated with hostname
03-21 15:00:47.229 15708 15828 E msys    : E[N mns:DGWClient]_OnDiskCacheGetData(632)=>Start post callback cache refresh DNS resolution
03-21 15:00:47.230 15708 15828 E msys    : E[N mns:DGWClient]_LogError(228)=>Failed to resolve using system DNS resolver, getaddrinfo(): No address associated with hostname
03-21 15:00:47.386 15708 15828 E msys    : E[N mns:DGWClient]_OnDiskCacheGetData(632)=>Start post callback cache refresh DNS resolution
03-21 15:00:47.391 15708 15828 E msys    : E[N mns:DGWClient]_LogError(228)=>Failed to resolve using system DNS resolver, getaddrinfo(): No address associated with hostname
03-21 15:00:47.391 15708 15828 E msys    : E[N mns:DGWClient]_OnDiskCacheGetData(632)=>Start post callback cache refresh DNS resolution
03-21 15:00:47.392 15708 15828 E msys    : E[N mns:DGWClient]_LogError(228)=>Failed to resolve using system DNS resolver, getaddrinfo(): No address associated with hostname
03-21 15:00:47.594 15708 15828 E msys    : E[N mns:DGWClient]_OnDiskCacheGetData(632)=>Start post callback cache refresh DNS resolution
03-21 15:00:47.599 15708 15828 E msys    : E[N mns:DGWClient]_LogError(228)=>Failed to resolve using system DNS resolver, getaddrinfo(): No address associated with hostname
03-21 15:00:47.599 15708 15828 E msys    : E[N mns:DGWClient]_OnDiskCacheGetData(632)=>Start post callback cache refresh DNS resolution
03-21 15:00:47.600 15708 15828 E msys    : E[N mns:DGWClient]_LogError(228)=>Failed to resolve using system DNS resolver, getaddrinfo(): No address associated with hostname
03-21 15:00:47.903 15708 15828 E msys    : E[N mns:DGWClient]_OnDiskCacheGetData(632)=>Start post callback cache refresh DNS resolution
03-21 15:00:47.907 15708 15828 E msys    : E[N mns:DGWClient]_LogError(228)=>Failed to resolve using system DNS resolver, getaddrinfo(): No address associated with hostname
03-21 15:00:47.907 15708 15828 E msys    : E[N mns:DGWClient]_OnDiskCacheGetData(632)=>Start post callback cache refresh DNS resolution
03-21 15:00:47.909 15708 15828 E msys    : E[N mns:DGWClient]_LogError(228)=>Failed to resolve using system DNS resolver, getaddrinfo(): No address associated with hostname
03-21 15:00:48.678 15708 15828 E msys    : E[N mns:DGWClient]_OnDiskCacheGetData(632)=>Start post callback cache refresh DNS resolution
03-21 15:00:48.683 15708 15828 E msys    : E[N mns:DGWClient]_OnDiskCacheGetData(632)=>Start post callback cache refresh DNS resolution
03-21 15:00:48.684 15708 15828 E msys    : E[N mns:DGWClient]_LogError(228)=>Failed to resolve using system DNS resolver, getaddrinfo(): No address associated with hostname
03-21 15:00:48.684 15708 15828 E msys    : E[N mns:DGWClient]_LogError(228)=>Failed to resolve using system DNS resolver, getaddrinfo(): No address associated with hostname
03-21 15:00:49.224 15708 15828 E msys    : E[N mns:DGWClient]_OnDiskCacheGetData(632)=>Start post callback cache refresh DNS resolution
03-21 15:00:49.229 15708 15828 E msys    : E[N mns:DGWClient]_LogError(228)=>Failed to resolve using system DNS resolver, getaddrinfo(): No address associated with hostname
03-21 15:00:49.229 15708 15828 E msys    : E[N mns:DGWClient]_OnDiskCacheGetData(632)=>Start post callback cache refresh DNS resolution
03-21 15:00:49.230 15708 15828 E msys    : E[N mns:DGWClient]_LogError(228)=>Failed to resolve using system DNS resolver, getaddrinfo(): No address associated with hostname
03-21 15:00:49.366 31370 31386 E BluetoothConnectionManager: Bluetooth is not enabled
03-21 15:00:49.366 31370 31386 E BluetoothMeshService: Failed to start Bluetooth services
03-21 15:00:49.413 15708 15828 E msys    : E[N mns:DGWClient]_OnDiskCacheGetData(632)=>Start post callback cache refresh DNS resolution
03-21 15:00:49.418 15708 15828 E msys    : E[N mns:DGWClient]_OnDiskCacheGetData(632)=>Start post callback cache refresh DNS resolution
03-21 15:00:49.419 15708 15828 E msys    : E[N mns:DGWClient]_LogError(228)=>Failed to resolve using system DNS resolver, getaddrinfo(): No address associated with hostname
03-21 15:00:49.419 15708 15828 E msys    : E[N mns:DGWClient]_LogError(228)=>Failed to resolve using system DNS resolver, getaddrinfo(): No address associated with hostname
03-21 15:00:49.568 15708 15828 E msys    : E[N mns:DGWClient]_OnDiskCacheGetData(632)=>Start post callback cache refresh DNS resolution
03-21 15:00:49.573 15708 15828 E msys    : E[N mns:DGWClient]_LogError(228)=>Failed to resolve using system DNS resolver, getaddrinfo(): No address associated with hostname
03-21 15:00:49.573 15708 15828 E msys    : E[N mns:DGWClient]_OnDiskCacheGetData(632)=>Start post callback cache refresh DNS resolution
03-21 15:00:49.575 15708 15828 E msys    : E[N mns:DGWClient]_LogError(228)=>Failed to resolve using system DNS resolver, getaddrinfo(): No address associated with hostname
03-21 15:00:50.422 15708 15828 E msys    : E[N mns:DGWClient]_OnDiskCacheGetData(632)=>Start post callback cache refresh DNS resolution
03-21 15:00:50.427 15708 15828 E msys    : E[N mns:DGWClient]_OnDiskCacheGetData(632)=>Start post callback cache refresh DNS resolution
03-21 15:00:50.428 15708 15828 E msys    : E[N mns:DGWClient]_LogError(228)=>Failed to resolve using system DNS resolver, getaddrinfo(): No address associated with hostname
03-21 15:00:50.428 15708 15828 E msys    : E[N mns:DGWClient]_LogError(228)=>Failed to resolve using system DNS resolver, getaddrinfo(): No address associated with hostname
03-21 15:00:50.876 15708 15828 E msys    : E[N mns:DGWClient]_OnDiskCacheGetData(632)=>Start post callback cache refresh DNS resolution
03-21 15:00:50.881 15708 15828 E msys    : E[N mns:DGWClient]_LogError(228)=>Failed to resolve using system DNS resolver, getaddrinfo(): No address associated with hostname
03-21 15:00:50.881 15708 15828 E msys    : E[N mns:DGWClient]_OnDiskCacheGetData(632)=>Start post callback cache refresh DNS resolution
03-21 15:00:50.882 15708 15828 E msys    : E[N mns:DGWClient]_LogError(228)=>Failed to resolve using system DNS resolver, getaddrinfo(): No address associated with hostname
03-21 15:00:50.900 15708 15828 E msys    : E[N mns:DGWClient]_OnDiskCacheGetData(632)=>Start post callback cache refresh DNS resolution
03-21 15:00:50.905 15708 15828 E msys    : E[N mns:DGWClient]_LogError(228)=>Failed to resolve using system DNS resolver, getaddrinfo(): No address associated with hostname
03-21 15:00:50.905 15708 15828 E msys    : E[N mns:DGWClient]_OnDiskCacheGetData(632)=>Start post callback cache refresh DNS resolution
03-21 15:00:50.906 15708 15828 E msys    : E[N mns:DGWClient]_LogError(228)=>Failed to resolve using system DNS resolver, getaddrinfo(): No address associated with hostname
03-21 15:00:51.515 15708 15828 E msys    : E[N mns:DGWClient]_OnDiskCacheGetData(632)=>Start post callback cache refresh DNS resolution
03-21 15:00:51.520 15708 15828 E msys    : E[N mns:DGWClient]_LogError(228)=>Failed to resolve using system DNS resolver, getaddrinfo(): No address associated with hostname
03-21 15:00:51.520 15708 15828 E msys    : E[N mns:DGWClient]_OnDiskCacheGetData(632)=>Start post callback cache refresh DNS resolution
03-21 15:00:51.521 15708 15828 E msys    : E[N mns:DGWClient]_LogError(228)=>Failed to resolve using system DNS resolver, getaddrinfo(): No address associated with hostname
03-21 15:00:51.794 15708 15828 E msys    : E[N mns:DGWClient]_OnDiskCacheGetData(632)=>Start post callback cache refresh DNS resolution
03-21 15:00:51.799 15708 15828 E msys    : E[N mns:DGWClient]_LogError(228)=>Failed to resolve using system DNS resolver, getaddrinfo(): No address associated with hostname
03-21 15:00:51.799 15708 15828 E msys    : E[N mns:DGWClient]_OnDiskCacheGetData(632)=>Start post callback cache refresh DNS resolution
03-21 15:00:51.800 15708 15828 E msys    : E[N mns:DGWClient]_LogError(228)=>Failed to resolve using system DNS resolver, getaddrinfo(): No address associated with hostname
03-21 15:00:52.353 15708 15838 E MQTTBypassDGWStreamGroupConnection.cpp: connect failed. Callbacks terminated before ack received
03-21 15:00:52.354 15708 15768 E MQTTBypassDGWStreamGroupCallbacks.cpp: onStreamGroupError StreamGroupNetworkRequest request cancelled: max retries reached; last err (TransientError domain: MNSTCP code: 0 detail: connect(): Network is unreachable)
03-21 15:00:52.667 15708 15828 E msys    : E[N mns:DGWClient]_OnDiskCacheGetData(632)=>Start post callback cache refresh DNS resolution
03-21 15:00:52.671 15708 15828 E msys    : E[N mns:DGWClient]_LogError(228)=>Failed to resolve using system DNS resolver, getaddrinfo(): No address associated with hostname
03-21 15:00:52.672 15708 15828 E msys    : E[N mns:DGWClient]_OnDiskCacheGetData(632)=>Start post callback cache refresh DNS resolution
03-21 15:00:52.673 15708 15828 E msys    : E[N mns:DGWClient]_LogError(228)=>Failed to resolve using system DNS resolver, getaddrinfo(): No address associated with hostname
03-21 15:00:53.359 15708 15828 E msys    : E[N mns:DGWClient]_OnDiskCacheGetData(632)=>Start post callback cache refresh DNS resolution
03-21 15:00:53.363 15708 15828 E msys    : E[N mns:DGWClient]_LogError(228)=>Failed to resolve using system DNS resolver, getaddrinfo(): No address associated with hostname
03-21 15:00:53.364 15708 15828 E msys    : E[N mns:DGWClient]_OnDiskCacheGetData(632)=>Start post callback cache refresh DNS resolution
03-21 15:00:53.365 15708 15828 E msys    : E[N mns:DGWClient]_LogError(228)=>Failed to resolve using system DNS resolver, getaddrinfo(): No address associated with hostname
03-21 15:00:53.566 15708 15828 E msys    : E[N mns:DGWClient]_OnDiskCacheGetData(632)=>Start post callback cache refresh DNS resolution
03-21 15:00:53.571 15708 15828 E msys    : E[N mns:DGWClient]_LogError(228)=>Failed to resolve using system DNS resolver, getaddrinfo(): No address associated with hostname
03-21 15:00:53.571 15708 15828 E msys    : E[N mns:DGWClient]_OnDiskCacheGetData(632)=>Start post callback cache refresh DNS resolution
03-21 15:00:53.572 15708 15828 E msys    : E[N mns:DGWClient]_LogError(228)=>Failed to resolve using system DNS resolver, getaddrinfo(): No address associated with hostname
03-21 15:00:53.874 15708 15828 E msys    : E[N mns:DGWClient]_OnDiskCacheGetData(632)=>Start post callback cache refresh DNS resolution
03-21 15:00:53.879 15708 15828 E msys    : E[N mns:DGWClient]_LogError(228)=>Failed to resolve using system DNS resolver, getaddrinfo(): No address associated with hostname
03-21 15:00:53.879 15708 15828 E msys    : E[N mns:DGWClient]_OnDiskCacheGetData(632)=>Start post callback cache refresh DNS resolution
03-21 15:00:53.880 15708 15828 E msys    : E[N mns:DGWClient]_LogError(228)=>Failed to resolve using system DNS resolver, getaddrinfo(): No address associated with hostname
03-21 15:00:53.913 15708 15828 E msys    : E[N mns:DGWClient]_OnDiskCacheGetData(632)=>Start post callback cache refresh DNS resolution
03-21 15:00:53.917 15708 15828 E msys    : E[N mns:DGWClient]_LogError(228)=>Failed to resolve using system DNS resolver, getaddrinfo(): No address associated with hostname
03-21 15:00:53.917 15708 15828 E msys    : E[N mns:DGWClient]_OnDiskCacheGetData(632)=>Start post callback cache refresh DNS resolution
03-21 15:00:53.918 15708 15828 E msys    : E[N mns:DGWClient]_LogError(228)=>Failed to resolve using system DNS resolver, getaddrinfo(): No address associated with hostname
03-21 15:00:54.374 31370 31386 E BluetoothConnectionManager: Bluetooth is not enabled
03-21 15:00:54.374 31370 31386 E BluetoothMeshService: Failed to start Bluetooth services
03-21 15:00:54.701 15708 15828 E msys    : E[N mns:DGWClient]_OnDiskCacheGetData(632)=>Start post callback cache refresh DNS resolution
03-21 15:00:54.706 15708 15828 E msys    : E[N mns:DGWClient]_LogError(228)=>Failed to resolve using system DNS resolver, getaddrinfo(): No address associated with hostname
03-21 15:00:54.706 15708 15828 E msys    : E[N mns:DGWClient]_OnDiskCacheGetData(632)=>Start post callback cache refresh DNS resolution
03-21 15:00:54.708 15708 15828 E msys    : E[N mns:DGWClient]_LogError(228)=>Failed to resolve using system DNS resolver, getaddrinfo(): No address associated with hostname
03-21 15:00:55.109 15708 15828 E msys    : E[N mns:DGWClient]_OnDiskCacheGetData(632)=>Start post callback cache refresh DNS resolution
03-21 15:00:55.114 15708 15828 E msys    : E[N mns:DGWClient]_LogError(228)=>Failed to resolve using system DNS resolver, getaddrinfo(): No address associated with hostname
03-21 15:00:55.114 15708 15828 E msys    : E[N mns:DGWClient]_OnDiskCacheGetData(632)=>Start post callback cache refresh DNS resolution
03-21 15:00:55.115 15708 15828 E msys    : E[N mns:DGWClient]_LogError(228)=>Failed to resolve using system DNS resolver, getaddrinfo(): No address associated with hostname
03-21 15:00:55.801 15708 15828 E msys    : E[N mns:DGWClient]_OnDiskCacheGetData(632)=>Start post callback cache refresh DNS resolution
03-21 15:00:55.806 15708 15828 E msys    : E[N mns:DGWClient]_OnDiskCacheGetData(632)=>Start post callback cache refresh DNS resolution
03-21 15:00:55.807 15708 15828 E msys    : E[N mns:DGWClient]_LogError(228)=>Failed to resolve using system DNS resolver, getaddrinfo(): No address associated with hostname
03-21 15:00:55.807 15708 15828 E msys    : E[N mns:DGWClient]_LogError(228)=>Failed to resolve using system DNS resolver, getaddrinfo(): No address associated with hostname
03-21 15:00:56.029 15708 15828 E msys    : E[N mns:DGWClient]_OnDiskCacheGetData(632)=>Start post callback cache refresh DNS resolution
03-21 15:00:56.034 15708 15828 E msys    : E[N mns:DGWClient]_LogError(228)=>Failed to resolve using system DNS resolver, getaddrinfo(): No address associated with hostname
03-21 15:00:56.034 15708 15828 E msys    : E[N mns:DGWClient]_OnDiskCacheGetData(632)=>Start post callback cache refresh DNS resolution
03-21 15:00:56.035 15708 15828 E msys    : E[N mns:DGWClient]_LogError(228)=>Failed to resolve using system DNS resolver, getaddrinfo(): No address associated with hostname
03-21 15:00:56.202  2862  2906 E perf_hint: createSessionUsingConfig: PerformanceHint cannot create session. PowerHintSessions are not supported!
03-21 15:00:56.223 15708 15828 E msys    : E[N mns:DGWClient]_OnDiskCacheGetData(632)=>Start post callback cache refresh DNS resolution
03-21 15:00:56.227 15708 15828 E msys    : E[N mns:DGWClient]_LogError(228)=>Failed to resolve using system DNS resolver, getaddrinfo(): No address associated with hostname
03-21 15:00:56.227 15708 15828 E msys    : E[N mns:DGWClient]_OnDiskCacheGetData(632)=>Start post callback cache refresh DNS resolution
03-21 15:00:56.229 15708 15828 E msys    : E[N mns:DGWClient]_LogError(228)=>Failed to resolve using system DNS resolver, getaddrinfo(): No address associated with hostname
03-21 15:00:56.268 17558 17584 E cutils-trace: Error opening trace file: No such file or directory (2)
03-21 15:00:56.271 17558 17584 E DMABUFHEAPS: No ion heap of name ion_system_heap exists
03-21 15:00:56.271 17558 17584 E DMABUFHEAPS: No ion heap of name ion_system_heap exists
03-21 15:00:56.274 17558 17558 E ashmem  : Pinning is deprecated since Android Q. Please use trim or other methods.
03-21 15:00:56.334 17574 17599 E FirebaseCrashlytics: Settings request failed.
03-21 15:00:56.335 17574 17598 E SessionConfigFetcher: Error failing to fetch the remote configs: Unable to resolve host "firebase-settings.crashlytics.com": No address associated with hostname
03-21 15:00:56.340 17574 17610 E ashmem  : Pinning is deprecated since Android Q. Please use trim or other methods.
03-21 15:00:56.366 17558 17621 E perf_hint: createSessionUsingConfig: PerformanceHint cannot create session. PowerHintSessions are not supported!
03-21 15:00:56.443 17558 17626 E ReactNativeJS: ReferenceError: Property 'Buffer' doesn't exist, js engine: hermes
03-21 15:00:56.444 17558 17626 E ReactNativeJS: Invariant Violation: "main" has not been registered. This can happen if:
03-21 15:00:56.444 17558 17626 E ReactNativeJS: * Metro (the local dev server) is run from the wrong folder. Check if Metro is running, stop it and restart it in the current project.
03-21 15:00:56.444 17558 17626 E ReactNativeJS: * A module failed to load due to an error and `AppRegistry.registerComponent` wasn't called., js engine: hermes
03-21 15:00:56.446 17558 17632 E AndroidRuntime: FATAL EXCEPTION: mqt_native_modules
03-21 15:00:56.446 17558 17632 E AndroidRuntime: Process: com.airudra00.gorakhchat, PID: 17558
03-21 15:00:56.446 17558 17632 E AndroidRuntime: com.facebook.react.common.JavascriptException: ReferenceError: Property 'Buffer' doesn't exist, js engine: hermes, stack:
03-21 15:00:56.446 17558 17632 E AndroidRuntime: anonymous@1:698828
03-21 15:00:56.446 17558 17632 E AndroidRuntime: anonymous@1:698736
03-21 15:00:56.446 17558 17632 E AndroidRuntime: anonymous@1:698629
03-21 15:00:56.446 17558 17632 E AndroidRuntime: loadModuleImplementation@1:16948
03-21 15:00:56.446 17558 17632 E AndroidRuntime: guardedLoadModule@1:16478
03-21 15:00:56.446 17558 17632 E AndroidRuntime: metroRequire@1:16108
03-21 15:00:56.446 17558 17632 E AndroidRuntime: anonymous@1:668815
03-21 15:00:56.446 17558 17632 E AndroidRuntime: loadModuleImplementation@1:16948
03-21 15:00:56.446 17558 17632 E AndroidRuntime: guardedLoadModule@1:16478
03-21 15:00:56.446 17558 17632 E AndroidRuntime: metroRequire@1:16108
03-21 15:00:56.446 17558 17632 E AndroidRuntime: anonymous@1:665909
03-21 15:00:56.446 17558 17632 E AndroidRuntime: loadModuleImplementation@1:16948
03-21 15:00:56.446 17558 17632 E AndroidRuntime: guardedLoadModule@1:16478
03-21 15:00:56.446 17558 17632 E AndroidRuntime: metroRequire@1:16108
03-21 15:00:56.446 17558 17632 E AndroidRuntime: anonymous@1:23228
03-21 15:00:56.446 17558 17632 E AndroidRuntime: loadModuleImplementation@1:16948
03-21 15:00:56.446 17558 17632 E AndroidRuntime: guardedLoadModule@1:16435
03-21 15:00:56.446 17558 17632 E AndroidRuntime: metroRequire@1:16108
03-21 15:00:56.446 17558 17632 E AndroidRuntime: global@1:15636
03-21 15:00:56.446 17558 17632 E AndroidRuntime: 
03-21 15:00:56.446 17558 17632 E AndroidRuntime: 	at com.facebook.react.modules.core.ExceptionsManagerModule.reportException(ExceptionsManagerModule.java:65)
03-21 15:00:56.446 17558 17632 E AndroidRuntime: 	at java.lang.reflect.Method.invoke(Native Method)
03-21 15:00:56.446 17558 17632 E AndroidRuntime: 	at com.facebook.react.bridge.JavaMethodWrapper.invoke(JavaMethodWrapper.java:372)
03-21 15:00:56.446 17558 17632 E AndroidRuntime: 	at com.facebook.react.bridge.JavaModuleWrapper.invoke(JavaModuleWrapper.java:149)
03-21 15:00:56.446 17558 17632 E AndroidRuntime: 	at com.facebook.jni.NativeRunnable.run(Native Method)
03-21 15:00:56.446 17558 17632 E AndroidRuntime: 	at android.os.Handler.handleCallback(Handler.java:995)
03-21 15:00:56.446 17558 17632 E AndroidRuntime: 	at android.os.Handler.dispatchMessage(Handler.java:103)
03-21 15:00:56.446 17558 17632 E AndroidRuntime: 	at com.facebook.react.bridge.queue.MessageQueueThreadHandler.dispatchMessage(MessageQueueThreadHandler.java:29)
03-21 15:00:56.446 17558 17632 E AndroidRuntime: 	at android.os.Looper.loopOnce(Looper.java:248)
03-21 15:00:56.446 17558 17632 E AndroidRuntime: 	at android.os.Looper.loop(Looper.java:338)
03-21 15:00:56.446 17558 17632 E AndroidRuntime: 	at com.facebook.react.bridge.queue.MessageQueueThreadImpl$4.run(MessageQueueThreadImpl.java:234)
03-21 15:00:56.446 17558 17632 E AndroidRuntime: 	at java.lang.Thread.run(Thread.java:1119)
03-21 15:00:56.483 17574 17624 E rogames.compass: hiddenapi: Accessing hidden method Landroid/telephony/NetworkRegistrationInfo;->getNrState()I (runtime_flags=0, domain=platform, api=blocked) from Lcom/umlaut/crowd/internal/r3; (domain=app) using reflection: denied
03-21 15:00:56.489  2205  2704 E ActivityManager: Unable to parse binderfs stats
03-21 15:00:56.579 17655 17694 E SessionConfigFetcher: Error failing to fetch the remote configs: Unable to resolve host "firebase-settings.crashlytics.com": No address associated with hostname
03-21 15:00:56.594 17655 17700 E ashmem  : Pinning is deprecated since Android Q. Please use trim or other methods.
03-21 15:00:56.707  1205  1205 E Finsky  : [2] bnus failed GRPC call!
03-21 15:00:56.707  1205  1205 E Finsky  : io.grpc.StatusException: UNAVAILABLE
03-21 15:00:56.707  1205  1205 E Finsky  : 	at byft.hl(PG:11)
03-21 15:00:56.707  1205  1205 E Finsky  : 	at blvp.f(PG:98)
03-21 15:00:56.707  1205  1205 E Finsky  : 	at blvp.l(PG:23)
03-21 15:00:56.707  1205  1205 E Finsky  : 	at blvp.hl(PG:8)
03-21 15:00:56.707  1205  1205 E Finsky  : 	at ppv.run(PG:81)
03-21 15:00:56.707  1205  1205 E Finsky  : 	at blvv.e(PG:17)
03-21 15:00:56.707  1205  1205 E Finsky  : 	at blvv.hl(PG:8)
03-21 15:00:56.707  1205  1205 E Finsky  : 	at ppv.run(PG:214)
03-21 15:00:56.707  1205  1205 E Finsky  : 	at blva.run(PG:719)
03-21 15:00:56.707  1205  1205 E Finsky  : 	at bkvi.run(PG:3)
03-21 15:00:56.707  1205  1205 E Finsky  : 	at bkvj.run(PG:64)
03-21 15:00:56.707  1205  1205 E Finsky  : 	at bktu.execute(PG:1)
03-21 15:00:56.707  1205  1205 E Finsky  : 	at blvl.execute(PG:3)
03-21 15:00:56.707  1205  1205 E Finsky  : 	at bkvk.execute(PG:34)
03-21 15:00:56.707  1205  1205 E Finsky  : 	at blvi.execute(PG:11)
03-21 15:00:56.707  1205  1205 E Finsky  : 	at blvj.hl(PG:12)
03-21 15:00:56.707  1205  1205 E Finsky  : 	at blvp.f(PG:98)
03-21 15:00:56.707  1205  1205 E Finsky  : 	at blvp.l(PG:23)
03-21 15:00:56.707  1205  1205 E Finsky  : 	at blvp.hl(PG:8)
03-21 15:00:56.707  1205  1205 E Finsky  : 	at ppv.run(PG:81)
03-21 15:00:56.707  1205  1205 E Finsky  : 	at blvv.e(PG:17)
03-21 15:00:56.707  1205  1205 E Finsky  : 	at blvv.hl(PG:8)
03-21 15:00:56.707  1205  1205 E Finsky  : 	at ppv.run(PG:214)
03-21 15:00:56.707  1205  1205 E Finsky  : 	at blva.run(PG:719)
03-21 15:00:56.707  1205  1205 E Finsky  : 	at bkvi.run(PG:3)
03-21 15:00:56.707  1205  1205 E Finsky  : 	at bkvj.run(PG:64)
03-21 15:00:56.707  1205  1205 E Finsky  : 	at bktu.execute(PG:1)
03-21 15:00:56.707  1205  1205 E Finsky  : 	at blvl.execute(PG:3)
03-21 15:00:56.707  1205  1205 E Finsky  : 	at bkvk.execute(PG:34)
03-21 15:00:56.707  1205  1205 E Finsky  : 	at blvi.execute(PG:11)
03-21 15:00:56.707  1205  1205 E Finsky  : 	at blvj.hl(PG:12)
03-21 15:00:56.707  1205  1205 E Finsky  : 	at blvp.f(PG:98)
03-21 15:00:56.707  1205  1205 E Finsky  : 	at blvp.l(PG:23)
03-21 15:00:56.707  1205  1205 E Finsky  : 	at blvp.hl(PG:8)
03-21 15:00:56.707  1205  1205 E Finsky  : 	at ppv.run(PG:81)
03-21 15:00:56.707  1205  1205 E Finsky  : 	at blvv.e(PG:17)
03-21 15:00:56.707  1205  1205 E Finsky  : 	at blvv.hl(PG:8)
03-21 15:00:56.707  1205  1205 E Finsky  : 	at ppv.run(PG:214)
03-21 15:00:56.707  1205  1205 E Finsky  : 	at blva.run(PG:719)
03-21 15:00:56.707  1205  1205 E Finsky  : 	at bkvi.run(PG:3)
03-21 15:00:56.707  1205  1205 E Finsky  : 	at bkvj.run(PG:64)
03-21 15:00:56.707  1205  1205 E Finsky  : 	at bktu.execute(PG:1)
03-21 15:00:56.707  1205  1205 E Finsky  : 	at blvl.execute(PG:3)
03-21 15:00:56.707  1205  1205 E Finsky  : 	at bkvk.execute(PG:34)
03-21 15:00:56.707  1205  1205 E Finsky  : 	at blvi.execute(PG:11)
03-21 15:00:56.707  1205  1205 E Finsky  : 	at blvj.hl(PG:12)
03-21 15:00:56.707  1205  1205 E Finsky  : 	at blvp.f(PG:98)
03-21 15:00:56.707  1205  1205 E Finsky  : 	at blvp.l(PG:23)
03-21 15:00:56.707  1205  1205 E Finsky  : 	at blvp.hl(PG:8)
03-21 15:00:56.707  1205  1205 E Finsky  : 	at ppv.run(PG:81)
03-21 15:00:56.707  1205  1205 E Finsky  : 	at blvv.e(PG:17)
03-21 15:00:56.707  1205  1205 E Finsky  : 	at blvv.hl(PG:8)
03-21 15:00:56.707  1205  1205 E Finsky  : 	at ppv.run(PG:214)
03-21 15:00:56.707  1205  1205 E Finsky  : 	at blva.run(PG:719)
03-21 15:00:56.707  1205  1205 E Finsky  : 	at bkvi.run(PG:3)
03-21 15:00:56.707  1205  1205 E Finsky  : 	at bkvj.run(PG:64)
03-21 15:00:56.707  1205  1205 E Finsky  : 	at bktu.execute(PG:1)
03-21 15:00:56.707  1205  1205 E Finsky  : 	at blvl.execute(PG:3)
03-21 15:00:56.707  1205  1205 E Finsky  : 	at bkvk.execute(PG:34)
03-21 15:00:56.707  1205  1205 E Finsky  : 	at blvi.execute(PG:11)
03-21 15:00:56.707  1205  1205 E Finsky  : 	at blvj.hl(PG:12)
03-21 15:00:56.707  1205  1205 E Finsky  : 	at blvp.f(PG:98)
03-21 15:00:56.707  1205  1205 E Finsky  : 	at blvp.l(PG:23)
03-21 15:00:56.707  1205  1205 E Finsky  : 	at blvp.hl(PG:8)
03-21 15:00:56.707  1205  1205 E Finsky  : 	at ppv.run(PG:81)
03-21 15:00:56.707  1205  1205 E Finsky  : 	at blvv.e(PG:17)
03-21 15:00:56.707  1205  1205 E Finsky  : 	at blvv.hl(PG:8)
03-21 15:00:56.707  1205  1205 E Finsky  : 	at ppv.run(PG:214)
03-21 15:00:56.707  1205  1205 E Finsky  : 	at blva.run(PG:719)
03-21 15:00:56.707  1205  1205 E Finsky  : 	at bkvi.run(PG:3)
03-21 15:00:56.707  1205  1205 E Finsky  : 	at bkvj.run(PG:64)
03-21 15:00:56.707  1205  1205 E Finsky  : 	at bktu.execute(PG:1)
03-21 15:00:56.707  1205  1205 E Finsky  : 	at blvl.execute(PG:3)
03-21 15:00:56.707  1205  1205 E Finsky  : 	at bkvk.execute(PG:34)
03-21 15:00:56.707  1205  1205 E Finsky  : 	at blvi.execute(PG:11)
03-21 15:00:56.707  1205  1205 E Finsky  : 	at blvj.hl(PG:12)
03-21 15:00:56.707  1205  1205 E Finsky  : 	at blvp.f(PG:98)
03-21 15:00:56.707  1205  1205 E Finsky  : 	at blvp.l(PG:23)
03-21 15:00:56.707  1205  1205 E Finsky  : 	at blvp.hl(PG:8)
03-21 15:00:56.707  1205  1205 E Finsky  : 	at ppv.run(PG:81)
03-21 15:00:56.707  1205  1205 E Finsky  : 	at blvv.e(PG:17)
03-21 15:00:56.707  1205  1205 E Finsky  : 	at blvv.hl(PG:8)
03-21 15:00:56.707  1205  1205 E Finsky  : 	at ppv.run(PG:214)
03-21 15:00:56.707  1205  1205 E Finsky  : 	at blva.run(PG:719)
03-21 15:00:56.707  1205  1205 E Finsky  : 	at bkvi.run(PG:3)
03-21 15:00:56.707  1205  1205 E Finsky  : 	at bkvj.run(PG:64)
03-21 15:00:56.707  1205  1205 E Finsky  : 	at bktu.execute(PG:1)
03-21 15:00:56.707  1205  1205 E Finsky  : 	at blvl.execute(PG:3)
03-21 15:00:56.707  1205  1205 E Finsky  : 	at bkvk.execute(PG:34)
03-21 15:00:56.707  1205  1205 E Finsky  : 	at blvi.execute(PG:11)
03-21 15:00:56.707  1205  1205 E Finsky  : 	at blvj.hl(PG:12)
03-21 15:00:56.707  1205  1205 E Finsky  : 	at blvp.f(PG:98)
03-21 15:00:56.707  1205  1205 E Finsky  : 	at blvp.l(PG:23)
03-21 15:00:56.707  1205  1205 E Finsky  : 	at blvp.hl(PG:8)
03-21 15:00:56.707  1205  1205 E Finsky  : 	at ppv.run(PG:81)
03-21 15:00:56.707  1205  1205 E Finsky  : 	at blvv.e(PG:17)
03-21 15:00:56.707  1205  1205 E Finsky  : 	at blvv.hl(PG:8)
03-21 15:00:56.707  1205  1205 E Finsky  : 	at ppv.run(PG:214)
03-21 15:00:56.707  1205  1205 E Finsky  : 	at blva.run(PG:719)
03-21 15:00:56.707  1205  1205 E Finsky  : 	at bkvi.run(PG:3)
03-21 15:00:56.707  1205  1205 E Finsky  : 	at bkvj.run(PG:64)
03-21 15:00:56.707  1205  1205 E Finsky  : 	at bktu.execute(PG:1)
03-21 15:00:56.707  1205  1205 E Finsky  : 	at blvl.execute(PG:3)
03-21 15:00:56.707  1205  1205 E Finsky  : 	at bkvk.execute(PG:34)
03-21 15:00:56.707  1205  1205 E Finsky  : 	at blvi.execute(PG:11)
03-21 15:00:56.707  1205  1205 E Finsky  : 	at blvj.hl(PG:12)
03-21 15:00:56.707  1205  1205 E Finsky  : 	at blvp.f(PG:98)
03-21 15:00:56.707  1205  1205 E Finsky  : 	at blvp.l(PG:23)
03-21 15:00:56.707  1205  1205 E Finsky  : 	at blvp.hl(PG:8)
03-21 15:00:56.707  1205  1205 E Finsky  : 	at ppv.run(PG:81)
03-21 15:00:56.707  1205  1205 E Finsky  : 	at blvv.e(PG:17)
03-21 15:00:56.707  1205  1205 E Finsky  : 	at blvv.hl(PG:8)
03-21 15:00:56.707  1205  1205 E Finsky  : 	at ppv.run(PG:214)
03-21 15:00:56.707  1205  1205 E Finsky  : 	at blva.run(PG:719)
03-21 15:00:56.707  1205  1205 E Finsky  : 	at bkvi.run(PG:3)
03-21 15:00:56.707  1205  1205 E Finsky  : 	at bkvj.run(PG:64)
03-21 15:00:56.707  1205  1205 E Finsky  : 	at bktu.execute(PG:1)
03-21 15:00:56.707  1205  1205 E Finsky  : 	at blvl.execute(PG:3)
03-21 15:00:56.707  1205  1205 E Finsky  : 	at bkvk.execute(PG:34)
03-21 15:00:56.707  1205  1205 E Finsky  : 	at blvi.execute(PG:11)
03-21 15:00:56.707  1205  1205 E Finsky  : 	at blvj.hl(PG:12)
03-21 15:00:56.707  1205  1205 E Finsky  : 	at blvp.f(PG:98)
03-21 15:00:56.707  1205  1205 E Finsky  : 	at blvp.l(PG:23)
03-21 15:00:56.707  1205  1205 E Finsky  : 	at blvp.hl(PG:8)
03-21 15:00:56.707  1205  1205 E Finsky  : 	at ppv.run(PG:81)
03-21 15:00:56.707  1205  1205 E Finsky  : 	at bjau.run(PG:17)
03-21 15:00:56.707  1205  1205 E Finsky  : 	at blvv.e(PG:32)
03-21 15:00:56.707  1205  1205 E Finsky  : 	at blvv.hl(PG:8)
03-21 15:00:56.707  1205  1205 E Finsky  : 	at ppv.run(PG:214)
03-21 15:00:56.707  1205  1205 E Finsky  : 	at blva.run(PG:719)
03-21 15:00:56.707  1205  1205 E Finsky  : 	at bkvi.run(PG:3)
03-21 15:00:56.707  1205  1205 E Finsky  : 	at bkvj.run(PG:64)
03-21 15:00:56.707  1205  1205 E Finsky  : 	at bktu.execute(PG:1)
03-21 15:00:56.707  1205  1205 E Finsky  : 	at blvl.execute(PG:3)
03-21 15:00:56.707  1205  1205 E Finsky  : 	at bkvk.execute(PG:34)
03-21 15:00:56.707  1205  1205 E Finsky  : 	at blvi.execute(PG:11)
03-21 15:00:56.707  1205  1205 E Finsky  : 	at blvj.hl(PG:12)
03-21 15:00:56.707  1205  1205 E Finsky  : 	at bxxn.h(PG:1)
03-21 15:00:56.707  1205  1205 E Finsky  : 	at bxxk.a(PG:28)
03-21 15:00:56.707  1205  1205 E Finsky  : 	at bxyb.run(PG:7)
03-21 15:00:56.707  1205  1205 E Finsky  : 	at bydw.run(PG:12)
03-21 15:00:56.707  1205  1205 E Finsky  : 	at java.util.concurrent.ThreadPoolExecutor.runWorker(ThreadPoolExecutor.java:1156)
03-21 15:00:56.707  1205  1205 E Finsky  : 	at java.util.concurrent.ThreadPoolExecutor$Worker.run(ThreadPoolExecutor.java:651)
03-21 15:00:56.707  1205  1205 E Finsky  : 	at uzl.run(PG:618)
03-21 15:00:56.707  1205  1205 E Finsky  : 	at java.lang.Thread.run(Thread.java:1119)
03-21 15:00:56.707  1205  1205 E Finsky  : Caused by: org.chromium.net.impl.AndroidNetworkExceptionWrapper: Exception in BidirectionalStream: net::ERR_INTERNET_DISCONNECTED, ErrorCode=2, InternalErrorCode=-106, Retryable=false
03-21 15:00:56.707  1205  1205 E Finsky  : 	at org.chromium.base.MemoryPressureListener.b(PG:36)
03-21 15:00:56.707  1205  1205 E Finsky  : 	at bzvg.onFailed(PG:5)
03-21 15:00:56.707  1205  1205 E Finsky  : 	at android.net.http.BidirectionalStreamCallbackWrapper.onFailed(BidirectionalStreamCallbackWrapper.java:130)
03-21 15:00:56.707  1205  1205 E Finsky  : 	at android.net.connectivity.org.chromium.net.impl.VersionSafeCallbacks$BidirectionalStreamCallback.onFailed(VersionSafeCallbacks.java:140)
03-21 15:00:56.707  1205  1205 E Finsky  : 	at android.net.connectivity.org.chromium.net.impl.CronetBidirectionalStream.failWithExceptionOnExecutor(CronetBidirectionalStream.java:1146)
03-21 15:00:56.707  1205  1205 E Finsky  : 	at android.net.connectivity.org.chromium.net.impl.CronetBidirectionalStream.-$$Nest$mfailWithExceptionOnExecutor(Unknown Source:0)
03-21 15:00:56.707  1205  1205 E Finsky  : 	at android.net.connectivity.org.chromium.net.impl.CronetBidirectionalStream$5.run(CronetBidirectionalStream.java:1171)
03-21 15:00:56.707  1205  1205 E Finsky  : 	at android.net.connectivity.org.chromium.net.impl.CronetBidirectionalStream.lambda$postTaskToExecutor$0(CronetBidirectionalStream.java:1075)
03-21 15:00:56.707  1205  1205 E Finsky  : 	at android.net.connectivity.org.chromium.net.impl.CronetBidirectionalStream$$ExternalSyntheticLambda1.run(D8$$SyntheticClass:0)
03-21 15:00:56.707  1205  1205 E Finsky  : 	at bktu.execute(PG:1)
03-21 15:00:56.707  1205  1205 E Finsky  : 	at android.net.connectivity.org.chromium.net.impl.CronetBidirectionalStream.postTaskToExecutor(CronetBidirectionalStream.java:1068)
03-21 15:00:56.707  1205  1205 E Finsky  : 	at android.net.connectivity.org.chromium.net.impl.CronetBidirectionalStream.failWithException(CronetBidirectionalStream.java:1167)
03-21 15:00:56.707  1205  1205 E Finsky  : 	at android.net.connectivity.org.chromium.net.impl.CronetBidirectionalStream.onError(CronetBidirectionalStream.java:749)
03-21 15:00:56.707  1205  1205 E Finsky  : Caused by: android.net.http.NetworkExceptionWrapper: Exception in BidirectionalStream: net::ERR_INTERNET_DISCONNECTED, ErrorCode=2, InternalErrorCode=-106, Retryable=false
03-21 15:00:56.707  1205  1205 E Finsky  : 	at android.net.http.CronetExceptionTranslationUtils.translateException(CronetExceptionTranslationUtils.java:45)
03-21 15:00:56.707  1205  1205 E Finsky  : 	at android.net.http.BidirectionalStreamCallbackWrapper.onFailed(BidirectionalStreamCallbackWrapper.java:129)
03-21 15:00:56.707  1205  1205 E Finsky  : 	... 10 more
03-21 15:00:56.707  1205  1205 E Finsky  : Caused by: android.net.connectivity.org.chromium.net.impl.BidirectionalStreamNetworkException: Exception in BidirectionalStream: net::ERR_INTERNET_DISCONNECTED, ErrorCode=2, InternalErrorCode=-106, Retryable=false
03-21 15:00:56.707  1205  1205 E Finsky  : 	... 1 more
03-21 15:00:56.757 17574 17651 E rogames.compass: No package ID 6a found for resource ID 0x6a0b0013.
03-21 15:00:56.799 17655 17713 E .compass:tardis: No package ID 6a found for resource ID 0x6a0b0013.
03-21 15:00:57.005  1282  1282 E BpTransactionCompletedListener: Failed to transact (-32)
03-21 15:00:57.824 15708 15828 E msys    : E[N mns:DGWClient]_OnDiskCacheGetData(632)=>Start post callback cache refresh DNS resolution
03-21 15:00:57.829 15708 15828 E msys    : E[N mns:DGWClient]_OnDiskCacheGetData(632)=>Start post callback cache refresh DNS resolution
03-21 15:00:57.832 15708 15828 E msys    : E[N mns:DGWClient]_LogError(228)=>Failed to resolve using system DNS resolver, getaddrinfo(): No address associated with hostname
03-21 15:00:57.832 15708 15828 E msys    : E[N mns:DGWClient]_LogError(228)=>Failed to resolve using system DNS resolver, getaddrinfo(): No address associated with hostname
03-21 15:00:57.901  2993  3119 E perf_hint: createSessionUsingConfig: PerformanceHint cannot create session. PowerHintSessions are not supported!
