03-21 15:01:30.067 15708 15828 E msys    : E[N mns:DGWClient]_LogError(228)=>Failed to resolve using system DNS resolver, getaddrinfo(): No address associated with hostname
03-21 15:01:30.102 15708 15828 E msys    : E[N mns:DGWClient]_OnDiskCacheGetData(632)=>Start post callback cache refresh DNS resolution
03-21 15:01:30.106 15708 15828 E msys    : E[N mns:DGWClient]_LogError(228)=>Failed to resolve using system DNS resolver, getaddrinfo(): No address associated with hostname
03-21 15:01:30.107 15708 15828 E msys    : E[N mns:DGWClient]_OnDiskCacheGetData(632)=>Start post callback cache refresh DNS resolution
03-21 15:01:30.107 15708 15828 E msys    : E[N mns:DGWClient]_LogError(228)=>Failed to resolve using system DNS resolver, getaddrinfo(): No address associated with hostname
03-21 15:01:30.235 15708 15828 E msys    : E[N mns:DGWClient]_OnDiskCacheGetData(632)=>Start post callback cache refresh DNS resolution
03-21 15:01:30.240 15708 15828 E msys    : E[N mns:DGWClient]_LogError(228)=>Failed to resolve using system DNS resolver, getaddrinfo(): No address associated with hostname
03-21 15:01:30.240 15708 15828 E msys    : E[N mns:DGWClient]_OnDiskCacheGetData(632)=>Start post callback cache refresh DNS resolution
03-21 15:01:30.241 15708 15828 E msys    : E[N mns:DGWClient]_LogError(228)=>Failed to resolve using system DNS resolver, getaddrinfo(): No address associated with hostname
03-21 15:01:30.459 15708 15828 E msys    : E[N mns:DGWClient]_OnDiskCacheGetData(632)=>Start post callback cache refresh DNS resolution
03-21 15:01:30.464 15708 15828 E msys    : E[N mns:DGWClient]_OnDiskCacheGetData(632)=>Start post callback cache refresh DNS resolution
03-21 15:01:30.465 15708 15828 E msys    : E[N mns:DGWClient]_LogError(228)=>Failed to resolve using system DNS resolver, getaddrinfo(): No address associated with hostname
03-21 15:01:30.465 15708 15828 E msys    : E[N mns:DGWClient]_LogError(228)=>Failed to resolve using system DNS resolver, getaddrinfo(): No address associated with hostname
03-21 15:01:31.655 15708 15828 E msys    : E[N mns:DGWClient]_OnDiskCacheGetData(632)=>Start post callback cache refresh DNS resolution
03-21 15:01:31.660 15708 15828 E msys    : E[N mns:DGWClient]_OnDiskCacheGetData(632)=>Start post callback cache refresh DNS resolution
03-21 15:01:31.662 15708 15828 E msys    : E[N mns:DGWClient]_LogError(228)=>Failed to resolve using system DNS resolver, getaddrinfo(): No address associated with hostname
03-21 15:01:31.663 15708 15828 E msys    : E[N mns:DGWClient]_LogError(228)=>Failed to resolve using system DNS resolver, getaddrinfo(): No address associated with hostname
03-21 15:01:31.726  1205  2129 E PlayCommon: [141] Failed to connect to server for log upload.
03-21 15:01:32.059 15708 15828 E msys    : E[N mns:DGWClient]_OnDiskCacheGetData(632)=>Start post callback cache refresh DNS resolution
03-21 15:01:32.064 15708 15828 E msys    : E[N mns:DGWClient]_LogError(228)=>Failed to resolve using system DNS resolver, getaddrinfo(): No address associated with hostname
03-21 15:01:32.064 15708 15828 E msys    : E[N mns:DGWClient]_OnDiskCacheGetData(632)=>Start post callback cache refresh DNS resolution
03-21 15:01:32.065 15708 15828 E msys    : E[N mns:DGWClient]_LogError(228)=>Failed to resolve using system DNS resolver, getaddrinfo(): No address associated with hostname
03-21 15:01:32.132 15708 15828 E msys    : E[N mns:DGWClient]_OnDiskCacheGetData(632)=>Start post callback cache refresh DNS resolution
03-21 15:01:32.137 15708 15828 E msys    : E[N mns:DGWClient]_LogError(228)=>Failed to resolve using system DNS resolver, getaddrinfo(): No address associated with hostname
03-21 15:01:32.137 15708 15828 E msys    : E[N mns:DGWClient]_OnDiskCacheGetData(632)=>Start post callback cache refresh DNS resolution
03-21 15:01:32.138 15708 15828 E msys    : E[N mns:DGWClient]_LogError(228)=>Failed to resolve using system DNS resolver, getaddrinfo(): No address associated with hostname
03-21 15:01:32.762 15708 15917 E msys    : E[S MSync]_ModularSyncHandleNetworkResponse(1322)=>DB[223] - Encountered a network error (2002: StreamGroupNetworkRequest request cancelled: max retries reached; last err (TransientError domain: MNSTCP code: 0 detail: connect(): Network is unreachable))
03-21 15:01:32.762 15708 15917 E msys    : E[S MSync]_ModularSyncHandleNetworkErrorResponse(1100)=>DB[223] - handle network error response
03-21 15:01:33.657 15708 15828 E msys    : E[N mns:DGWClient]_OnDiskCacheGetData(632)=>Start post callback cache refresh DNS resolution
03-21 15:01:33.662 15708 15828 E msys    : E[N mns:DGWClient]_LogError(228)=>Failed to resolve using system DNS resolver, getaddrinfo(): No address associated with hostname
03-21 15:01:33.662 15708 15828 E msys    : E[N mns:DGWClient]_OnDiskCacheGetData(632)=>Start post callback cache refresh DNS resolution
03-21 15:01:33.663 15708 15828 E msys    : E[N mns:DGWClient]_LogError(228)=>Failed to resolve using system DNS resolver, getaddrinfo(): No address associated with hostname
03-21 15:01:34.166 15708 15828 E msys    : E[N mns:DGWClient]_OnDiskCacheGetData(632)=>Start post callback cache refresh DNS resolution
03-21 15:01:34.171 15708 15828 E msys    : E[N mns:DGWClient]_LogError(228)=>Failed to resolve using system DNS resolver, getaddrinfo(): No address associated with hostname
03-21 15:01:34.171 15708 15828 E msys    : E[N mns:DGWClient]_OnDiskCacheGetData(632)=>Start post callback cache refresh DNS resolution
03-21 15:01:34.173 15708 15828 E msys    : E[N mns:DGWClient]_LogError(228)=>Failed to resolve using system DNS resolver, getaddrinfo(): No address associated with hostname
03-21 15:01:34.418 31370 31386 E BluetoothConnectionManager: Bluetooth is not enabled
03-21 15:01:34.418 31370 31386 E BluetoothMeshService: Failed to start Bluetooth services
03-21 15:01:34.896 15708 15907 E msys    : E[N MQTT]onConnectError(562)=>Connect Error: folly::AsyncSocketException: AsyncSocketException: connect failed (immediately), type = Socket not open, errno = 101 (Network is unreachable)
03-21 15:01:35.003 15708 15828 E msys    : E[N mns:DGWClient]_OnDiskCacheGetData(632)=>Start post callback cache refresh DNS resolution
03-21 15:01:35.008 15708 15828 E msys    : E[N mns:DGWClient]_OnDiskCacheGetData(632)=>Start post callback cache refresh DNS resolution
03-21 15:01:35.009 15708 15828 E msys    : E[N mns:DGWClient]_LogError(228)=>Failed to resolve using system DNS resolver, getaddrinfo(): No address associated with hostname
03-21 15:01:35.009 15708 15828 E msys    : E[N mns:DGWClient]_LogError(228)=>Failed to resolve using system DNS resolver, getaddrinfo(): No address associated with hostname
03-21 15:01:36.859 15708 15828 E msys    : E[N mns:DGWClient]_OnDiskCacheGetData(632)=>Start post callback cache refresh DNS resolution
03-21 15:01:36.864 15708 15828 E msys    : E[N mns:DGWClient]_LogError(228)=>Failed to resolve using system DNS resolver, getaddrinfo(): No address associated with hostname
03-21 15:01:36.864 15708 15828 E msys    : E[N mns:DGWClient]_OnDiskCacheGetData(632)=>Start post callback cache refresh DNS resolution
03-21 15:01:36.866 15708 15828 E msys    : E[N mns:DGWClient]_LogError(228)=>Failed to resolve using system DNS resolver, getaddrinfo(): No address associated with hostname
03-21 15:01:39.265 15708 15838 E MQTTBypassDGWStreamGroupConnection.cpp: connect failed. Callbacks terminated before ack received
03-21 15:01:39.266 15708 15768 E MQTTBypassDGWStreamGroupCallbacks.cpp: onStreamGroupError StreamGroupNetworkRequest request cancelled: max retries reached; last err (TransientError domain: MNSTCP code: 0 detail: connect(): Network is unreachable)
03-21 15:01:39.425 31370 31386 E BluetoothConnectionManager: Bluetooth is not enabled
03-21 15:01:39.425 31370 31386 E BluetoothMeshService: Failed to start Bluetooth services
03-21 15:01:39.902 15708 15828 E msys    : E[N mns:DGWClient]_OnDiskCacheGetData(632)=>Start post callback cache refresh DNS resolution
03-21 15:01:39.907 15708 15828 E msys    : E[N mns:DGWClient]_LogError(228)=>Failed to resolve using system DNS resolver, getaddrinfo(): No address associated with hostname
03-21 15:01:39.907 15708 15828 E msys    : E[N mns:DGWClient]_OnDiskCacheGetData(632)=>Start post callback cache refresh DNS resolution
03-21 15:01:39.908 15708 15828 E msys    : E[N mns:DGWClient]_LogError(228)=>Failed to resolve using system DNS resolver, getaddrinfo(): No address associated with hostname
03-21 15:01:40.270 15708 15828 E msys    : E[N mns:DGWClient]_OnDiskCacheGetData(632)=>Start post callback cache refresh DNS resolution
03-21 15:01:40.275 15708 15828 E msys    : E[N mns:DGWClient]_LogError(228)=>Failed to resolve using system DNS resolver, getaddrinfo(): No address associated with hostname
03-21 15:01:40.275 15708 15828 E msys    : E[N mns:DGWClient]_OnDiskCacheGetData(632)=>Start post callback cache refresh DNS resolution
03-21 15:01:40.276 15708 15828 E msys    : E[N mns:DGWClient]_LogError(228)=>Failed to resolve using system DNS resolver, getaddrinfo(): No address associated with hostname
03-21 15:01:40.478 15708 15828 E msys    : E[N mns:DGWClient]_OnDiskCacheGetData(632)=>Start post callback cache refresh DNS resolution
03-21 15:01:40.483 15708 15828 E msys    : E[N mns:DGWClient]_LogError(228)=>Failed to resolve using system DNS resolver, getaddrinfo(): No address associated with hostname
03-21 15:01:40.483 15708 15828 E msys    : E[N mns:DGWClient]_OnDiskCacheGetData(632)=>Start post callback cache refresh DNS resolution
03-21 15:01:40.484 15708 15828 E msys    : E[N mns:DGWClient]_LogError(228)=>Failed to resolve using system DNS resolver, getaddrinfo(): No address associated with hostname
03-21 15:01:40.786 15708 15828 E msys    : E[N mns:DGWClient]_OnDiskCacheGetData(632)=>Start post callback cache refresh DNS resolution
03-21 15:01:40.791 15708 15828 E msys    : E[N mns:DGWClient]_LogError(228)=>Failed to resolve using system DNS resolver, getaddrinfo(): No address associated with hostname
03-21 15:01:40.792 15708 15828 E msys    : E[N mns:DGWClient]_OnDiskCacheGetData(632)=>Start post callback cache refresh DNS resolution
03-21 15:01:40.793 15708 15828 E msys    : E[N mns:DGWClient]_LogError(228)=>Failed to resolve using system DNS resolver, getaddrinfo(): No address associated with hostname
03-21 15:01:43.089 15708 15828 E msys    : E[N mns:DGWClient]_OnDiskCacheGetData(632)=>Start post callback cache refresh DNS resolution
03-21 15:01:43.094 15708 15828 E msys    : E[N mns:DGWClient]_LogError(228)=>Failed to resolve using system DNS resolver, getaddrinfo(): No address associated with hostname
03-21 15:01:43.094 15708 15828 E msys    : E[N mns:DGWClient]_OnDiskCacheGetData(632)=>Start post callback cache refresh DNS resolution
03-21 15:01:43.095 15708 15828 E msys    : E[N mns:DGWClient]_LogError(228)=>Failed to resolve using system DNS resolver, getaddrinfo(): No address associated with hostname
03-21 15:01:43.436 15708 15797 E msys    : E[N mns:TigonMNS]_OnDiskCacheGetData(632)=>Start post callback cache refresh DNS resolution
03-21 15:01:43.442 15708 15797 E msys    : E[N mns:TigonMNS]_LogError(228)=>Failed to resolve using system DNS resolver, getaddrinfo(): No address associated with hostname
03-21 15:01:43.442 15708 15797 E msys    : E[N mns:TigonMNS]_OnDiskCacheGetData(632)=>Start post callback cache refresh DNS resolution
03-21 15:01:43.443 15708 15797 E msys    : E[N mns:TigonMNS]_LogError(228)=>Failed to resolve using system DNS resolver, getaddrinfo(): No address associated with hostname
03-21 15:01:44.424 15708 15828 E msys    : E[N mns:DGWClient]_OnDiskCacheGetData(632)=>Start post callback cache refresh DNS resolution
03-21 15:01:44.429 15708 15828 E msys    : E[N mns:DGWClient]_LogError(228)=>Failed to resolve using system DNS resolver, getaddrinfo(): No address associated with hostname
03-21 15:01:44.429 15708 15828 E msys    : E[N mns:DGWClient]_OnDiskCacheGetData(632)=>Start post callback cache refresh DNS resolution
03-21 15:01:44.430 15708 15828 E msys    : E[N mns:DGWClient]_LogError(228)=>Failed to resolve using system DNS resolver, getaddrinfo(): No address associated with hostname
03-21 15:01:44.431 31370 31386 E BluetoothConnectionManager: Bluetooth is not enabled
03-21 15:01:44.431 31370 31386 E BluetoothMeshService: Failed to start Bluetooth services
03-21 15:01:44.802 15708 15828 E msys    : E[N mns:DGWClient]_OnDiskCacheGetData(632)=>Start post callback cache refresh DNS resolution
03-21 15:01:44.806 15708 15828 E msys    : E[N mns:DGWClient]_LogError(228)=>Failed to resolve using system DNS resolver, getaddrinfo(): No address associated with hostname
03-21 15:01:44.807 15708 15828 E msys    : E[N mns:DGWClient]_OnDiskCacheGetData(632)=>Start post callback cache refresh DNS resolution
03-21 15:01:44.808 15708 15828 E msys    : E[N mns:DGWClient]_LogError(228)=>Failed to resolve using system DNS resolver, getaddrinfo(): No address associated with hostname
03-21 15:01:46.399 15708 15828 E msys    : E[N mns:DGWClient]_OnDiskCacheGetData(632)=>Start post callback cache refresh DNS resolution
03-21 15:01:46.404 15708 15828 E msys    : E[N mns:DGWClient]_LogError(228)=>Failed to resolve using system DNS resolver, getaddrinfo(): No address associated with hostname
03-21 15:01:46.404 15708 15828 E msys    : E[N mns:DGWClient]_OnDiskCacheGetData(632)=>Start post callback cache refresh DNS resolution
03-21 15:01:46.405 15708 15828 E msys    : E[N mns:DGWClient]_LogError(228)=>Failed to resolve using system DNS resolver, getaddrinfo(): No address associated with hostname
03-21 15:01:47.471 15708 15828 E msys    : E[N mns:DGWClient]_OnDiskCacheGetData(632)=>Start post callback cache refresh DNS resolution
03-21 15:01:47.476 15708 15828 E msys    : E[N mns:DGWClient]_LogError(228)=>Failed to resolve using system DNS resolver, getaddrinfo(): No address associated with hostname
03-21 15:01:47.476 15708 15828 E msys    : E[N mns:DGWClient]_OnDiskCacheGetData(632)=>Start post callback cache refresh DNS resolution
03-21 15:01:47.477 15708 15828 E msys    : E[N mns:DGWClient]_LogError(228)=>Failed to resolve using system DNS resolver, getaddrinfo(): No address associated with hostname
03-21 15:01:47.773 15708 15828 E msys    : E[N mns:DGWClient]_OnDiskCacheGetData(632)=>Start post callback cache refresh DNS resolution
03-21 15:01:47.778 15708 15828 E msys    : E[N mns:DGWClient]_OnDiskCacheGetData(632)=>Start post callback cache refresh DNS resolution
03-21 15:01:47.779 15708 15828 E msys    : E[N mns:DGWClient]_LogError(228)=>Failed to resolve using system DNS resolver, getaddrinfo(): No address associated with hostname
03-21 15:01:47.780 15708 15828 E msys    : E[N mns:DGWClient]_LogError(228)=>Failed to resolve using system DNS resolver, getaddrinfo(): No address associated with hostname
03-21 15:01:47.981 15708 15828 E msys    : E[N mns:DGWClient]_OnDiskCacheGetData(632)=>Start post callback cache refresh DNS resolution
03-21 15:01:47.986 15708 15828 E msys    : E[N mns:DGWClient]_LogError(228)=>Failed to resolve using system DNS resolver, getaddrinfo(): No address associated with hostname
03-21 15:01:47.986 15708 15828 E msys    : E[N mns:DGWClient]_OnDiskCacheGetData(632)=>Start post callback cache refresh DNS resolution
03-21 15:01:47.987 15708 15828 E msys    : E[N mns:DGWClient]_LogError(228)=>Failed to resolve using system DNS resolver, getaddrinfo(): No address associated with hostname
03-21 15:01:48.289 15708 15828 E msys    : E[N mns:DGWClient]_OnDiskCacheGetData(632)=>Start post callback cache refresh DNS resolution
03-21 15:01:48.294 15708 15828 E msys    : E[N mns:DGWClient]_LogError(228)=>Failed to resolve using system DNS resolver, getaddrinfo(): No address associated with hostname
03-21 15:01:48.294 15708 15828 E msys    : E[N mns:DGWClient]_OnDiskCacheGetData(632)=>Start post callback cache refresh DNS resolution
03-21 15:01:48.295 15708 15828 E msys    : E[N mns:DGWClient]_LogError(228)=>Failed to resolve using system DNS resolver, getaddrinfo(): No address associated with hostname
03-21 15:01:49.112 15708 15828 E msys    : E[N mns:DGWClient]_OnDiskCacheGetData(632)=>Start post callback cache refresh DNS resolution
03-21 15:01:49.117 15708 15828 E msys    : E[N mns:DGWClient]_OnDiskCacheGetData(632)=>Start post callback cache refresh DNS resolution
03-21 15:01:49.118 15708 15828 E msys    : E[N mns:DGWClient]_LogError(228)=>Failed to resolve using system DNS resolver, getaddrinfo(): No address associated with hostname
03-21 15:01:49.118 15708 15828 E msys    : E[N mns:DGWClient]_LogError(228)=>Failed to resolve using system DNS resolver, getaddrinfo(): No address associated with hostname
03-21 15:01:49.219 15708 15828 E msys    : E[N mns:DGWClient]_OnDiskCacheGetData(632)=>Start post callback cache refresh DNS resolution
03-21 15:01:49.223 15708 15828 E msys    : E[N mns:DGWClient]_LogError(228)=>Failed to resolve using system DNS resolver, getaddrinfo(): No address associated with hostname
03-21 15:01:49.223 15708 15828 E msys    : E[N mns:DGWClient]_OnDiskCacheGetData(632)=>Start post callback cache refresh DNS resolution
03-21 15:01:49.224 15708 15828 E msys    : E[N mns:DGWClient]_LogError(228)=>Failed to resolve using system DNS resolver, getaddrinfo(): No address associated with hostname
03-21 15:01:49.319 15708 15828 E msys    : E[N mns:DGWClient]_OnDiskCacheGetData(632)=>Start post callback cache refresh DNS resolution
03-21 15:01:49.324 15708 15828 E msys    : E[N mns:DGWClient]_LogError(228)=>Failed to resolve using system DNS resolver, getaddrinfo(): No address associated with hostname
03-21 15:01:49.324 15708 15828 E msys    : E[N mns:DGWClient]_OnDiskCacheGetData(632)=>Start post callback cache refresh DNS resolution
03-21 15:01:49.325 15708 15828 E msys    : E[N mns:DGWClient]_LogError(228)=>Failed to resolve using system DNS resolver, getaddrinfo(): No address associated with hostname
03-21 15:01:49.436 31370 31386 E BluetoothConnectionManager: Bluetooth is not enabled
03-21 15:01:49.436 31370 31386 E BluetoothMeshService: Failed to start Bluetooth services
03-21 15:01:49.626 15708 15828 E msys    : E[N mns:DGWClient]_OnDiskCacheGetData(632)=>Start post callback cache refresh DNS resolution
03-21 15:01:49.631 15708 15828 E msys    : E[N mns:DGWClient]_OnDiskCacheGetData(632)=>Start post callback cache refresh DNS resolution
03-21 15:01:49.632 15708 15828 E msys    : E[N mns:DGWClient]_LogError(228)=>Failed to resolve using system DNS resolver, getaddrinfo(): No address associated with hostname
03-21 15:01:49.633 15708 15828 E msys    : E[N mns:DGWClient]_LogError(228)=>Failed to resolve using system DNS resolver, getaddrinfo(): No address associated with hostname
03-21 15:01:49.701 15708 15828 E msys    : E[N mns:DGWClient]_OnDiskCacheGetData(632)=>Start post callback cache refresh DNS resolution
03-21 15:01:49.706 15708 15828 E msys    : E[N mns:DGWClient]_LogError(228)=>Failed to resolve using system DNS resolver, getaddrinfo(): No address associated with hostname
03-21 15:01:49.706 15708 15828 E msys    : E[N mns:DGWClient]_OnDiskCacheGetData(632)=>Start post callback cache refresh DNS resolution
03-21 15:01:49.708 15708 15828 E msys    : E[N mns:DGWClient]_LogError(228)=>Failed to resolve using system DNS resolver, getaddrinfo(): No address associated with hostname
03-21 15:01:50.094 15708 15828 E msys    : E[N mns:DGWClient]_OnDiskCacheGetData(632)=>Start post callback cache refresh DNS resolution
03-21 15:01:50.099 15708 15828 E msys    : E[N mns:DGWClient]_OnDiskCacheGetData(632)=>Start post callback cache refresh DNS resolution
03-21 15:01:50.100 15708 15828 E msys    : E[N mns:DGWClient]_LogError(228)=>Failed to resolve using system DNS resolver, getaddrinfo(): No address associated with hostname
03-21 15:01:50.100 15708 15828 E msys    : E[N mns:DGWClient]_LogError(228)=>Failed to resolve using system DNS resolver, getaddrinfo(): No address associated with hostname
03-21 15:01:50.857 15708 15828 E msys    : E[N mns:DGWClient]_OnDiskCacheGetData(632)=>Start post callback cache refresh DNS resolution
03-21 15:01:50.861 15708 15828 E msys    : E[N mns:DGWClient]_LogError(228)=>Failed to resolve using system DNS resolver, getaddrinfo(): No address associated with hostname
03-21 15:01:50.861 15708 15828 E msys    : E[N mns:DGWClient]_OnDiskCacheGetData(632)=>Start post callback cache refresh DNS resolution
03-21 15:01:50.863 15708 15828 E msys    : E[N mns:DGWClient]_LogError(228)=>Failed to resolve using system DNS resolver, getaddrinfo(): No address associated with hostname
03-21 15:01:51.003 15708 15828 E msys    : E[N mns:DGWClient]_OnDiskCacheGetData(632)=>Start post callback cache refresh DNS resolution
03-21 15:01:51.008 15708 15828 E msys    : E[N mns:DGWClient]_OnDiskCacheGetData(632)=>Start post callback cache refresh DNS resolution
03-21 15:01:51.009 15708 15828 E msys    : E[N mns:DGWClient]_LogError(228)=>Failed to resolve using system DNS resolver, getaddrinfo(): No address associated with hostname
03-21 15:01:51.009 15708 15828 E msys    : E[N mns:DGWClient]_LogError(228)=>Failed to resolve using system DNS resolver, getaddrinfo(): No address associated with hostname
03-21 15:01:51.428 15708 15828 E msys    : E[N mns:DGWClient]_OnDiskCacheGetData(632)=>Start post callback cache refresh DNS resolution
03-21 15:01:53.576  2862  2907 E perf_hint: createSessionUsingConfig: PerformanceHint cannot create session. PowerHintSessions are not supported!
03-21 15:01:53.593 12851 17787 E DMABUFHEAPS: No ion heap of name ion_system_heap exists
03-21 15:01:53.593 12851 17787 E DMABUFHEAPS: No ion heap of name ion_system_heap exists
03-21 15:01:53.622 12851 12851 E ndroid.settings: Invalid resource ID 0x00000000.
03-21 15:01:53.622 12851 12851 E ndroid.settings: Invalid resource ID 0x00000000.
03-21 15:01:53.623 12851 12851 E ndroid.settings: Invalid resource ID 0x00000000.
03-21 15:01:53.661 12851 17842 E perf_hint: createSessionUsingConfig: PerformanceHint cannot create session. PowerHintSessions are not supported!
03-21 15:01:54.440 31370 31386 E BluetoothConnectionManager: Bluetooth is not enabled
03-21 15:01:54.440 31370 31386 E BluetoothMeshService: Failed to start Bluetooth services
03-21 15:01:56.964  2993  2993 E PagedView: validateNewPage: failed to find a page > mMinScrollX
03-21 15:01:56.964  2993  2993 E PagedView: validateNewPage: failed to find a page > mMinScrollX
03-21 15:01:59.443 31370 31386 E BluetoothConnectionManager: Bluetooth is not enabled
03-21 15:01:59.443 31370 31386 E BluetoothMeshService: Failed to start Bluetooth services
03-21 15:01:59.518  2862  2906 E perf_hint: createSessionUsingConfig: PerformanceHint cannot create session. PowerHintSessions are not supported!
03-21 15:01:59.556  2205  8316 E UserRestrictionsUtils: Unknown restriction queried by uid 1000 (com.android.location.fused et al): null
03-21 15:01:59.557  2205  8314 E UserRestrictionsUtils: Unknown restriction queried by uid 1000 (com.android.location.fused et al): null
03-21 15:01:59.626 12851 17842 E perf_hint: createSessionUsingConfig: PerformanceHint cannot create session. PowerHintSessions are not supported!
03-21 15:02:02.626 12851 12851 E ndroid.settings: Invalid resource ID 0x00000000.
03-21 15:02:02.626 12851 12851 E ndroid.settings: Invalid resource ID 0x00000000.
03-21 15:02:02.627 12851 12851 E ndroid.settings: Invalid resource ID 0x00000000.
03-21 15:02:02.748 12851 17843 E perf_hint: createSessionUsingConfig: PerformanceHint cannot create session. PowerHintSessions are not supported!
03-21 15:02:02.803 18560 18571 E ashmem  : Pinning is deprecated since Android Q. Please use trim or other methods.
03-21 15:02:02.910  3498 18585 E PermissionsUtils: Permission error: Location settings is not enabled on this device. [CONTEXT service_id=336 ]
03-21 15:02:02.911 18560 18571 E rules.WifiPresence: setWifiFences failed
03-21 15:02:02.911 18560 18571 E rules.WifiPresence: dds: 8: 
03-21 15:02:02.911 18560 18571 E rules.WifiPresence: 	at dcc.a(PG:15)
03-21 15:02:02.911 18560 18571 E rules.WifiPresence: 	at dcc.g(PG:11)
03-21 15:02:02.911 18560 18571 E rules.WifiPresence: 	at dmv.a(PG:7)
03-21 15:02:02.911 18560 18571 E rules.WifiPresence: 	at dfp.dispatchTransaction(PG:15)
03-21 15:02:02.911 18560 18571 E rules.WifiPresence: 	at cqn.onTransact(PG:13)
03-21 15:02:02.911 18560 18571 E rules.WifiPresence: 	at android.os.Binder.execTransactInternal(Binder.java:1426)
03-21 15:02:02.911 18560 18571 E rules.WifiPresence: 	at android.os.Binder.execTransact(Binder.java:1365)
03-21 15:02:04.448 31370 31386 E BluetoothConnectionManager: Bluetooth is not enabled
03-21 15:02:04.448 31370 31386 E BluetoothMeshService: Failed to start Bluetooth services
03-21 15:02:05.017 12851 12851 E ndroid.settings: Invalid resource ID 0x00000000.
03-21 15:02:05.018 12851 12851 E ndroid.settings: Invalid resource ID 0x00000000.
03-21 15:02:05.018 12851 12851 E ndroid.settings: Invalid resource ID 0x00000000.
03-21 15:02:05.047  2205  3276 E UserRestrictionsUtils: Unknown restriction queried by uid 1000 (com.android.location.fused et al): null
03-21 15:02:05.047  2205  3276 E UserRestrictionsUtils: Unknown restriction queried by uid 1000 (com.android.location.fused et al): null
03-21 15:02:05.048  2205  3276 E UserRestrictionsUtils: Unknown restriction queried by uid 1000 (com.android.location.fused et al): null
03-21 15:02:05.049  2205  3276 E UserRestrictionsUtils: Unknown restriction queried by uid 1000 (com.android.location.fused et al): null
03-21 15:02:05.049  2205  3276 E UserRestrictionsUtils: Unknown restriction queried by uid 1000 (com.android.location.fused et al): null
03-21 15:02:05.050  2205  3276 E UserRestrictionsUtils: Unknown restriction queried by uid 1000 (com.android.location.fused et al): null
03-21 15:02:05.052  2205  3276 E UserRestrictionsUtils: Unknown restriction queried by uid 1000 (com.android.location.fused et al): null
03-21 15:02:05.065 12851 12851 E ADBRootService: Unable to acquire ADBRootService
03-21 15:02:05.066 12851 12851 E ADBRootService: Unable to acquire ADBRootService
03-21 15:02:05.091 12851 12851 E ADBRootService: Unable to acquire ADBRootService
03-21 15:02:05.106 12851 12851 E BtExtCodecCtr: isHDAudioEnabled: Unable to get codec status. BluetoothA2dp is null.
03-21 15:02:05.120 12851 12851 E ADBRootService: Unable to acquire ADBRootService
03-21 15:02:05.133 12851 17843 E perf_hint: createSessionUsingConfig: PerformanceHint cannot create session. PowerHintSessions are not supported!
03-21 15:02:08.262 12851 17842 E perf_hint: createSessionUsingConfig: PerformanceHint cannot create session. PowerHintSessions are not supported!
03-21 15:02:08.994 12111 15707 E MtpServer: request read returned -1, errno: 5
03-21 15:02:09.455 31370 31386 E BluetoothConnectionManager: Bluetooth is not enabled
03-21 15:02:09.455 31370 31386 E BluetoothMeshService: Failed to start Bluetooth services
03-21 15:02:09.563 12111 18597 E MtpServer: request read returned -1, errno: 19
03-21 15:02:10.497  2862  2906 E perf_hint: createSessionUsingConfig: PerformanceHint cannot create session. PowerHintSessions are not supported!
03-21 15:02:14.459 31370 31386 E BluetoothConnectionManager: Bluetooth is not enabled
03-21 15:02:14.459 31370 31386 E BluetoothMeshService: Failed to start Bluetooth services
03-21 15:02:16.472 12851 12851 E BtExtCodecCtr: isHDAudioEnabled: Unable to get codec status. BluetoothA2dp is null.
03-21 15:02:16.476 12851 12851 E ADBRootService: Unable to acquire ADBRootService
03-21 15:02:19.465 31370 31386 E BluetoothConnectionManager: Bluetooth is not enabled
03-21 15:02:19.465 31370 31386 E BluetoothMeshService: Failed to start Bluetooth services
03-21 15:02:24.470 31370 31386 E BluetoothConnectionManager: Bluetooth is not enabled
03-21 15:02:24.470 31370 31386 E BluetoothMeshService: Failed to start Bluetooth services
03-21 15:02:29.477 31370 31386 E BluetoothConnectionManager: Bluetooth is not enabled
03-21 15:02:29.477 31370 31386 E BluetoothMeshService: Failed to start Bluetooth services
03-21 15:02:34.482 31370 31386 E BluetoothConnectionManager: Bluetooth is not enabled
03-21 15:02:34.482 31370 31386 E BluetoothMeshService: Failed to start Bluetooth services
03-21 15:02:39.487 31370 31414 E BluetoothConnectionManager: Bluetooth is not enabled
03-21 15:02:39.487 31370 31414 E BluetoothMeshService: Failed to start Bluetooth services
03-21 15:02:44.494 31370 31414 E BluetoothConnectionManager: Bluetooth is not enabled
03-21 15:02:44.494 31370 31414 E BluetoothMeshService: Failed to start Bluetooth services
03-21 15:02:47.749 31370 18615 E NostrRelayManager: Γ¥î WebSocket failure for wss://relay.primal.net: Connect timed out
03-21 15:02:47.749 31370 18616 E NostrRelayManager: Γ¥î WebSocket failure for wss://relay.damus.io: Connect timed out
03-21 15:02:49.502 31370 31414 E BluetoothConnectionManager: Bluetooth is not enabled
03-21 15:02:49.502 31370 31414 E BluetoothMeshService: Failed to start Bluetooth services
03-21 15:02:54.508 31370 31414 E BluetoothConnectionManager: Bluetooth is not enabled
03-21 15:02:54.509 31370 31414 E BluetoothMeshService: Failed to start Bluetooth services
03-21 15:02:59.516 31370 31414 E BluetoothConnectionManager: Bluetooth is not enabled
03-21 15:02:59.516 31370 31414 E BluetoothMeshService: Failed to start Bluetooth services
03-21 15:03:04.522 31370 31414 E BluetoothConnectionManager: Bluetooth is not enabled
03-21 15:03:04.522 31370 31414 E BluetoothMeshService: Failed to start Bluetooth services
03-21 15:03:09.527 31370 31414 E BluetoothConnectionManager: Bluetooth is not enabled
03-21 15:03:09.527 31370 31414 E BluetoothMeshService: Failed to start Bluetooth services
03-21 15:03:14.533 31370 31414 E BluetoothConnectionManager: Bluetooth is not enabled
03-21 15:03:14.533 31370 31414 E BluetoothMeshService: Failed to start Bluetooth services
03-21 15:03:18.424  1191  1191 E libpixelpowerstats: Failed to getEnergyData
03-21 15:03:19.541 31370 31414 E BluetoothConnectionManager: Bluetooth is not enabled
03-21 15:03:19.541 31370 31414 E BluetoothMeshService: Failed to start Bluetooth services
