03-21 12:31:37.136  8662  8662 F DEBUG   :       #05 pc 00000000000155ec  /apex/com.android.art/lib64/libbase.so (android::base::SetAborter(std::__1::function<void (char const*)>&&)::$_0::__invoke(char const*)+76) (BuildId: 32e67ed7eda99a5d57e1ba73e3645f82)
03-21 12:31:37.136  8662  8662 F DEBUG   :       #06 pc 0000000000014b1c  /apex/com.android.art/lib64/libbase.so (android::base::LogMessage::~LogMessage()+540) (BuildId: 32e67ed7eda99a5d57e1ba73e3645f82)
03-21 12:31:37.136  8662  8662 F DEBUG   :       #07 pc 0000000000808154  /apex/com.android.art/lib64/libart.so (art::JNI<false>::FatalError(_JNIEnv*, char const*)+164) (BuildId: fd5a2c5f8b358b60f86c75be198d4bb7)
03-21 12:31:37.136  8662  8662 F DEBUG   :       #08 pc 0000000000018868  /data/app/~~14d5CRvFXbJ2pynpFjt6wQ==/com.zhiliaoapp.musically-sTsIm_2ynyatCSImGO1iPw==/lib/arm64/libwcdb.so (BuildId: b8c480625dee2545b669063c7143497166f24348)
--------- beginning of system
03-21 12:36:11.315  2205  2713 E TransitionChain: Can't collect into a chain with no transition
03-21 12:43:08.084  2205  2231 E AppOps  : attributionTag  not declared in manifest of com.google.android.youtube
03-21 12:43:08.084  2205  2231 E AppOps  : attributionTag  not declared in manifest of com.google.android.youtube
03-21 12:43:52.306  2205  8311 E AppOps  : Bad call made by uid 1000. Package "com.google.android.apps.photos" does not belong to uid 1000.
03-21 12:43:52.443  2205  8311 E AppOps  : Bad call made by uid 1000. Package "com.google.android.googlequicksearchbox" does not belong to uid 1000.
03-21 12:43:52.460  2205  3107 E AppOps  : Bad call made by uid 1000. Package "com.google.android.googlequicksearchbox" does not belong to uid 1000.
03-21 12:43:52.618 10211 10211 E AndroidRuntime: FATAL EXCEPTION: main
03-21 12:43:52.618 10211 10211 E AndroidRuntime: Process: com.instagram.android:sandboxed_process0:com.facebook.browser.helium.content.SandboxedProcessService0:0, PID: 10211
03-21 12:43:52.618 10211 10211 E AndroidRuntime: java.lang.RuntimeException: Unable to bind to service com.facebook.browser.helium.content.SandboxedProcessService0@f790ca with Intent { xflg=0x4 cmp=com.instagram.android/com.facebook.browser.helium.content.SandboxedProcessService0 (has extras) }: java.lang.RuntimeException: java.lang.ClassNotFoundException: Didn't find class "org.chromium.content_public.app.ChildProcessServiceFactory" on path: DexPathList[[],nativeLibraryDirectories=[/data/app/~~uYOQH_k1fBqi2muMEsBmjg==/com.instagram.android-2yev6Xgutm99G4SoD9uZ5A==/lib/arm64, /system/lib64, /system_ext/lib64]]
03-21 12:43:52.618 10211 10211 E AndroidRuntime: 	at android.app.ActivityThread.handleBindService(ActivityThread.java:5334)
03-21 12:43:52.618 10211 10211 E AndroidRuntime: 	at android.app.ActivityThread.-$$Nest$mhandleBindService(Unknown Source:0)
03-21 12:43:52.618 10211 10211 E AndroidRuntime: 	at android.app.ActivityThread$H.handleMessage(ActivityThread.java:2642)
03-21 12:43:52.618 10211 10211 E AndroidRuntime: 	at android.os.Handler.dispatchMessage(Handler.java:110)
03-21 12:43:52.618 10211 10211 E AndroidRuntime: 	at android.os.Looper.loopOnce(Looper.java:248)
03-21 12:43:52.618 10211 10211 E AndroidRuntime: 	at android.os.Looper.loop(Looper.java:338)
03-21 12:43:52.618 10211 10211 E AndroidRuntime: 	at android.app.ActivityThread.main(ActivityThread.java:9075)
03-21 12:43:52.618 10211 10211 E AndroidRuntime: 	at java.lang.reflect.Method.invoke(Native Method)
03-21 12:43:52.618 10211 10211 E AndroidRuntime: 	at com.android.internal.os.RuntimeInit$MethodAndArgsCaller.run(RuntimeInit.java:596)
03-21 12:43:52.618 10211 10211 E AndroidRuntime: 	at com.android.internal.os.ChildZygoteInit.runZygoteServer(ChildZygoteInit.java:136)
03-21 12:43:52.618 10211 10211 E AndroidRuntime: 	at com.android.internal.os.AppZygoteInit.main(AppZygoteInit.java:119)
03-21 12:43:52.618 10211 10211 E AndroidRuntime: 	at java.lang.reflect.Method.invoke(Native Method)
03-21 12:43:52.618 10211 10211 E AndroidRuntime: 	at com.android.internal.os.RuntimeInit$MethodAndArgsCaller.run(RuntimeInit.java:596)
03-21 12:43:52.618 10211 10211 E AndroidRuntime: 	at com.android.internal.os.ZygoteInit.main(ZygoteInit.java:932)
03-21 12:43:52.618 10211 10211 E AndroidRuntime: Caused by: java.lang.RuntimeException: java.lang.ClassNotFoundException: Didn't find class "org.chromium.content_public.app.ChildProcessServiceFactory" on path: DexPathList[[],nativeLibraryDirectories=[/data/app/~~uYOQH_k1fBqi2muMEsBmjg==/com.instagram.android-2yev6Xgutm99G4SoD9uZ5A==/lib/arm64, /system/lib64, /system_ext/lib64]]
03-21 12:43:52.618 10211 10211 E AndroidRuntime: 	at com.facebook.browser.helium.content.SandboxedProcessService.onBind(:220)
03-21 12:43:52.618 10211 10211 E AndroidRuntime: 	at android.app.ActivityThread.handleBindService(ActivityThread.java:5319)
03-21 12:43:52.618 10211 10211 E AndroidRuntime: 	... 13 more
03-21 12:43:52.618 10211 10211 E AndroidRuntime: Caused by: java.lang.ClassNotFoundException: Didn't find class "org.chromium.content_public.app.ChildProcessServiceFactory" on path: DexPathList[[],nativeLibraryDirectories=[/data/app/~~uYOQH_k1fBqi2muMEsBmjg==/com.instagram.android-2yev6Xgutm99G4SoD9uZ5A==/lib/arm64, /system/lib64, /system_ext/lib64]]
03-21 12:43:52.618 10211 10211 E AndroidRuntime: 	at dalvik.system.BaseDexClassLoader.findClass(BaseDexClassLoader.java:259)
03-21 12:43:52.618 10211 10211 E AndroidRuntime: 	at java.lang.ClassLoader.loadClass(ClassLoader.java:637)
03-21 12:43:52.618 10211 10211 E AndroidRuntime: 	at java.lang.ClassLoader.loadClass(ClassLoader.java:573)
03-21 12:43:52.618 10211 10211 E AndroidRuntime: 	at com.facebook.browser.helium.content.SandboxedProcessService.onBind(:127)
03-21 12:43:52.618 10211 10211 E AndroidRuntime: 	... 14 more
03-21 12:43:52.618 10211 10211 E AndroidRuntime: 	Suppressed: java.io.IOException: Failed to open dex files from memory: Failure to verify dex file '/data/user/0/com.instagram.android/Anonymous-DexFile@3913814296.jar': Bad checksum (4b7006a5, expected e9481118)
03-21 12:43:52.618 10211 10211 E AndroidRuntime: 		at dalvik.system.DexFile.openInMemoryDexFilesNative(Native Method)
03-21 12:43:52.618 10211 10211 E AndroidRuntime: 		at dalvik.system.DexFile.openInMemoryDexFiles(DexFile.java:428)
03-21 12:43:52.618 10211 10211 E AndroidRuntime: 		at dalvik.system.DexFile.<init>(DexFile.java:136)
03-21 12:43:52.618 10211 10211 E AndroidRuntime: 		at dalvik.system.DexPathList.initByteBufferDexPath(DexPathList.java:264)
03-21 12:43:52.618 10211 10211 E AndroidRuntime: 		at dalvik.system.BaseDexClassLoader.<init>(BaseDexClassLoader.java:226)
03-21 12:43:52.618 10211 10211 E AndroidRuntime: 		at dalvik.system.InMemoryDexClassLoader.<init>(InMemoryDexClassLoader.java:40)
03-21 12:43:52.618 10211 10211 E AndroidRuntime: 		at com.facebook.browser.helium.content.SandboxedProcessService.onBind(:111)
03-21 12:43:52.618 10211 10211 E AndroidRuntime: 		... 14 more
03-21 12:43:53.531  2205  2231 E BiometricScheduler: Current operation is null,no need to start watchdog
03-21 12:43:54.752  2205  8308 E TransitionChain: Can't collect into a chain with no transition
03-21 12:47:24.398  1198  1198 E android.hardware.wifi-service: Failed to open directory: Permission denied
03-21 12:47:24.398  1198  1198 E android.hardware.wifi-service: Error occurred while deleting old tombstone files
03-21 12:47:24.398  1198  1198 E android.hardware.wifi-service: Error writing files to flash
03-21 13:20:02.243   826   843 E keystore2: system/security/keystore2/src/error.rs:183 - system/security/keystore2/src/security_level.rs:328
03-21 13:20:02.243   826   843 E keystore2: 
03-21 13:20:02.243   826   843 E keystore2: Caused by:
03-21 13:20:02.243   826   843 E keystore2:     0: system/security/keystore2/src/enforcements.rs:599: matching auth token (challenge=0, userId=-8727392348119062798, authId=0, authType=0x1, timestamp=80271458ms) rcved=BootTime(80267688) for sids [-8727392348119062798] type Some(3) is expired (2169s old > timeout=10s)
03-21 13:20:02.243   826   843 E keystore2:     1: Error::Km(r#KEY_USER_NOT_AUTHENTICATED)
03-21 13:20:16.948   826   843 E keystore2: system/security/keystore2/src/error.rs:183 - system/security/keystore2/src/security_level.rs:328
03-21 13:20:16.948   826   843 E keystore2: 
03-21 13:20:16.948   826   843 E keystore2: Caused by:
03-21 13:20:16.948   826   843 E keystore2:     0: system/security/keystore2/src/enforcements.rs:599: matching auth token (challenge=0, userId=-8727392348119062798, authId=0, authType=0x1, timestamp=80271458ms) rcved=BootTime(80267688) for sids [-8727392348119062798] type Some(3) is expired (2184s old > timeout=10s)
03-21 13:20:16.948   826   843 E keystore2:     1: Error::Km(r#KEY_USER_NOT_AUTHENTICATED)
03-21 13:21:13.752   826   843 E keystore2: system/security/keystore2/src/error.rs:183 - system/security/keystore2/src/security_level.rs:328
03-21 13:21:13.752   826   843 E keystore2: 
03-21 13:21:13.752   826   843 E keystore2: Caused by:
03-21 13:21:13.752   826   843 E keystore2:     0: system/security/keystore2/src/enforcements.rs:599: matching auth token (challenge=0, userId=-8727392348119062798, authId=0, authType=0x1, timestamp=80271458ms) rcved=BootTime(80267688) for sids [-8727392348119062798] type Some(3) is expired (2240s old > timeout=10s)
03-21 13:21:13.752   826   843 E keystore2:     1: Error::Km(r#KEY_USER_NOT_AUTHENTICATED)
03-21 13:21:33.709   826   843 E keystore2: system/security/keystore2/src/error.rs:183 - system/security/keystore2/src/security_level.rs:328
03-21 13:21:33.709   826   843 E keystore2: 
03-21 13:21:33.709   826   843 E keystore2: Caused by:
03-21 13:21:33.709   826   843 E keystore2:     0: system/security/keystore2/src/enforcements.rs:599: matching auth token (challenge=0, userId=-8727392348119062798, authId=0, authType=0x1, timestamp=80271458ms) rcved=BootTime(80267688) for sids [-8727392348119062798] type Some(3) is expired (2260s old > timeout=10s)
03-21 13:21:33.709   826   843 E keystore2:     1: Error::Km(r#KEY_USER_NOT_AUTHENTICATED)
03-21 13:21:39.777   826   843 E keystore2: system/security/keystore2/src/error.rs:183 - system/security/keystore2/src/security_level.rs:328
03-21 13:21:39.777   826   843 E keystore2: 
03-21 13:21:39.777   826   843 E keystore2: Caused by:
03-21 13:21:39.777   826   843 E keystore2:     0: system/security/keystore2/src/enforcements.rs:599: matching auth token (challenge=0, userId=-8727392348119062798, authId=0, authType=0x1, timestamp=80271458ms) rcved=BootTime(80267688) for sids [-8727392348119062798] type Some(3) is expired (2266s old > timeout=10s)
03-21 13:21:39.777   826   843 E keystore2:     1: Error::Km(r#KEY_USER_NOT_AUTHENTICATED)
03-21 13:23:04.790   826   843 E keystore2: system/security/keystore2/src/error.rs:183 - system/security/keystore2/src/security_level.rs:328
03-21 13:23:04.790   826   843 E keystore2: 
03-21 13:23:04.790   826   843 E keystore2: Caused by:
03-21 13:23:04.790   826   843 E keystore2:     0: system/security/keystore2/src/enforcements.rs:599: matching auth token (challenge=0, userId=-8727392348119062798, authId=0, authType=0x1, timestamp=80271458ms) rcved=BootTime(80267688) for sids [-8727392348119062798] type Some(3) is expired (2351s old > timeout=10s)
03-21 13:23:04.790   826   843 E keystore2:     1: Error::Km(r#KEY_USER_NOT_AUTHENTICATED)
03-21 13:23:24.745   826   843 E keystore2: system/security/keystore2/src/error.rs:183 - system/security/keystore2/src/security_level.rs:328
03-21 13:23:24.745   826   843 E keystore2: 
03-21 13:23:24.745   826   843 E keystore2: Caused by:
03-21 13:23:24.745   826   843 E keystore2:     0: system/security/keystore2/src/enforcements.rs:599: matching auth token (challenge=0, userId=-8727392348119062798, authId=0, authType=0x1, timestamp=80271458ms) rcved=BootTime(80267688) for sids [-8727392348119062798] type Some(3) is expired (2371s old > timeout=10s)
03-21 13:23:24.745   826   843 E keystore2:     1: Error::Km(r#KEY_USER_NOT_AUTHENTICATED)
03-21 13:54:58.138  2205  2704 E ActivityManager: Unable to parse binderfs stats
03-21 13:54:58.171  2205  4201 E AppOps  : Bad call made by uid 1000. Package "com.google.android.googlequicksearchbox" does not belong to uid 1000.
03-21 13:55:00.604  2205  3277 E BiometricScheduler: Current operation is null,no need to start watchdog
03-21 13:55:08.891  2205  2704 E ActivityManager: Unable to parse binderfs stats
03-21 13:55:32.165 12292 12292 E AndroidRuntime: FATAL EXCEPTION: main
03-21 13:55:32.165 12292 12292 E AndroidRuntime: Process: com.gorakhscanner.app, PID: 12292
03-21 13:55:32.165 12292 12292 E AndroidRuntime: android.os.FileUriExposedException: file:///data/user/0/com.gorakhscanner.app/cache/mlkit_docscan_ui_client/84562129579479.pdf exposed beyond app through ClipData.Item.getUri()
03-21 13:55:32.165 12292 12292 E AndroidRuntime: 	at android.os.StrictMode.onFileUriExposed(StrictMode.java:2335)
03-21 13:55:32.165 12292 12292 E AndroidRuntime: 	at android.net.Uri.checkFileUriExposed(Uri.java:2402)
03-21 13:55:32.165 12292 12292 E AndroidRuntime: 	at android.content.ClipData.prepareToLeaveProcess(ClipData.java:1193)
03-21 13:55:32.165 12292 12292 E AndroidRuntime: 	at android.content.Intent.prepareToLeaveProcess(Intent.java:13045)
03-21 13:55:32.165 12292 12292 E AndroidRuntime: 	at android.content.Intent.prepareToLeaveProcess(Intent.java:13054)
03-21 13:55:32.165 12292 12292 E AndroidRuntime: 	at android.content.Intent.prepareToLeaveProcess(Intent.java:13032)
03-21 13:55:32.165 12292 12292 E AndroidRuntime: 	at android.content.Intent.prepareToLeaveProcess(Intent.java:13022)
03-21 13:55:32.165 12292 12292 E AndroidRuntime: 	at android.app.Instrumentation.execStartActivity(Instrumentation.java:2001)
03-21 13:55:32.165 12292 12292 E AndroidRuntime: 	at android.app.Activity.startActivityForResult(Activity.java:5997)
03-21 13:55:32.165 12292 12292 E AndroidRuntime: 	at androidx.activity.ComponentActivity.startActivityForResult(ComponentActivity.java:780)
03-21 13:55:32.165 12292 12292 E AndroidRuntime: 	at android.app.Activity.startActivityForResult(Activity.java:5954)
03-21 13:55:32.165 12292 12292 E AndroidRuntime: 	at androidx.activity.ComponentActivity.startActivityForResult(ComponentActivity.java:761)
03-21 13:55:32.165 12292 12292 E AndroidRuntime: 	at android.app.Activity.startActivity(Activity.java:6457)
03-21 13:55:32.165 12292 12292 E AndroidRuntime: 	at android.app.Activity.startActivity(Activity.java:6424)
03-21 13:55:32.165 12292 12292 E AndroidRuntime: 	at com.gorakhscanner.app.MainActivity.onCreate$lambda$9(MainActivity.kt:90)
03-21 13:55:32.165 12292 12292 E AndroidRuntime: 	at com.gorakhscanner.app.MainActivity.$r8$lambda$decAkrwyjzbvEsMhP6BWVqU2MkM(Unknown Source:0)
03-21 13:55:32.165 12292 12292 E AndroidRuntime: 	at com.gorakhscanner.app.MainActivity$$ExternalSyntheticLambda3.onClick(Unknown Source:2)
03-21 13:55:32.165 12292 12292 E AndroidRuntime: 	at android.view.View.performClick(View.java:8083)
03-21 13:55:32.165 12292 12292 E AndroidRuntime: 	at com.google.android.material.button.MaterialButton.performClick(MaterialButton.java:1218)
03-21 13:55:32.165 12292 12292 E AndroidRuntime: 	at android.view.View.performClickInternal(View.java:8060)
03-21 13:55:32.165 12292 12292 E AndroidRuntime: 	at android.view.View.-$$Nest$mperformClickInternal(Unknown Source:0)
03-21 13:55:32.165 12292 12292 E AndroidRuntime: 	at android.view.View$PerformClick.run(View.java:31549)
03-21 13:55:32.165 12292 12292 E AndroidRuntime: 	at android.os.Handler.handleCallback(Handler.java:995)
03-21 13:55:32.165 12292 12292 E AndroidRuntime: 	at android.os.Handler.dispatchMessage(Handler.java:103)
03-21 13:55:32.165 12292 12292 E AndroidRuntime: 	at android.os.Looper.loopOnce(Looper.java:248)
03-21 13:55:32.165 12292 12292 E AndroidRuntime: 	at android.os.Looper.loop(Looper.java:338)
03-21 13:55:32.165 12292 12292 E AndroidRuntime: 	at android.app.ActivityThread.main(ActivityThread.java:9075)
03-21 13:55:32.165 12292 12292 E AndroidRuntime: 	at java.lang.reflect.Method.invoke(Native Method)
03-21 13:55:32.165 12292 12292 E AndroidRuntime: 	at com.android.internal.os.RuntimeInit$MethodAndArgsCaller.run(RuntimeInit.java:596)
03-21 13:55:32.165 12292 12292 E AndroidRuntime: 	at com.android.internal.os.ZygoteInit.main(ZygoteInit.java:932)
03-21 13:55:32.723  2205  2704 E ActivityManager: Unable to parse binderfs stats
03-21 14:55:34.213  2205 12791 E ZramWriteback: Failed to write to /sys/block/zram0/writeback
03-21 14:55:34.213  2205 12791 E ZramWriteback: Failed to write to /sys/block/zram0/idle
03-21 14:55:38.709  2205  8314 E AppOps  : Bad call made by uid 1000. Package "com.google.android.googlequicksearchbox" does not belong to uid 1000.
03-21 14:55:38.733  2205  8306 E AppOps  : Bad call made by uid 1000. Package "com.google.android.googlequicksearchbox" does not belong to uid 1000.
03-21 14:55:47.898  2205  3086 E BiometricScheduler: Current operation is null,no need to start watchdog
03-21 14:57:15.208  2205  8309 E AppOps  : attributionTag  not declared in manifest of com.zhiliaoapp.musically
03-21 14:57:15.209  2205  8309 E AppOps  : attributionTag  not declared in manifest of com.zhiliaoapp.musically
03-21 14:57:19.536  1103  1831 E FrameworkListener: read() failed (Connection reset by peer)
03-21 14:57:19.674  2205  3379 E AppOps  : attributionTag  not declared in manifest of com.zhiliaoapp.musically
03-21 14:57:19.675  2205  3379 E AppOps  : attributionTag  not declared in manifest of com.zhiliaoapp.musically
03-21 14:58:05.014  2205  5273 E ActivityTaskManager: Trying to pause when nothing is resumed
03-21 14:59:59.662  2205  2754 E AppOps  : attributionTag VCN not declared in manifest of android
03-21 14:59:59.662  2205  2754 E AppOps  : attributionTag VCN not declared in manifest of android
03-21 15:00:00.663  2205  4087 E AppOps  : attributionTag VCN not declared in manifest of android
03-21 15:00:02.706 16913 16941 E AndroidRuntime: FATAL EXCEPTION: mqt_native_modules
03-21 15:00:02.706 16913 16941 E AndroidRuntime: Process: com.airudra00.gorakhchat, PID: 16913
03-21 15:00:02.706 16913 16941 E AndroidRuntime: com.facebook.react.common.JavascriptException: ReferenceError: Property 'Buffer' doesn't exist, js engine: hermes, stack:
03-21 15:00:02.706 16913 16941 E AndroidRuntime: anonymous@1:698828
03-21 15:00:02.706 16913 16941 E AndroidRuntime: anonymous@1:698736
03-21 15:00:02.706 16913 16941 E AndroidRuntime: anonymous@1:698629
03-21 15:00:02.706 16913 16941 E AndroidRuntime: loadModuleImplementation@1:16948
03-21 15:00:02.706 16913 16941 E AndroidRuntime: guardedLoadModule@1:16478
03-21 15:00:02.706 16913 16941 E AndroidRuntime: metroRequire@1:16108
03-21 15:00:02.706 16913 16941 E AndroidRuntime: anonymous@1:668815
03-21 15:00:02.706 16913 16941 E AndroidRuntime: loadModuleImplementation@1:16948
03-21 15:00:02.706 16913 16941 E AndroidRuntime: guardedLoadModule@1:16478
03-21 15:00:02.706 16913 16941 E AndroidRuntime: metroRequire@1:16108
03-21 15:00:02.706 16913 16941 E AndroidRuntime: anonymous@1:665909
03-21 15:00:02.706 16913 16941 E AndroidRuntime: loadModuleImplementation@1:16948
03-21 15:00:02.706 16913 16941 E AndroidRuntime: guardedLoadModule@1:16478
03-21 15:00:02.706 16913 16941 E AndroidRuntime: metroRequire@1:16108
03-21 15:00:02.706 16913 16941 E AndroidRuntime: anonymous@1:23228
03-21 15:00:02.706 16913 16941 E AndroidRuntime: loadModuleImplementation@1:16948
03-21 15:00:02.706 16913 16941 E AndroidRuntime: guardedLoadModule@1:16435
03-21 15:00:02.706 16913 16941 E AndroidRuntime: metroRequire@1:16108
03-21 15:00:02.706 16913 16941 E AndroidRuntime: global@1:15636
03-21 15:00:02.706 16913 16941 E AndroidRuntime: 
03-21 15:00:02.706 16913 16941 E AndroidRuntime: 	at com.facebook.react.modules.core.ExceptionsManagerModule.reportException(ExceptionsManagerModule.java:65)
03-21 15:00:02.706 16913 16941 E AndroidRuntime: 	at java.lang.reflect.Method.invoke(Native Method)
03-21 15:00:02.706 16913 16941 E AndroidRuntime: 	at com.facebook.react.bridge.JavaMethodWrapper.invoke(JavaMethodWrapper.java:372)
03-21 15:00:02.706 16913 16941 E AndroidRuntime: 	at com.facebook.react.bridge.JavaModuleWrapper.invoke(JavaModuleWrapper.java:149)
03-21 15:00:02.706 16913 16941 E AndroidRuntime: 	at com.facebook.jni.NativeRunnable.run(Native Method)
03-21 15:00:02.706 16913 16941 E AndroidRuntime: 	at android.os.Handler.handleCallback(Handler.java:995)
03-21 15:00:02.706 16913 16941 E AndroidRuntime: 	at android.os.Handler.dispatchMessage(Handler.java:103)
03-21 15:00:02.706 16913 16941 E AndroidRuntime: 	at com.facebook.react.bridge.queue.MessageQueueThreadHandler.dispatchMessage(MessageQueueThreadHandler.java:29)
03-21 15:00:02.706 16913 16941 E AndroidRuntime: 	at android.os.Looper.loopOnce(Looper.java:248)
03-21 15:00:02.706 16913 16941 E AndroidRuntime: 	at android.os.Looper.loop(Looper.java:338)
03-21 15:00:02.706 16913 16941 E AndroidRuntime: 	at com.facebook.react.bridge.queue.MessageQueueThreadImpl$4.run(MessageQueueThreadImpl.java:234)
03-21 15:00:02.706 16913 16941 E AndroidRuntime: 	at java.lang.Thread.run(Thread.java:1119)
03-21 15:00:03.255  2205  2704 E ActivityManager: Unable to parse binderfs stats
03-21 15:00:04.991 16958 16986 E AndroidRuntime: FATAL EXCEPTION: mqt_native_modules
03-21 15:00:04.991 16958 16986 E AndroidRuntime: Process: com.airudra00.gorakhchat, PID: 16958
03-21 15:00:04.991 16958 16986 E AndroidRuntime: com.facebook.react.common.JavascriptException: ReferenceError: Property 'Buffer' doesn't exist, js engine: hermes, stack:
03-21 15:00:04.991 16958 16986 E AndroidRuntime: anonymous@1:698828
03-21 15:00:04.991 16958 16986 E AndroidRuntime: anonymous@1:698736
03-21 15:00:04.991 16958 16986 E AndroidRuntime: anonymous@1:698629
03-21 15:00:04.991 16958 16986 E AndroidRuntime: loadModuleImplementation@1:16948
03-21 15:00:04.991 16958 16986 E AndroidRuntime: guardedLoadModule@1:16478
03-21 15:00:04.991 16958 16986 E AndroidRuntime: metroRequire@1:16108
03-21 15:00:04.991 16958 16986 E AndroidRuntime: anonymous@1:668815
03-21 15:00:04.991 16958 16986 E AndroidRuntime: loadModuleImplementation@1:16948
03-21 15:00:04.991 16958 16986 E AndroidRuntime: guardedLoadModule@1:16478
03-21 15:00:04.991 16958 16986 E AndroidRuntime: metroRequire@1:16108
03-21 15:00:04.991 16958 16986 E AndroidRuntime: anonymous@1:665909
03-21 15:00:04.991 16958 16986 E AndroidRuntime: loadModuleImplementation@1:16948
03-21 15:00:04.991 16958 16986 E AndroidRuntime: guardedLoadModule@1:16478
03-21 15:00:04.991 16958 16986 E AndroidRuntime: metroRequire@1:16108
03-21 15:00:04.991 16958 16986 E AndroidRuntime: anonymous@1:23228
03-21 15:00:04.991 16958 16986 E AndroidRuntime: loadModuleImplementation@1:16948
03-21 15:00:04.991 16958 16986 E AndroidRuntime: guardedLoadModule@1:16435
03-21 15:00:04.991 16958 16986 E AndroidRuntime: metroRequire@1:16108
03-21 15:00:04.991 16958 16986 E AndroidRuntime: global@1:15636
03-21 15:00:04.991 16958 16986 E AndroidRuntime: 
03-21 15:00:04.991 16958 16986 E AndroidRuntime: 	at com.facebook.react.modules.core.ExceptionsManagerModule.reportException(ExceptionsManagerModule.java:65)
03-21 15:00:04.991 16958 16986 E AndroidRuntime: 	at java.lang.reflect.Method.invoke(Native Method)
03-21 15:00:04.991 16958 16986 E AndroidRuntime: 	at com.facebook.react.bridge.JavaMethodWrapper.invoke(JavaMethodWrapper.java:372)
03-21 15:00:04.991 16958 16986 E AndroidRuntime: 	at com.facebook.react.bridge.JavaModuleWrapper.invoke(JavaModuleWrapper.java:149)
03-21 15:00:04.991 16958 16986 E AndroidRuntime: 	at com.facebook.jni.NativeRunnable.run(Native Method)
03-21 15:00:04.991 16958 16986 E AndroidRuntime: 	at android.os.Handler.handleCallback(Handler.java:995)
03-21 15:00:04.991 16958 16986 E AndroidRuntime: 	at android.os.Handler.dispatchMessage(Handler.java:103)
03-21 15:00:04.991 16958 16986 E AndroidRuntime: 	at com.facebook.react.bridge.queue.MessageQueueThreadHandler.dispatchMessage(MessageQueueThreadHandler.java:29)
03-21 15:00:04.991 16958 16986 E AndroidRuntime: 	at android.os.Looper.loopOnce(Looper.java:248)
03-21 15:00:04.991 16958 16986 E AndroidRuntime: 	at android.os.Looper.loop(Looper.java:338)
03-21 15:00:04.991 16958 16986 E AndroidRuntime: 	at com.facebook.react.bridge.queue.MessageQueueThreadImpl$4.run(MessageQueueThreadImpl.java:234)
03-21 15:00:04.991 16958 16986 E AndroidRuntime: 	at java.lang.Thread.run(Thread.java:1119)
03-21 15:00:23.810  2205  4201 E TransitionChain: Can't collect into a chain with no transition
--------- beginning of main
03-21 15:00:23.857 17286 17298 E cutils-trace: Error opening trace file: No such file or directory (2)
03-21 15:00:23.860 17286 17298 E DMABUFHEAPS: No ion heap of name ion_system_heap exists
03-21 15:00:23.860 17286 17298 E DMABUFHEAPS: No ion heap of name ion_system_heap exists
03-21 15:00:23.861 17286 17286 E ashmem  : Pinning is deprecated since Android Q. Please use trim or other methods.
03-21 15:00:23.903 15708 15828 E msys    : E[N mns:DGWClient]_OnDiskCacheGetData(632)=>Start post callback cache refresh DNS resolution
03-21 15:00:23.909 15708 15828 E msys    : E[N mns:DGWClient]_OnDiskCacheGetData(632)=>Start post callback cache refresh DNS resolution
03-21 15:00:23.911 15708 15828 E msys    : E[N mns:DGWClient]_LogError(228)=>Failed to resolve using system DNS resolver, getaddrinfo(): No address associated with hostname
03-21 15:00:23.912 15708 15828 E msys    : E[N mns:DGWClient]_LogError(228)=>Failed to resolve using system DNS resolver, getaddrinfo(): No address associated with hostname
03-21 15:00:23.935 17286 17314 E perf_hint: createSessionUsingConfig: PerformanceHint cannot create session. PowerHintSessions are not supported!
03-21 15:00:24.009 17286 17316 E ReactNativeJS: ReferenceError: Property 'Buffer' doesn't exist, js engine: hermes
03-21 15:00:24.010 17286 17316 E ReactNativeJS: Invariant Violation: "main" has not been registered. This can happen if:
03-21 15:00:24.010 17286 17316 E ReactNativeJS: * Metro (the local dev server) is run from the wrong folder. Check if Metro is running, stop it and restart it in the current project.
03-21 15:00:24.010 17286 17316 E ReactNativeJS: * A module failed to load due to an error and `AppRegistry.registerComponent` wasn't called., js engine: hermes
03-21 15:00:24.013 17286 17317 E AndroidRuntime: FATAL EXCEPTION: mqt_native_modules
03-21 15:00:24.013 17286 17317 E AndroidRuntime: Process: com.airudra00.gorakhchat, PID: 17286
03-21 15:00:24.013 17286 17317 E AndroidRuntime: com.facebook.react.common.JavascriptException: ReferenceError: Property 'Buffer' doesn't exist, js engine: hermes, stack:
03-21 15:00:24.013 17286 17317 E AndroidRuntime: anonymous@1:698828
03-21 15:00:24.013 17286 17317 E AndroidRuntime: anonymous@1:698736
03-21 15:00:24.013 17286 17317 E AndroidRuntime: anonymous@1:698629
03-21 15:00:24.013 17286 17317 E AndroidRuntime: loadModuleImplementation@1:16948
03-21 15:00:24.013 17286 17317 E AndroidRuntime: guardedLoadModule@1:16478
03-21 15:00:24.013 17286 17317 E AndroidRuntime: metroRequire@1:16108
03-21 15:00:24.013 17286 17317 E AndroidRuntime: anonymous@1:668815
03-21 15:00:24.013 17286 17317 E AndroidRuntime: loadModuleImplementation@1:16948
03-21 15:00:24.013 17286 17317 E AndroidRuntime: guardedLoadModule@1:16478
03-21 15:00:24.013 17286 17317 E AndroidRuntime: metroRequire@1:16108
03-21 15:00:24.013 17286 17317 E AndroidRuntime: anonymous@1:665909
03-21 15:00:24.013 17286 17317 E AndroidRuntime: loadModuleImplementation@1:16948
03-21 15:00:24.013 17286 17317 E AndroidRuntime: guardedLoadModule@1:16478
03-21 15:00:24.013 17286 17317 E AndroidRuntime: metroRequire@1:16108
03-21 15:00:24.013 17286 17317 E AndroidRuntime: anonymous@1:23228
03-21 15:00:24.013 17286 17317 E AndroidRuntime: loadModuleImplementation@1:16948
03-21 15:00:24.013 17286 17317 E AndroidRuntime: guardedLoadModule@1:16435
03-21 15:00:24.013 17286 17317 E AndroidRuntime: metroRequire@1:16108
03-21 15:00:24.013 17286 17317 E AndroidRuntime: global@1:15636
03-21 15:00:24.013 17286 17317 E AndroidRuntime: 
03-21 15:00:24.013 17286 17317 E AndroidRuntime: 	at com.facebook.react.modules.core.ExceptionsManagerModule.reportException(ExceptionsManagerModule.java:65)
03-21 15:00:24.013 17286 17317 E AndroidRuntime: 	at java.lang.reflect.Method.invoke(Native Method)
03-21 15:00:24.013 17286 17317 E AndroidRuntime: 	at com.facebook.react.bridge.JavaMethodWrapper.invoke(JavaMethodWrapper.java:372)
03-21 15:00:24.013 17286 17317 E AndroidRuntime: 	at com.facebook.react.bridge.JavaModuleWrapper.invoke(JavaModuleWrapper.java:149)
03-21 15:00:24.013 17286 17317 E AndroidRuntime: 	at com.facebook.jni.NativeRunnable.run(Native Method)
03-21 15:00:24.013 17286 17317 E AndroidRuntime: 	at android.os.Handler.handleCallback(Handler.java:995)
03-21 15:00:24.013 17286 17317 E AndroidRuntime: 	at android.os.Handler.dispatchMessage(Handler.java:103)
03-21 15:00:24.013 17286 17317 E AndroidRuntime: 	at com.facebook.react.bridge.queue.MessageQueueThreadHandler.dispatchMessage(MessageQueueThreadHandler.java:29)
03-21 15:00:24.013 17286 17317 E AndroidRuntime: 	at android.os.Looper.loopOnce(Looper.java:248)
03-21 15:00:24.013 17286 17317 E AndroidRuntime: 	at android.os.Looper.loop(Looper.java:338)
03-21 15:00:24.013 17286 17317 E AndroidRuntime: 	at com.facebook.react.bridge.queue.MessageQueueThreadImpl$4.run(MessageQueueThreadImpl.java:234)
03-21 15:00:24.013 17286 17317 E AndroidRuntime: 	at java.lang.Thread.run(Thread.java:1119)
03-21 15:00:24.059  2205  2704 E ActivityManager: Unable to parse binderfs stats
03-21 15:00:24.061 15708 15828 E msys    : E[N mns:DGWClient]_OnDiskCacheGetData(632)=>Start post callback cache refresh DNS resolution
03-21 15:00:24.065 15708 15828 E msys    : E[N mns:DGWClient]_OnDiskCacheGetData(632)=>Start post callback cache refresh DNS resolution
03-21 15:00:24.069 15708 15828 E msys    : E[N mns:DGWClient]_LogError(228)=>Failed to resolve using system DNS resolver, getaddrinfo(): No address associated with hostname
03-21 15:00:24.069 15708 15828 E msys    : E[N mns:DGWClient]_LogError(228)=>Failed to resolve using system DNS resolver, getaddrinfo(): No address associated with hostname
03-21 15:00:24.270 15708 15828 E msys    : E[N mns:DGWClient]_OnDiskCacheGetData(632)=>Start post callback cache refresh DNS resolution
03-21 15:00:24.275 15708 15828 E msys    : E[N mns:DGWClient]_OnDiskCacheGetData(632)=>Start post callback cache refresh DNS resolution
03-21 15:00:24.278 15708 15828 E msys    : E[N mns:DGWClient]_LogError(228)=>Failed to resolve using system DNS resolver, getaddrinfo(): No address associated with hostname
03-21 15:00:24.278 15708 15828 E msys    : E[N mns:DGWClient]_LogError(228)=>Failed to resolve using system DNS resolver, getaddrinfo(): No address associated with hostname
03-21 15:00:24.333 31370 31386 E BluetoothConnectionManager: Bluetooth is not enabled
03-21 15:00:24.333 31370 31386 E BluetoothMeshService: Failed to start Bluetooth services
03-21 15:00:24.571  1282  1282 E BpTransactionCompletedListener: Failed to transact (-32)
03-21 15:00:24.577 15708 15828 E msys    : E[N mns:DGWClient]_OnDiskCacheGetData(632)=>Start post callback cache refresh DNS resolution
03-21 15:00:24.582 15708 15828 E msys    : E[N mns:DGWClient]_OnDiskCacheGetData(632)=>Start post callback cache refresh DNS resolution
03-21 15:00:24.583 15708 15828 E msys    : E[N mns:DGWClient]_LogError(228)=>Failed to resolve using system DNS resolver, getaddrinfo(): No address associated with hostname
03-21 15:00:24.584 15708 15828 E msys    : E[N mns:DGWClient]_LogError(228)=>Failed to resolve using system DNS resolver, getaddrinfo(): No address associated with hostname
03-21 15:00:24.817 15708 15828 E msys    : E[N mns:DGWClient]_OnDiskCacheGetData(632)=>Start post callback cache refresh DNS resolution
03-21 15:00:24.822 15708 15828 E msys    : E[N mns:DGWClient]_OnDiskCacheGetData(632)=>Start post callback cache refresh DNS resolution
03-21 15:00:24.823 15708 15828 E msys    : E[N mns:DGWClient]_LogError(228)=>Failed to resolve using system DNS resolver, getaddrinfo(): No address associated with hostname
03-21 15:00:24.824 15708 15828 E msys    : E[N mns:DGWClient]_LogError(228)=>Failed to resolve using system DNS resolver, getaddrinfo(): No address associated with hostname
03-21 15:00:24.834 15708 15828 E msys    : E[N mns:DGWClient]_OnDiskCacheGetData(632)=>Start post callback cache refresh DNS resolution
03-21 15:00:24.839 15708 15828 E msys    : E[N mns:DGWClient]_OnDiskCacheGetData(632)=>Start post callback cache refresh DNS resolution
03-21 15:00:24.856 15708 15828 E msys    : E[N mns:DGWClient]_LogError(228)=>Failed to resolve using system DNS resolver, getaddrinfo(): No address associated with hostname
03-21 15:00:24.856 15708 15828 E msys    : E[N mns:DGWClient]_LogError(228)=>Failed to resolve using system DNS resolver, getaddrinfo(): No address associated with hostname
03-21 15:00:25.143  2862  2906 E perf_hint: createSessionUsingConfig: PerformanceHint cannot create session. PowerHintSessions are not supported!
03-21 15:00:25.196 17350 17364 E cutils-trace: Error opening trace file: No such file or directory (2)
03-21 15:00:25.198 17350 17364 E DMABUFHEAPS: No ion heap of name ion_system_heap exists
03-21 15:00:25.198 17350 17364 E DMABUFHEAPS: No ion heap of name ion_system_heap exists
03-21 15:00:25.201 17350 17350 E ashmem  : Pinning is deprecated since Android Q. Please use trim or other methods.
03-21 15:00:25.268 17350 17375 E perf_hint: createSessionUsingConfig: PerformanceHint cannot create session. PowerHintSessions are not supported!
03-21 15:00:25.346 17350 17377 E ReactNativeJS: ReferenceError: Property 'Buffer' doesn't exist, js engine: hermes
03-21 15:00:25.347 17350 17377 E ReactNativeJS: Invariant Violation: "main" has not been registered. This can happen if:
03-21 15:00:25.347 17350 17377 E ReactNativeJS: * Metro (the local dev server) is run from the wrong folder. Check if Metro is running, stop it and restart it in the current project.
03-21 15:00:25.347 17350 17377 E ReactNativeJS: * A module failed to load due to an error and `AppRegistry.registerComponent` wasn't called., js engine: hermes
03-21 15:00:25.349 17350 17378 E AndroidRuntime: FATAL EXCEPTION: mqt_native_modules
03-21 15:00:25.349 17350 17378 E AndroidRuntime: Process: com.airudra00.gorakhchat, PID: 17350
03-21 15:00:25.349 17350 17378 E AndroidRuntime: com.facebook.react.common.JavascriptException: ReferenceError: Property 'Buffer' doesn't exist, js engine: hermes, stack:
03-21 15:00:25.349 17350 17378 E AndroidRuntime: anonymous@1:698828
03-21 15:00:25.349 17350 17378 E AndroidRuntime: anonymous@1:698736
03-21 15:00:25.349 17350 17378 E AndroidRuntime: anonymous@1:698629
03-21 15:00:25.349 17350 17378 E AndroidRuntime: loadModuleImplementation@1:16948
03-21 15:00:25.349 17350 17378 E AndroidRuntime: guardedLoadModule@1:16478
03-21 15:00:25.349 17350 17378 E AndroidRuntime: metroRequire@1:16108
03-21 15:00:25.349 17350 17378 E AndroidRuntime: anonymous@1:668815
03-21 15:00:25.349 17350 17378 E AndroidRuntime: loadModuleImplementation@1:16948
03-21 15:00:25.349 17350 17378 E AndroidRuntime: guardedLoadModule@1:16478
03-21 15:00:25.349 17350 17378 E AndroidRuntime: metroRequire@1:16108
03-21 15:00:25.349 17350 17378 E AndroidRuntime: anonymous@1:665909
03-21 15:00:25.349 17350 17378 E AndroidRuntime: loadModuleImplementation@1:16948
03-21 15:00:25.349 17350 17378 E AndroidRuntime: guardedLoadModule@1:16478
03-21 15:00:25.349 17350 17378 E AndroidRuntime: metroRequire@1:16108
03-21 15:00:25.349 17350 17378 E AndroidRuntime: anonymous@1:23228
03-21 15:00:25.349 17350 17378 E AndroidRuntime: loadModuleImplementation@1:16948
03-21 15:00:25.349 17350 17378 E AndroidRuntime: guardedLoadModule@1:16435
03-21 15:00:25.349 17350 17378 E AndroidRuntime: metroRequire@1:16108
03-21 15:00:25.349 17350 17378 E AndroidRuntime: global@1:15636
03-21 15:00:25.349 17350 17378 E AndroidRuntime: 
03-21 15:00:25.349 17350 17378 E AndroidRuntime: 	at com.facebook.react.modules.core.ExceptionsManagerModule.reportException(ExceptionsManagerModule.java:65)
03-21 15:00:25.349 17350 17378 E AndroidRuntime: 	at java.lang.reflect.Method.invoke(Native Method)
03-21 15:00:25.349 17350 17378 E AndroidRuntime: 	at com.facebook.react.bridge.JavaMethodWrapper.invoke(JavaMethodWrapper.java:372)
03-21 15:00:25.349 17350 17378 E AndroidRuntime: 	at com.facebook.react.bridge.JavaModuleWrapper.invoke(JavaModuleWrapper.java:149)
03-21 15:00:25.349 17350 17378 E AndroidRuntime: 	at com.facebook.jni.NativeRunnable.run(Native Method)
03-21 15:00:25.349 17350 17378 E AndroidRuntime: 	at android.os.Handler.handleCallback(Handler.java:995)
03-21 15:00:25.349 17350 17378 E AndroidRuntime: 	at android.os.Handler.dispatchMessage(Handler.java:103)
03-21 15:00:25.349 17350 17378 E AndroidRuntime: 	at com.facebook.react.bridge.queue.MessageQueueThreadHandler.dispatchMessage(MessageQueueThreadHandler.java:29)
03-21 15:00:25.349 17350 17378 E AndroidRuntime: 	at android.os.Looper.loopOnce(Looper.java:248)
03-21 15:00:25.349 17350 17378 E AndroidRuntime: 	at android.os.Looper.loop(Looper.java:338)
03-21 15:00:25.349 17350 17378 E AndroidRuntime: 	at com.facebook.react.bridge.queue.MessageQueueThreadImpl$4.run(MessageQueueThreadImpl.java:234)
03-21 15:00:25.349 17350 17378 E AndroidRuntime: 	at java.lang.Thread.run(Thread.java:1119)
03-21 15:00:25.808 15708 15828 E msys    : E[N mns:DGWClient]_OnDiskCacheGetData(632)=>Start post callback cache refresh DNS resolution
03-21 15:00:25.814 15708 15828 E msys    : E[N mns:DGWClient]_OnDiskCacheGetData(632)=>Start post callback cache refresh DNS resolution
03-21 15:00:25.816 15708 15828 E msys    : E[N mns:DGWClient]_LogError(228)=>Failed to resolve using system DNS resolver, getaddrinfo(): No address associated with hostname
03-21 15:00:25.816 15708 15828 E msys    : E[N mns:DGWClient]_LogError(228)=>Failed to resolve using system DNS resolver, getaddrinfo(): No address associated with hostname
03-21 15:00:25.931  1282  1282 E BpTransactionCompletedListener: Failed to transact (-32)
03-21 15:00:26.401 15708 15828 E msys    : E[N mns:DGWClient]_OnDiskCacheGetData(632)=>Start post callback cache refresh DNS resolution
03-21 15:00:26.406 15708 15828 E msys    : E[N mns:DGWClient]_OnDiskCacheGetData(632)=>Start post callback cache refresh DNS resolution
03-21 15:00:26.408 15708 15828 E msys    : E[N mns:DGWClient]_LogError(228)=>Failed to resolve using system DNS resolver, getaddrinfo(): No address associated with hostname
03-21 15:00:26.408 15708 15828 E msys    : E[N mns:DGWClient]_LogError(228)=>Failed to resolve using system DNS resolver, getaddrinfo(): No address associated with hostname
03-21 15:00:26.677 15708 15828 E msys    : E[N mns:DGWClient]_OnDiskCacheGetData(632)=>Start post callback cache refresh DNS resolution
03-21 15:00:26.681 15708 15828 E msys    : E[N mns:DGWClient]_OnDiskCacheGetData(632)=>Start post callback cache refresh DNS resolution
03-21 15:00:26.700 15708 15828 E msys    : E[N mns:DGWClient]_LogError(228)=>Failed to resolve using system DNS resolver, getaddrinfo(): No address associated with hostname
03-21 15:00:26.700 15708 15828 E msys    : E[N mns:DGWClient]_LogError(228)=>Failed to resolve using system DNS resolver, getaddrinfo(): No address associated with hostname
03-21 15:00:26.726 15708 15828 E msys    : E[N mns:DGWClient]_OnDiskCacheGetData(632)=>Start post callback cache refresh DNS resolution
03-21 15:00:26.736 15708 15828 E msys    : E[N mns:DGWClient]_OnDiskCacheGetData(632)=>Start post callback cache refresh DNS resolution
03-21 15:00:26.752 15708 15828 E msys    : E[N mns:DGWClient]_LogError(228)=>Failed to resolve using system DNS resolver, getaddrinfo(): No address associated with hostname
03-21 15:00:26.752 15708 15828 E msys    : E[N mns:DGWClient]_LogError(228)=>Failed to resolve using system DNS resolver, getaddrinfo(): No address associated with hostname
03-21 15:00:26.785 15708 15828 E msys    : E[N mns:DGWClient]_OnDiskCacheGetData(632)=>Start post callback cache refresh DNS resolution
03-21 15:00:26.792 15708 15828 E msys    : E[N mns:DGWClient]_LogError(228)=>Failed to resolve using system DNS resolver, getaddrinfo(): No address associated with hostname
03-21 15:00:26.792 15708 15828 E msys    : E[N mns:DGWClient]_OnDiskCacheGetData(632)=>Start post callback cache refresh DNS resolution
03-21 15:00:26.794 15708 15828 E msys    : E[N mns:DGWClient]_LogError(228)=>Failed to resolve using system DNS resolver, getaddrinfo(): No address associated with hostname
03-21 15:00:28.188 15708 15828 E msys    : E[N mns:DGWClient]_OnDiskCacheGetData(632)=>Start post callback cache refresh DNS resolution
03-21 15:00:28.192 15708 15828 E msys    : E[N mns:DGWClient]_LogError(228)=>Failed to resolve using system DNS resolver, getaddrinfo(): No address associated with hostname
03-21 15:00:28.192 15708 15828 E msys    : E[N mns:DGWClient]_OnDiskCacheGetData(632)=>Start post callback cache refresh DNS resolution
03-21 15:00:28.194 15708 15828 E msys    : E[N mns:DGWClient]_LogError(228)=>Failed to resolve using system DNS resolver, getaddrinfo(): No address associated with hostname
03-21 15:00:28.335 15708 15828 E msys    : E[N mns:DGWClient]_OnDiskCacheGetData(632)=>Start post callback cache refresh DNS resolution
03-21 15:00:28.339 15708 15828 E msys    : E[N mns:DGWClient]_OnDiskCacheGetData(632)=>Start post callback cache refresh DNS resolution
03-21 15:00:28.341 15708 15828 E msys    : E[N mns:DGWClient]_LogError(228)=>Failed to resolve using system DNS resolver, getaddrinfo(): No address associated with hostname
03-21 15:00:28.341 15708 15828 E msys    : E[N mns:DGWClient]_LogError(228)=>Failed to resolve using system DNS resolver, getaddrinfo(): No address associated with hostname
03-21 15:00:29.141 15708 15828 E msys    : E[N mns:DGWClient]_OnDiskCacheGetData(632)=>Start post callback cache refresh DNS resolution
03-21 15:00:29.145 15708 15828 E msys    : E[N mns:DGWClient]_LogError(228)=>Failed to resolve using system DNS resolver, getaddrinfo(): No address associated with hostname
03-21 15:00:29.146 15708 15828 E msys    : E[N mns:DGWClient]_OnDiskCacheGetData(632)=>Start post callback cache refresh DNS resolution
03-21 15:00:29.147 15708 15828 E msys    : E[N mns:DGWClient]_LogError(228)=>Failed to resolve using system DNS resolver, getaddrinfo(): No address associated with hostname
03-21 15:00:29.338 31370 31386 E BluetoothConnectionManager: Bluetooth is not enabled
03-21 15:00:29.338 31370 31386 E BluetoothMeshService: Failed to start Bluetooth services
03-21 15:00:30.091 15708 15828 E msys    : E[N mns:DGWClient]_OnDiskCacheGetData(632)=>Start post callback cache refresh DNS resolution
03-21 15:00:30.095 15708 15828 E msys    : E[N mns:DGWClient]_LogError(228)=>Failed to resolve using system DNS resolver, getaddrinfo(): No address associated with hostname
03-21 15:00:30.096 15708 15828 E msys    : E[N mns:DGWClient]_OnDiskCacheGetData(632)=>Start post callback cache refresh DNS resolution
03-21 15:00:30.097 15708 15828 E msys    : E[N mns:DGWClient]_LogError(228)=>Failed to resolve using system DNS resolver, getaddrinfo(): No address associated with hostname
03-21 15:00:30.398 15708 15828 E msys    : E[N mns:DGWClient]_OnDiskCacheGetData(632)=>Start post callback cache refresh DNS resolution
03-21 15:00:30.403 15708 15828 E msys    : E[N mns:DGWClient]_OnDiskCacheGetData(632)=>Start post callback cache refresh DNS resolution
03-21 15:00:30.405 15708 15828 E msys    : E[N mns:DGWClient]_LogError(228)=>Failed to resolve using system DNS resolver, getaddrinfo(): No address associated with hostname
03-21 15:00:30.405 15708 15828 E msys    : E[N mns:DGWClient]_LogError(228)=>Failed to resolve using system DNS resolver, getaddrinfo(): No address associated with hostname
03-21 15:00:31.300 15708 15828 E msys    : E[N mns:DGWClient]_OnDiskCacheGetData(632)=>Start post callback cache refresh DNS resolution
03-21 15:00:31.305 15708 15828 E msys    : E[N mns:DGWClient]_LogError(228)=>Failed to resolve using system DNS resolver, getaddrinfo(): No address associated with hostname
03-21 15:00:31.305 15708 15828 E msys    : E[N mns:DGWClient]_OnDiskCacheGetData(632)=>Start post callback cache refresh DNS resolution
03-21 15:00:31.306 15708 15828 E msys    : E[N mns:DGWClient]_LogError(228)=>Failed to resolve using system DNS resolver, getaddrinfo(): No address associated with hostname
03-21 15:00:31.549 15708 15828 E msys    : E[N mns:DGWClient]_OnDiskCacheGetData(632)=>Start post callback cache refresh DNS resolution
03-21 15:00:31.553 15708 15828 E msys    : E[N mns:DGWClient]_LogError(228)=>Failed to resolve using system DNS resolver, getaddrinfo(): No address associated with hostname
03-21 15:00:31.554 15708 15828 E msys    : E[N mns:DGWClient]_OnDiskCacheGetData(632)=>Start post callback cache refresh DNS resolution
03-21 15:00:31.555 15708 15828 E msys    : E[N mns:DGWClient]_LogError(228)=>Failed to resolve using system DNS resolver, getaddrinfo(): No address associated with hostname
03-21 15:00:31.789 15708 15828 E msys    : E[N mns:DGWClient]_OnDiskCacheGetData(632)=>Start post callback cache refresh DNS resolution
03-21 15:00:31.794 15708 15828 E msys    : E[N mns:DGWClient]_LogError(228)=>Failed to resolve using system DNS resolver, getaddrinfo(): No address associated with hostname
03-21 15:00:31.794 15708 15828 E msys    : E[N mns:DGWClient]_OnDiskCacheGetData(632)=>Start post callback cache refresh DNS resolution
03-21 15:00:31.795 15708 15828 E msys    : E[N mns:DGWClient]_LogError(228)=>Failed to resolve using system DNS resolver, getaddrinfo(): No address associated with hostname
03-21 15:00:32.378 15708 15917 E msys    : E[S MSync]_ModularSyncHandleNetworkResponse(1322)=>DB[223] - Encountered a network error (2002: StreamGroupNetworkRequest request cancelled: max retries reached; last err (TransientError domain: MNSTCP code: 0 detail: connect(): Network is unreachable))
03-21 15:00:32.378 15708 15917 E msys    : E[S MSync]_ModularSyncHandleNetworkErrorResponse(1100)=>DB[223] - handle network error response
03-21 15:00:32.677 15708 15828 E msys    : E[N mns:DGWClient]_OnDiskCacheGetData(632)=>Start post callback cache refresh DNS resolution
03-21 15:00:32.682 15708 15828 E msys    : E[N mns:DGWClient]_LogError(228)=>Failed to resolve using system DNS resolver, getaddrinfo(): No address associated with hostname
03-21 15:00:32.682 15708 15828 E msys    : E[N mns:DGWClient]_OnDiskCacheGetData(632)=>Start post callback cache refresh DNS resolution
03-21 15:00:32.683 15708 15828 E msys    : E[N mns:DGWClient]_LogError(228)=>Failed to resolve using system DNS resolver, getaddrinfo(): No address associated with hostname
03-21 15:00:32.871 15708 15907 E msys    : E[N MQTT]onConnectError(562)=>Connect Error: folly::AsyncSocketException: AsyncSocketException: connect failed (immediately), type = Socket not open, errno = 101 (Network is unreachable)
03-21 15:00:33.351 15708 15828 E msys    : E[N mns:DGWClient]_OnDiskCacheGetData(632)=>Start post callback cache refresh DNS resolution
03-21 15:00:33.356 15708 15828 E msys    : E[N mns:DGWClient]_LogError(228)=>Failed to resolve using system DNS resolver, getaddrinfo(): No address associated with hostname
03-21 15:00:33.356 15708 15828 E msys    : E[N mns:DGWClient]_OnDiskCacheGetData(632)=>Start post callback cache refresh DNS resolution
03-21 15:00:33.357 15708 15828 E msys    : E[N mns:DGWClient]_LogError(228)=>Failed to resolve using system DNS resolver, getaddrinfo(): No address associated with hostname
03-21 15:00:33.868 15708 15828 E msys    : E[N mns:DGWClient]_OnDiskCacheGetData(632)=>Start post callback cache refresh DNS resolution
03-21 15:00:33.873 15708 15828 E msys    : E[N mns:DGWClient]_LogError(228)=>Failed to resolve using system DNS resolver, getaddrinfo(): No address associated with hostname
03-21 15:00:33.874 15708 15828 E msys    : E[N mns:DGWClient]_OnDiskCacheGetData(632)=>Start post callback cache refresh DNS resolution
03-21 15:00:33.875 15708 15828 E msys    : E[N mns:DGWClient]_LogError(228)=>Failed to resolve using system DNS resolver, getaddrinfo(): No address associated with hostname
03-21 15:00:34.309  2205 12799 E KeyValueBackupTask: Error during PM metadata backup
03-21 15:00:34.309  2205 12799 E KeyValueBackupTask: com.android.server.backup.keyvalue.TaskException
03-21 15:00:34.309  2205 12799 E KeyValueBackupTask: 	at com.android.server.backup.keyvalue.KeyValueBackupTask.handleTransportStatus(KeyValueBackupTask.java:1141)
03-21 15:00:34.309  2205 12799 E KeyValueBackupTask: 	at com.android.server.backup.keyvalue.KeyValueBackupTask.sendDataToTransport(KeyValueBackupTask.java:1075)
03-21 15:00:34.309  2205 12799 E KeyValueBackupTask: 	at com.android.server.backup.keyvalue.KeyValueBackupTask.sendDataToTransport(KeyValueBackupTask.java:578)
03-21 15:00:34.309  2205 12799 E KeyValueBackupTask: 	at com.android.server.backup.keyvalue.KeyValueBackupTask.backupPm(KeyValueBackupTask.java:683)
03-21 15:00:34.309  2205 12799 E KeyValueBackupTask: 	at com.android.server.backup.keyvalue.KeyValueBackupTask.run(KeyValueBackupTask.java:369)
03-21 15:00:34.309  2205 12799 E KeyValueBackupTask: 	at java.lang.Thread.run(Thread.java:1119)
03-21 15:00:34.346 31370 31386 E BluetoothConnectionManager: Bluetooth is not enabled
03-21 15:00:34.346 31370 31386 E BluetoothMeshService: Failed to start Bluetooth services
03-21 15:00:35.818  2202  2204 E pixel-thermal: Unable to get AIDL Stats service
03-21 15:00:35.818  2202  2204 E pixel-thermal: Failed to report -1 thermal stats
03-21 15:00:35.858 15708 15828 E msys    : E[N mns:DGWClient]_OnDiskCacheGetData(632)=>Start post callback cache refresh DNS resolution
03-21 15:00:35.863 15708 15828 E msys    : E[N mns:DGWClient]_OnDiskCacheGetData(632)=>Start post callback cache refresh DNS resolution
