03-21 15:00:58.033 15708 15828 E msys    : E[N mns:DGWClient]_OnDiskCacheGetData(632)=>Start post callback cache refresh DNS resolution
03-21 15:00:58.038 15708 15828 E msys    : E[N mns:DGWClient]_OnDiskCacheGetData(632)=>Start post callback cache refresh DNS resolution
03-21 15:00:58.039 15708 15828 E msys    : E[N mns:DGWClient]_LogError(228)=>Failed to resolve using system DNS resolver, getaddrinfo(): No address associated with hostname
03-21 15:00:58.040 15708 15828 E msys    : E[N mns:DGWClient]_LogError(228)=>Failed to resolve using system DNS resolver, getaddrinfo(): No address associated with hostname
03-21 15:00:58.110 15708 15828 E msys    : E[N mns:DGWClient]_OnDiskCacheGetData(632)=>Start post callback cache refresh DNS resolution
03-21 15:00:58.115 15708 15828 E msys    : E[N mns:DGWClient]_OnDiskCacheGetData(632)=>Start post callback cache refresh DNS resolution
03-21 15:00:58.117 15708 15828 E msys    : E[N mns:DGWClient]_LogError(228)=>Failed to resolve using system DNS resolver, getaddrinfo(): No address associated with hostname
03-21 15:00:58.117 15708 15828 E msys    : E[N mns:DGWClient]_LogError(228)=>Failed to resolve using system DNS resolver, getaddrinfo(): No address associated with hostname
03-21 15:00:58.260 15708 15828 E msys    : E[N mns:DGWClient]_OnDiskCacheGetData(632)=>Start post callback cache refresh DNS resolution
03-21 15:00:58.265 15708 15828 E msys    : E[N mns:DGWClient]_OnDiskCacheGetData(632)=>Start post callback cache refresh DNS resolution
03-21 15:00:58.267 15708 15828 E msys    : E[N mns:DGWClient]_LogError(228)=>Failed to resolve using system DNS resolver, getaddrinfo(): No address associated with hostname
03-21 15:00:58.268 15708 15828 E msys    : E[N mns:DGWClient]_LogError(228)=>Failed to resolve using system DNS resolver, getaddrinfo(): No address associated with hostname
03-21 15:00:58.340 15708 15828 E msys    : E[N mns:DGWClient]_OnDiskCacheGetData(632)=>Start post callback cache refresh DNS resolution
03-21 15:00:58.345 15708 15828 E msys    : E[N mns:DGWClient]_OnDiskCacheGetData(632)=>Start post callback cache refresh DNS resolution
03-21 15:00:58.346 15708 15828 E msys    : E[N mns:DGWClient]_LogError(228)=>Failed to resolve using system DNS resolver, getaddrinfo(): No address associated with hostname
03-21 15:00:58.347 15708 15828 E msys    : E[N mns:DGWClient]_LogError(228)=>Failed to resolve using system DNS resolver, getaddrinfo(): No address associated with hostname
03-21 15:00:59.148 15708 15828 E msys    : E[N mns:DGWClient]_OnDiskCacheGetData(632)=>Start post callback cache refresh DNS resolution
03-21 15:00:59.153 15708 15828 E msys    : E[N mns:DGWClient]_OnDiskCacheGetData(632)=>Start post callback cache refresh DNS resolution
03-21 15:00:59.154 15708 15828 E msys    : E[N mns:DGWClient]_LogError(228)=>Failed to resolve using system DNS resolver, getaddrinfo(): No address associated with hostname
03-21 15:00:59.155 15708 15828 E msys    : E[N mns:DGWClient]_LogError(228)=>Failed to resolve using system DNS resolver, getaddrinfo(): No address associated with hostname
03-21 15:00:59.379 31370 31386 E BluetoothConnectionManager: Bluetooth is not enabled
03-21 15:00:59.379 31370 31386 E BluetoothMeshService: Failed to start Bluetooth services
03-21 15:00:59.819 15708 15828 E msys    : E[N mns:DGWClient]_OnDiskCacheGetData(632)=>Start post callback cache refresh DNS resolution
03-21 15:00:59.824 15708 15828 E msys    : E[N mns:DGWClient]_OnDiskCacheGetData(632)=>Start post callback cache refresh DNS resolution
03-21 15:00:59.825 15708 15828 E msys    : E[N mns:DGWClient]_LogError(228)=>Failed to resolve using system DNS resolver, getaddrinfo(): No address associated with hostname
03-21 15:00:59.825 15708 15828 E msys    : E[N mns:DGWClient]_LogError(228)=>Failed to resolve using system DNS resolver, getaddrinfo(): No address associated with hostname
03-21 15:01:00.175 12851 17787 E cutils-trace: Error opening trace file: No such file or directory (2)
03-21 15:01:00.176  2862  2906 E perf_hint: createSessionUsingConfig: PerformanceHint cannot create session. PowerHintSessions are not supported!
03-21 15:01:00.181 12851 17787 E DMABUFHEAPS: No ion heap of name ion_system_heap exists
03-21 15:01:00.181 12851 17787 E DMABUFHEAPS: No ion heap of name ion_system_heap exists
03-21 15:01:00.285 12851 12851 E ndroid.settings: Invalid resource ID 0x00000000.
03-21 15:01:00.286 12851 12851 E ndroid.settings: Invalid resource ID 0x00000000.
03-21 15:01:00.286 12851 12851 E ndroid.settings: Invalid resource ID 0x00000000.
03-21 15:01:00.410 15708 15828 E msys    : E[N mns:DGWClient]_OnDiskCacheGetData(632)=>Start post callback cache refresh DNS resolution
03-21 15:01:00.415 15708 15828 E msys    : E[N mns:DGWClient]_OnDiskCacheGetData(632)=>Start post callback cache refresh DNS resolution
03-21 15:01:00.417 15708 15828 E msys    : E[N mns:DGWClient]_LogError(228)=>Failed to resolve using system DNS resolver, getaddrinfo(): No address associated with hostname
03-21 15:01:00.417 15708 15828 E msys    : E[N mns:DGWClient]_LogError(228)=>Failed to resolve using system DNS resolver, getaddrinfo(): No address associated with hostname
03-21 15:01:00.428 15708 15828 E msys    : E[N mns:DGWClient]_OnDiskCacheGetData(632)=>Start post callback cache refresh DNS resolution
03-21 15:01:00.432 15708 15828 E msys    : E[N mns:DGWClient]_LogError(228)=>Failed to resolve using system DNS resolver, getaddrinfo(): No address associated with hostname
03-21 15:01:00.433 15708 15828 E msys    : E[N mns:DGWClient]_OnDiskCacheGetData(632)=>Start post callback cache refresh DNS resolution
03-21 15:01:00.434 15708 15828 E msys    : E[N mns:DGWClient]_LogError(228)=>Failed to resolve using system DNS resolver, getaddrinfo(): No address associated with hostname
03-21 15:01:00.500 12851 17842 E perf_hint: createSessionUsingConfig: PerformanceHint cannot create session. PowerHintSessions are not supported!
03-21 15:01:00.645 12851 16891 E DataProcessor: abnormal entry list in the timestamp:Mar 20, 2026, 15:00:00
03-21 15:01:00.700 15708 15828 E msys    : E[N mns:DGWClient]_OnDiskCacheGetData(632)=>Start post callback cache refresh DNS resolution
03-21 15:01:00.701  1289 17873 E tftp_server: pid=1289 tid=17873 tftp-server : ERR :[tftp_os_la.c, 70] open failed: [2] [No such file or directory]
03-21 15:01:00.701  1289 17873 E tftp_server: pid=1289 tid=17873 tftp-server : ERR :[tftp_server.c, 1750] open failed : [-2] [Unknown error -2]
03-21 15:01:00.701  1289 17873 E tftp_server: pid=1289 tid=17873 tftp-server : ERR :[tftp_protocol.c, 1231] sending error-pkt. Code = 1, Msg = Err=2 String=No such file or directory
03-21 15:01:00.706 15708 15828 E msys    : E[N mns:DGWClient]_OnDiskCacheGetData(632)=>Start post callback cache refresh DNS resolution
03-21 15:01:00.709 15708 15828 E msys    : E[N mns:DGWClient]_LogError(228)=>Failed to resolve using system DNS resolver, getaddrinfo(): No address associated with hostname
03-21 15:01:00.709 15708 15828 E msys    : E[N mns:DGWClient]_LogError(228)=>Failed to resolve using system DNS resolver, getaddrinfo(): No address associated with hostname
03-21 15:01:00.709  1289 17876 E tftp_server: pid=1289 tid=17876 tftp-server : ERR :[tftp_os_la.c, 70] open failed: [2] [No such file or directory]
03-21 15:01:00.709  1289 17876 E tftp_server: pid=1289 tid=17876 tftp-server : ERR :[tftp_server.c, 1750] open failed : [-2] [Unknown error -2]
03-21 15:01:00.709  1289 17876 E tftp_server: pid=1289 tid=17876 tftp-server : ERR :[tftp_protocol.c, 1231] sending error-pkt. Code = 1, Msg = Err=2 String=No such file or directory
03-21 15:01:00.737   825   831 E android.system.suspend-service: Error reading wakeup78/name: No such device
03-21 15:01:00.740   825   831 E android.system.suspend-service: Closed the FD.: No such device
03-21 15:01:00.740   825   831 E android.system.suspend-service: Error reading wakeup78/active_count: No such device
03-21 15:01:00.740   825   831 E android.system.suspend-service: Closed the FD.: No such device
03-21 15:01:00.740   825   831 E android.system.suspend-service: Error reading wakeup78/last_change_ms: No such device
03-21 15:01:00.740   825   831 E android.system.suspend-service: Closed the FD.: No such device
03-21 15:01:00.740   825   831 E android.system.suspend-service: Error reading wakeup78/max_time_ms: No such device
03-21 15:01:00.740   825   831 E android.system.suspend-service: Closed the FD.: No such device
03-21 15:01:00.740   825   831 E android.system.suspend-service: Error reading wakeup78/total_time_ms: No such device
03-21 15:01:00.740   825   831 E android.system.suspend-service: Closed the FD.: No such device
03-21 15:01:00.740   825   831 E android.system.suspend-service: Error reading wakeup78/active_time_ms: No such device
03-21 15:01:00.740   825   831 E android.system.suspend-service: Closed the FD.: No such device
03-21 15:01:00.740   825   831 E android.system.suspend-service: Error reading wakeup78/event_count: No such device
03-21 15:01:00.740   825   831 E android.system.suspend-service: Closed the FD.: No such device
03-21 15:01:00.740   825   831 E android.system.suspend-service: Error reading wakeup78/expire_count: No such device
03-21 15:01:00.740   825   831 E android.system.suspend-service: Closed the FD.: No such device
03-21 15:01:00.740   825   831 E android.system.suspend-service: Error reading wakeup78/prevent_suspend_time_ms: No such device
03-21 15:01:00.740   825   831 E android.system.suspend-service: Closed the FD.: No such device
03-21 15:01:00.740   825   831 E android.system.suspend-service: Error reading wakeup78/wakeup_count: No such device
03-21 15:01:00.741   825   831 E android.system.suspend-service: Closed the FD.: No such device
03-21 15:01:00.756  3155  3155 E PhoneInterfaceManager: queryModemActivityInfo: invalid response
03-21 15:01:00.770 12851 17867 E SmsApplication: com.google.android.apps.messaging lost android:read_cell_broadcasts:  (fixing)
03-21 15:01:00.832  3155  3155 E PhoneInterfaceManager: queryModemActivityInfo: invalid response
03-21 15:01:01.407 15708 15828 E msys    : E[N mns:DGWClient]_OnDiskCacheGetData(632)=>Start post callback cache refresh DNS resolution
03-21 15:01:01.412 15708 15828 E msys    : E[N mns:DGWClient]_LogError(228)=>Failed to resolve using system DNS resolver, getaddrinfo(): No address associated with hostname
03-21 15:01:01.412 15708 15828 E msys    : E[N mns:DGWClient]_OnDiskCacheGetData(632)=>Start post callback cache refresh DNS resolution
03-21 15:01:01.413 15708 15828 E msys    : E[N mns:DGWClient]_LogError(228)=>Failed to resolve using system DNS resolver, getaddrinfo(): No address associated with hostname
03-21 15:01:02.361 15708 15828 E msys    : E[N mns:DGWClient]_OnDiskCacheGetData(632)=>Start post callback cache refresh DNS resolution
03-21 15:01:02.365 15708 15828 E msys    : E[N mns:DGWClient]_LogError(228)=>Failed to resolve using system DNS resolver, getaddrinfo(): No address associated with hostname
03-21 15:01:02.365 15708 15828 E msys    : E[N mns:DGWClient]_OnDiskCacheGetData(632)=>Start post callback cache refresh DNS resolution
03-21 15:01:02.367 15708 15828 E msys    : E[N mns:DGWClient]_LogError(228)=>Failed to resolve using system DNS resolver, getaddrinfo(): No address associated with hostname
03-21 15:01:02.753 15708 15828 E msys    : E[N mns:DGWClient]_OnDiskCacheGetData(632)=>Start post callback cache refresh DNS resolution
03-21 15:01:02.758 15708 15828 E msys    : E[N mns:DGWClient]_OnDiskCacheGetData(632)=>Start post callback cache refresh DNS resolution
03-21 15:01:02.760 15708 15828 E msys    : E[N mns:DGWClient]_LogError(228)=>Failed to resolve using system DNS resolver, getaddrinfo(): No address associated with hostname
03-21 15:01:02.761 15708 15828 E msys    : E[N mns:DGWClient]_LogError(228)=>Failed to resolve using system DNS resolver, getaddrinfo(): No address associated with hostname
03-21 15:01:03.296 15708 15828 E msys    : E[N mns:DGWClient]_OnDiskCacheGetData(632)=>Start post callback cache refresh DNS resolution
03-21 15:01:03.300 15708 15828 E msys    : E[N mns:DGWClient]_LogError(228)=>Failed to resolve using system DNS resolver, getaddrinfo(): No address associated with hostname
03-21 15:01:03.301 15708 15828 E msys    : E[N mns:DGWClient]_OnDiskCacheGetData(632)=>Start post callback cache refresh DNS resolution
03-21 15:01:03.302 15708 15828 E msys    : E[N mns:DGWClient]_LogError(228)=>Failed to resolve using system DNS resolver, getaddrinfo(): No address associated with hostname
03-21 15:01:03.883 15708 15907 E msys    : E[N MQTT]onConnectError(562)=>Connect Error: folly::AsyncSocketException: AsyncSocketException: connect failed (immediately), type = Socket not open, errno = 101 (Network is unreachable)
03-21 15:01:04.383 31370 31386 E BluetoothConnectionManager: Bluetooth is not enabled
03-21 15:01:04.383 31370 31386 E BluetoothMeshService: Failed to start Bluetooth services
03-21 15:01:04.822 15708 15828 E msys    : E[N mns:DGWClient]_OnDiskCacheGetData(632)=>Start post callback cache refresh DNS resolution
03-21 15:01:04.827 15708 15828 E msys    : E[N mns:DGWClient]_OnDiskCacheGetData(632)=>Start post callback cache refresh DNS resolution
03-21 15:01:04.828 15708 15828 E msys    : E[N mns:DGWClient]_LogError(228)=>Failed to resolve using system DNS resolver, getaddrinfo(): No address associated with hostname
03-21 15:01:04.829 15708 15828 E msys    : E[N mns:DGWClient]_LogError(228)=>Failed to resolve using system DNS resolver, getaddrinfo(): No address associated with hostname
03-21 15:01:05.121 15708 15828 E msys    : E[N mns:DGWClient]_OnDiskCacheGetData(632)=>Start post callback cache refresh DNS resolution
03-21 15:01:05.126 15708 15828 E msys    : E[N mns:DGWClient]_OnDiskCacheGetData(632)=>Start post callback cache refresh DNS resolution
03-21 15:01:05.127 15708 15828 E msys    : E[N mns:DGWClient]_LogError(228)=>Failed to resolve using system DNS resolver, getaddrinfo(): No address associated with hostname
03-21 15:01:05.127 15708 15828 E msys    : E[N mns:DGWClient]_LogError(228)=>Failed to resolve using system DNS resolver, getaddrinfo(): No address associated with hostname
03-21 15:01:05.603 15708 15917 E msys    : E[S MSync]_ModularSyncHandleNetworkResponse(1322)=>DB[223] - Encountered a network error (2002: StreamGroupNetworkRequest request cancelled: max retries reached; last err (TransientError domain: MNSTCP code: 0 detail: connect(): Network is unreachable))
03-21 15:01:05.603 15708 15917 E msys    : E[S MSync]_ModularSyncHandleNetworkErrorResponse(1100)=>DB[223] - handle network error response
03-21 15:01:05.604 15708 15828 E msys    : E[N mns:DGWClient]_OnDiskCacheGetData(632)=>Start post callback cache refresh DNS resolution
03-21 15:01:05.609 15708 15828 E msys    : E[N mns:DGWClient]_LogError(228)=>Failed to resolve using system DNS resolver, getaddrinfo(): No address associated with hostname
03-21 15:01:05.609 15708 15828 E msys    : E[N mns:DGWClient]_OnDiskCacheGetData(632)=>Start post callback cache refresh DNS resolution
03-21 15:01:05.610 15708 15828 E msys    : E[N mns:DGWClient]_LogError(228)=>Failed to resolve using system DNS resolver, getaddrinfo(): No address associated with hostname
03-21 15:01:06.666 15708 15828 E msys    : E[N mns:DGWClient]_OnDiskCacheGetData(632)=>Start post callback cache refresh DNS resolution
03-21 15:01:06.670 15708 15828 E msys    : E[N mns:DGWClient]_LogError(228)=>Failed to resolve using system DNS resolver, getaddrinfo(): No address associated with hostname
03-21 15:01:06.671 15708 15828 E msys    : E[N mns:DGWClient]_OnDiskCacheGetData(632)=>Start post callback cache refresh DNS resolution
03-21 15:01:06.672 15708 15828 E msys    : E[N mns:DGWClient]_LogError(228)=>Failed to resolve using system DNS resolver, getaddrinfo(): No address associated with hostname
03-21 15:01:07.750 15708 15838 E MQTTBypassDGWStreamGroupConnection.cpp: connect failed. Callbacks terminated before ack received
03-21 15:01:07.752 15708 15772 E MQTTBypassDGWStreamGroupCallbacks.cpp: onStreamGroupError StreamGroupNetworkRequest request cancelled: max retries reached; last err (TransientError domain: MNSTCP code: 0 detail: connect(): Network is unreachable)
03-21 15:01:08.299 15708 15828 E msys    : E[N mns:DGWClient]_OnDiskCacheGetData(632)=>Start post callback cache refresh DNS resolution
03-21 15:01:08.304 15708 15828 E msys    : E[N mns:DGWClient]_LogError(228)=>Failed to resolve using system DNS resolver, getaddrinfo(): No address associated with hostname
03-21 15:01:08.304 15708 15828 E msys    : E[N mns:DGWClient]_OnDiskCacheGetData(632)=>Start post callback cache refresh DNS resolution
03-21 15:01:08.305 15708 15828 E msys    : E[N mns:DGWClient]_LogError(228)=>Failed to resolve using system DNS resolver, getaddrinfo(): No address associated with hostname
03-21 15:01:08.756 15708 15828 E msys    : E[N mns:DGWClient]_OnDiskCacheGetData(632)=>Start post callback cache refresh DNS resolution
03-21 15:01:08.761 15708 15828 E msys    : E[N mns:DGWClient]_LogError(228)=>Failed to resolve using system DNS resolver, getaddrinfo(): No address associated with hostname
03-21 15:01:08.761 15708 15828 E msys    : E[N mns:DGWClient]_OnDiskCacheGetData(632)=>Start post callback cache refresh DNS resolution
03-21 15:01:08.762 15708 15828 E msys    : E[N mns:DGWClient]_LogError(228)=>Failed to resolve using system DNS resolver, getaddrinfo(): No address associated with hostname
03-21 15:01:08.964 15708 15828 E msys    : E[N mns:DGWClient]_OnDiskCacheGetData(632)=>Start post callback cache refresh DNS resolution
03-21 15:01:08.969 15708 15828 E msys    : E[N mns:DGWClient]_LogError(228)=>Failed to resolve using system DNS resolver, getaddrinfo(): No address associated with hostname
03-21 15:01:08.969 15708 15828 E msys    : E[N mns:DGWClient]_OnDiskCacheGetData(632)=>Start post callback cache refresh DNS resolution
03-21 15:01:08.970 15708 15828 E msys    : E[N mns:DGWClient]_LogError(228)=>Failed to resolve using system DNS resolver, getaddrinfo(): No address associated with hostname
03-21 15:01:09.272 15708 15828 E msys    : E[N mns:DGWClient]_OnDiskCacheGetData(632)=>Start post callback cache refresh DNS resolution
03-21 15:01:09.276 15708 15828 E msys    : E[N mns:DGWClient]_OnDiskCacheGetData(632)=>Start post callback cache refresh DNS resolution
03-21 15:01:09.277 15708 15828 E msys    : E[N mns:DGWClient]_LogError(228)=>Failed to resolve using system DNS resolver, getaddrinfo(): No address associated with hostname
03-21 15:01:09.278 15708 15828 E msys    : E[N mns:DGWClient]_LogError(228)=>Failed to resolve using system DNS resolver, getaddrinfo(): No address associated with hostname
03-21 15:01:09.388 31370 31386 E BluetoothConnectionManager: Bluetooth is not enabled
03-21 15:01:09.388 31370 31386 E BluetoothMeshService: Failed to start Bluetooth services
03-21 15:01:10.084 15708 15828 E msys    : E[N mns:DGWClient]_OnDiskCacheGetData(632)=>Start post callback cache refresh DNS resolution
03-21 15:01:10.089 15708 15828 E msys    : E[N mns:DGWClient]_OnDiskCacheGetData(632)=>Start post callback cache refresh DNS resolution
03-21 15:01:10.090 15708 15828 E msys    : E[N mns:DGWClient]_LogError(228)=>Failed to resolve using system DNS resolver, getaddrinfo(): No address associated with hostname
03-21 15:01:10.090 15708 15828 E msys    : E[N mns:DGWClient]_LogError(228)=>Failed to resolve using system DNS resolver, getaddrinfo(): No address associated with hostname
03-21 15:01:10.102 15708 15828 E msys    : E[N mns:DGWClient]_OnDiskCacheGetData(632)=>Start post callback cache refresh DNS resolution
03-21 15:01:10.106 15708 15828 E msys    : E[N mns:DGWClient]_LogError(228)=>Failed to resolve using system DNS resolver, getaddrinfo(): No address associated with hostname
03-21 15:01:10.106 15708 15828 E msys    : E[N mns:DGWClient]_OnDiskCacheGetData(632)=>Start post callback cache refresh DNS resolution
03-21 15:01:10.108 15708 15828 E msys    : E[N mns:DGWClient]_LogError(228)=>Failed to resolve using system DNS resolver, getaddrinfo(): No address associated with hostname
03-21 15:01:10.503 15708 15828 E msys    : E[N mns:DGWClient]_OnDiskCacheGetData(632)=>Start post callback cache refresh DNS resolution
03-21 15:01:10.507 15708 15828 E msys    : E[N mns:DGWClient]_LogError(228)=>Failed to resolve using system DNS resolver, getaddrinfo(): No address associated with hostname
03-21 15:01:10.508 15708 15828 E msys    : E[N mns:DGWClient]_OnDiskCacheGetData(632)=>Start post callback cache refresh DNS resolution
03-21 15:01:10.512 15708 15828 E msys    : E[N mns:DGWClient]_LogError(228)=>Failed to resolve using system DNS resolver, getaddrinfo(): No address associated with hostname
03-21 15:01:10.848 12851 12851 E ndroid.settings: Invalid resource ID 0x00000000.
03-21 15:01:10.848 12851 12851 E ndroid.settings: Invalid resource ID 0x00000000.
03-21 15:01:10.848 12851 12851 E ndroid.settings: Invalid resource ID 0x00000000.
03-21 15:01:10.899 12851 17843 E perf_hint: createSessionUsingConfig: PerformanceHint cannot create session. PowerHintSessions are not supported!
03-21 15:01:11.097 15708 15828 E msys    : E[N mns:DGWClient]_OnDiskCacheGetData(632)=>Start post callback cache refresh DNS resolution
03-21 15:01:11.102 15708 15828 E msys    : E[N mns:DGWClient]_OnDiskCacheGetData(632)=>Start post callback cache refresh DNS resolution
03-21 15:01:11.103 15708 15828 E msys    : E[N mns:DGWClient]_LogError(228)=>Failed to resolve using system DNS resolver, getaddrinfo(): No address associated with hostname
03-21 15:01:11.104 15708 15828 E msys    : E[N mns:DGWClient]_LogError(228)=>Failed to resolve using system DNS resolver, getaddrinfo(): No address associated with hostname
03-21 15:01:11.351  2862  2886 E FrameTracker: force finish cuj, time out: J<SPLASHSCREEN_EXIT_ANIM>
03-21 15:01:11.778 12851 17843 E perf_hint: createSessionUsingConfig: PerformanceHint cannot create session. PowerHintSessions are not supported!
03-21 15:01:12.449  2205  2612 E AppOps  : package pm not found, can't check for attributionTag null
03-21 15:01:12.529 16724 17020 E PlayCommon: [176] Failed to connect to server for server timestamp: java.net.UnknownHostException: Unable to resolve host "play.googleapis.com": No address associated with hostname
03-21 15:01:12.530 16724 17020 E PlayCommon: [176] Failed to connect to server for log upload.
03-21 15:01:12.716 18002 18042 E ashmem  : Pinning is deprecated since Android Q. Please use trim or other methods.
03-21 15:01:12.968  2862  2906 E perf_hint: createSessionUsingConfig: PerformanceHint cannot create session. PowerHintSessions are not supported!
03-21 15:01:13.143 18046 18046 E DocsApplication: from onCreate Completable for sending summary about blocked SyncRequests
03-21 15:01:13.143 18046 18046 E DocsApplication: java.lang.IllegalStateException
03-21 15:01:13.143 18046 18046 E DocsApplication: 	at hli.h(PG:64)
03-21 15:01:13.143 18046 18046 E DocsApplication: 	at kbd.a(PG:261)
03-21 15:01:13.143 18046 18046 E DocsApplication: 	at gye.lambda$onCreate$2(PG:9)
03-21 15:01:13.143 18046 18046 E DocsApplication: 	at gye.$r8$lambda$M-tqsz8QJK2QrqieVTlg-c3Lhbo(PG:1)
03-21 15:01:13.143 18046 18046 E DocsApplication: 	at gmh$1.run(PG:129)
03-21 15:01:13.143 18046 18046 E DocsApplication: 	at abic.d(PG:13)
03-21 15:01:13.143 18046 18046 E DocsApplication: 	at abfq.e(PG:3)
03-21 15:01:13.143 18046 18046 E DocsApplication: 	at abik$a.run(PG:3)
03-21 15:01:13.143 18046 18046 E DocsApplication: 	at abga$a.run(PG:10)
03-21 15:01:13.143 18046 18046 E DocsApplication: 	at ablz.run(PG:14)
03-21 15:01:13.143 18046 18046 E DocsApplication: 	at ablz.call(PG:1)
03-21 15:01:13.143 18046 18046 E DocsApplication: 	at java.util.concurrent.FutureTask.run(FutureTask.java:317)
03-21 15:01:13.143 18046 18046 E DocsApplication: 	at java.util.concurrent.ScheduledThreadPoolExecutor$ScheduledFutureTask.run(ScheduledThreadPoolExecutor.java:348)
03-21 15:01:13.143 18046 18046 E DocsApplication: 	at java.util.concurrent.ThreadPoolExecutor.runWorker(ThreadPoolExecutor.java:1156)
03-21 15:01:13.143 18046 18046 E DocsApplication: 	at java.util.concurrent.ThreadPoolExecutor$Worker.run(ThreadPoolExecutor.java:651)
03-21 15:01:13.143 18046 18046 E DocsApplication: 	at java.lang.Thread.run(Thread.java:1119)
03-21 15:01:13.181 18046 18115 E ashmem  : Pinning is deprecated since Android Q. Please use trim or other methods.
03-21 15:01:13.219  3498  4155 E AuthPII : [RequestTokenManager] getToken() -> BAD_AUTHENTICATION. App: com.google.android.gms, Service: oauth2:https://www.googleapis.com/auth/plus.me
03-21 15:01:13.219  3498  4155 E AuthPII : bgoe: Long live credential not available.
03-21 15:01:13.219  3498  4155 E AuthPII : 	at ahcn.a(:com.google.android.gms@260931035@26.09.31 (260400-877989800):1347)
03-21 15:01:13.219  3498  4155 E AuthPII : 	at ahcu.b(:com.google.android.gms@260931035@26.09.31 (260400-877989800):26)
03-21 15:01:13.219  3498  4155 E AuthPII : 	at ahcs.a(:com.google.android.gms@260931035@26.09.31 (260400-877989800):738)
03-21 15:01:13.219  3498  4155 E AuthPII : 	at agmo.a(:com.google.android.gms@260931035@26.09.31 (260400-877989800):82)
03-21 15:01:13.219  3498  4155 E AuthPII : 	at aagi.d(:com.google.android.gms@260931035@26.09.31 (260400-877989800):313)
03-21 15:01:13.219  3498  4155 E AuthPII : 	at aagi.dispatchTransaction(:com.google.android.gms@260931035@26.09.31 (260400-877989800):153)
03-21 15:01:13.219  3498  4155 E AuthPII : 	at byrg.a(:com.google.android.gms@260931035@26.09.31 (260400-877989800):72)
03-21 15:01:13.219  3498  4155 E AuthPII : 	at zly.onTransact(:com.google.android.gms@260931035@26.09.31 (260400-877989800):23)
03-21 15:01:13.219  3498  4155 E AuthPII : 	at android.os.Binder.transact(Binder.java:1273)
03-21 15:01:13.219  3498  4155 E AuthPII : 	at cllm.onTransact(:com.google.android.gms@260931035@26.09.31 (260400-877989800):10)
03-21 15:01:13.219  3498  4155 E AuthPII : 	at android.os.Binder.transact(Binder.java:1273)
03-21 15:01:13.219  3498  4155 E AuthPII : 	at byru.onTransact(:com.google.android.gms@260931035@26.09.31 (260400-877989800):161)
03-21 15:01:13.219  3498  4155 E AuthPII : 	at android.os.Binder.execTransactInternal(Binder.java:1421)
03-21 15:01:13.219  3498  4155 E AuthPII : 	at android.os.Binder.execTransact(Binder.java:1365)
03-21 15:01:13.219  3498  4155 E AuthPII : Message is Long live credential not available.
03-21 15:01:13.219  3498  4155 E AuthPII : bgoe: Long live credential not available.
03-21 15:01:13.219  3498  4155 E AuthPII : 	at ahcn.a(:com.google.android.gms@260931035@26.09.31 (260400-877989800):1347)
03-21 15:01:13.219  3498  4155 E AuthPII : 	at ahcu.b(:com.google.android.gms@260931035@26.09.31 (260400-877989800):26)
03-21 15:01:13.219  3498  4155 E AuthPII : 	at ahcs.a(:com.google.android.gms@260931035@26.09.31 (260400-877989800):738)
03-21 15:01:13.219  3498  4155 E AuthPII : 	at agmo.a(:com.google.android.gms@260931035@26.09.31 (260400-877989800):82)
03-21 15:01:13.219  3498  4155 E AuthPII : 	at aagi.d(:com.google.android.gms@260931035@26.09.31 (260400-877989800):313)
03-21 15:01:13.219  3498  4155 E AuthPII : 	at aagi.dispatchTransaction(:com.google.android.gms@260931035@26.09.31 (260400-877989800):153)
03-21 15:01:13.219  3498  4155 E AuthPII : 	at byrg.a(:com.google.android.gms@260931035@26.09.31 (260400-877989800):72)
03-21 15:01:13.219  3498  4155 E AuthPII : 	at zly.onTransact(:com.google.android.gms@260931035@26.09.31 (260400-877989800):23)
03-21 15:01:13.219  3498  4155 E AuthPII : 	at android.os.Binder.transact(Binder.java:1273)
03-21 15:01:13.219  3498  4155 E AuthPII : 	at cllm.onTransact(:com.google.android.gms@260931035@26.09.31 (260400-877989800):10)
03-21 15:01:13.219  3498  4155 E AuthPII : 	at android.os.Binder.transact(Binder.java:1273)
03-21 15:01:13.219  3498  4155 E AuthPII : 	at byru.onTransact(:com.google.android.gms@260931035@26.09.31 (260400-877989800):161)
03-21 15:01:13.219  3498  4155 E AuthPII : 	at android.os.Binder.execTransactInternal(Binder.java:1421)
03-21 15:01:13.219  3498  4155 E AuthPII : 	at android.os.Binder.execTransact(Binder.java:1365)
03-21 15:01:13.221  3498  4155 E AuthPII : [RequestTokenManager] getToken() -> BAD_AUTHENTICATION. App: com.google.android.gms, Service: oauth2:https://www.googleapis.com/auth/userinfo.email https://www.googleapis.com/auth/account.capabilities https://www.googleapis.com/auth/account.service_flags
03-21 15:01:13.221  3498  4155 E AuthPII : bgoe: Long live credential not available.
03-21 15:01:13.221  3498  4155 E AuthPII : 	at ahcn.a(:com.google.android.gms@260931035@26.09.31 (260400-877989800):1347)
03-21 15:01:13.221  3498  4155 E AuthPII : 	at ahcu.b(:com.google.android.gms@260931035@26.09.31 (260400-877989800):26)
03-21 15:01:13.221  3498  4155 E AuthPII : 	at ahcs.a(:com.google.android.gms@260931035@26.09.31 (260400-877989800):738)
03-21 15:01:13.221  3498  4155 E AuthPII : 	at agmu.a(:com.google.android.gms@260931035@26.09.31 (260400-877989800):55)
03-21 15:01:13.221  3498  4155 E AuthPII : 	at agmu.h(:com.google.android.gms@260931035@26.09.31 (260400-877989800):108)
03-21 15:01:13.221  3498  4155 E AuthPII : 	at agmu.b(:com.google.android.gms@260931035@26.09.31 (260400-877989800):817)
03-21 15:01:13.221  3498  4155 E AuthPII : 	at agmu.c(:com.google.android.gms@260931035@26.09.31 (260400-877989800):5)
03-21 15:01:13.221  3498  4155 E AuthPII : 	at aagi.d(:com.google.android.gms@260931035@26.09.31 (260400-877989800):459)
03-21 15:01:13.221  3498  4155 E AuthPII : 	at aagi.dispatchTransaction(:com.google.android.gms@260931035@26.09.31 (260400-877989800):153)
03-21 15:01:13.221  3498  4155 E AuthPII : 	at byrg.a(:com.google.android.gms@260931035@26.09.31 (260400-877989800):72)
03-21 15:01:13.221  3498  4155 E AuthPII : 	at zly.onTransact(:com.google.android.gms@260931035@26.09.31 (260400-877989800):23)
03-21 15:01:13.221  3498  4155 E AuthPII : 	at android.os.Binder.transact(Binder.java:1273)
03-21 15:01:13.221  3498  4155 E AuthPII : 	at cllm.onTransact(:com.google.android.gms@260931035@26.09.31 (260400-877989800):10)
03-21 15:01:13.221  3498  4155 E AuthPII : 	at android.os.Binder.transact(Binder.java:1273)
03-21 15:01:13.221  3498  4155 E AuthPII : 	at byru.onTransact(:com.google.android.gms@260931035@26.09.31 (260400-877989800):161)
03-21 15:01:13.221  3498  4155 E AuthPII : 	at android.os.Binder.execTransactInternal(Binder.java:1421)
03-21 15:01:13.221  3498  4155 E AuthPII : 	at android.os.Binder.execTransact(Binder.java:1365)
03-21 15:01:13.221  3498  4155 E AuthPII : Message is Long live credential not available.
03-21 15:01:13.221  3498  4155 E AuthPII : bgoe: Long live credential not available.
03-21 15:01:13.221  3498  4155 E AuthPII : 	at ahcn.a(:com.google.android.gms@260931035@26.09.31 (260400-877989800):1347)
03-21 15:01:13.221  3498  4155 E AuthPII : 	at ahcu.b(:com.google.android.gms@260931035@26.09.31 (260400-877989800):26)
03-21 15:01:13.221  3498  4155 E AuthPII : 	at ahcs.a(:com.google.android.gms@260931035@26.09.31 (260400-877989800):738)
03-21 15:01:13.221  3498  4155 E AuthPII : 	at agmu.a(:com.google.android.gms@260931035@26.09.31 (260400-877989800):55)
03-21 15:01:13.221  3498  4155 E AuthPII : 	at agmu.h(:com.google.android.gms@260931035@26.09.31 (260400-877989800):108)
03-21 15:01:13.221  3498  4155 E AuthPII : 	at agmu.b(:com.google.android.gms@260931035@26.09.31 (260400-877989800):817)
03-21 15:01:13.221  3498  4155 E AuthPII : 	at agmu.c(:com.google.android.gms@260931035@26.09.31 (260400-877989800):5)
03-21 15:01:13.221  3498  4155 E AuthPII : 	at aagi.d(:com.google.android.gms@260931035@26.09.31 (260400-877989800):459)
03-21 15:01:13.221  3498  4155 E AuthPII : 	at aagi.dispatchTransaction(:com.google.android.gms@260931035@26.09.31 (260400-877989800):153)
03-21 15:01:13.221  3498  4155 E AuthPII : 	at byrg.a(:com.google.android.gms@260931035@26.09.31 (260400-877989800):72)
03-21 15:01:13.221  3498  4155 E AuthPII : 	at zly.onTransact(:com.google.android.gms@260931035@26.09.31 (260400-877989800):23)
03-21 15:01:13.221  3498  4155 E AuthPII : 	at android.os.Binder.transact(Binder.java:1273)
03-21 15:01:13.221  3498  4155 E AuthPII : 	at cllm.onTransact(:com.google.android.gms@260931035@26.09.31 (260400-877989800):10)
03-21 15:01:13.221  3498  4155 E AuthPII : 	at android.os.Binder.transact(Binder.java:1273)
03-21 15:01:13.221  3498  4155 E AuthPII : 	at byru.onTransact(:com.google.android.gms@260931035@26.09.31 (260400-877989800):161)
03-21 15:01:13.221  3498  4155 E AuthPII : 	at android.os.Binder.execTransactInternal(Binder.java:1421)
03-21 15:01:13.221  3498  4155 E AuthPII : 	at android.os.Binder.execTransact(Binder.java:1365)
03-21 15:01:13.365 18046 18144 E GoogleApiManager: Failed to get service from broker. 
03-21 15:01:13.365 18046 18144 E GoogleApiManager: java.lang.SecurityException: Unknown calling package name 'com.google.android.gms'.
03-21 15:01:13.365 18046 18144 E GoogleApiManager: 	at android.os.Parcel.createExceptionOrNull(Parcel.java:3344)
03-21 15:01:13.365 18046 18144 E GoogleApiManager: 	at android.os.Parcel.createException(Parcel.java:3328)
03-21 15:01:13.365 18046 18144 E GoogleApiManager: 	at android.os.Parcel.readException(Parcel.java:3311)
03-21 15:01:13.365 18046 18144 E GoogleApiManager: 	at android.os.Parcel.readException(Parcel.java:3253)
03-21 15:01:13.365 18046 18144 E GoogleApiManager: 	at bhay.a(:com.google.android.gms@260931035@26.09.31 (260400-877989800):36)
03-21 15:01:13.365 18046 18144 E GoogleApiManager: 	at bgyz.z(:com.google.android.gms@260931035@26.09.31 (260400-877989800):143)
03-21 15:01:13.365 18046 18144 E GoogleApiManager: 	at bgfe.run(:com.google.android.gms@260931035@26.09.31 (260400-877989800):42)
03-21 15:01:13.365 18046 18144 E GoogleApiManager: 	at android.os.Handler.handleCallback(Handler.java:995)
03-21 15:01:13.365 18046 18144 E GoogleApiManager: 	at android.os.Handler.dispatchMessage(Handler.java:103)
03-21 15:01:13.365 18046 18144 E GoogleApiManager: 	at cvvk.mz(:com.google.android.gms@260931035@26.09.31 (260400-877989800):1)
03-21 15:01:13.365 18046 18144 E GoogleApiManager: 	at cvvk.dispatchMessage(:com.google.android.gms@260931035@26.09.31 (260400-877989800):5)
03-21 15:01:13.365 18046 18144 E GoogleApiManager: 	at android.os.Looper.loopOnce(Looper.java:248)
03-21 15:01:13.365 18046 18144 E GoogleApiManager: 	at android.os.Looper.loop(Looper.java:338)
03-21 15:01:13.365 18046 18144 E GoogleApiManager: 	at android.os.HandlerThread.run(HandlerThread.java:85)
03-21 15:01:13.417 15708 15828 E msys    : E[N mns:DGWClient]_OnDiskCacheGetData(632)=>Start post callback cache refresh DNS resolution
03-21 15:01:13.422 15708 15828 E msys    : E[N mns:DGWClient]_OnDiskCacheGetData(632)=>Start post callback cache refresh DNS resolution
03-21 15:01:13.424 15708 15828 E msys    : E[N mns:DGWClient]_LogError(228)=>Failed to resolve using system DNS resolver, getaddrinfo(): No address associated with hostname
03-21 15:01:13.424 15708 15828 E msys    : E[N mns:DGWClient]_LogError(228)=>Failed to resolve using system DNS resolver, getaddrinfo(): No address associated with hostname
03-21 15:01:13.443 18046 18116 E DefaultHttpIssuer: Attempt to close HttpIssuer when no request is executing.
03-21 15:01:13.572 18046 18133 E Cello   : [18133:NonCelloThread] authenticated_transport.cc:183:DumpToLog Request 0xb4000071f3352a18: 0 transport: drive::ds::Status::UNAVAILABLE_WHILE_OFFLINE reader: drive::ds::Status::SUCCESS url: https://play.googleapis.com/log
03-21 15:01:13.572 18046 18133 E Cello   : [18133:NonCelloThread] authenticated_transport.cc:183:DumpToLog req.hdr 0xb4000071f3352a18: Content-Type=
03-21 15:01:13.572 18046 18133 E Cello   : [18133:NonCelloThread] authenticated_transport.cc:183:DumpToLog Response body 0xb4000071f3352a18: (no response body)
03-21 15:01:13.573 18046 18139 E Cello   : [18139:MetricsTransportThread-CELLO] metrics_transport.cc:243:SendRequest Request failed: drive::ds::Status::UNAVAILABLE_WHILE_OFFLINE
03-21 15:01:13.599 18046 18132 E Cello   : [18132:NonCelloThread] authenticated_transport.cc:183:DumpToLog Request 0xb4000071f334e6b8: 0 transport: drive::ds::Status::CANCELLED reader: drive::ds::Status::SUCCESS url: https://drivefrontend-pa.googleapis.com/v1/account
03-21 15:01:13.599 18046 18132 E Cello   : [18132:NonCelloThread] authenticated_transport.cc:183:DumpToLog req.hdr 0xb4000071f334e6b8: Accept-Language=en-US-u-mu-celsius
03-21 15:01:13.599 18046 18132 E Cello   : [18132:NonCelloThread] authenticated_transport.cc:183:DumpToLog req.hdr 0xb4000071f334e6b8: Content-Type=application/x-protobuf
03-21 15:01:13.599 18046 18132 E Cello   : [18132:NonCelloThread] authenticated_transport.cc:183:DumpToLog req.hdr 0xb4000071f334e6b8: X-Goog-FieldMask=account.metadata.root_folder_id
03-21 15:01:13.599 18046 18132 E Cello   : [18132:NonCelloThread] authenticated_transport.cc:183:DumpToLog req.hdr 0xb4000071f334e6b8: x-goog-ext-472780938-bin=CghCAEgBYgIIAw==
03-21 15:01:13.599 18046 18132 E Cello   : [18132:NonCelloThread] authenticated_transport.cc:183:DumpToLog Response body 0xb4000071f334e6b8: (no response body)
03-21 15:01:13.662 18046 18132 E Cello   : [18132:NonCelloThread] authenticated_transport.cc:183:DumpToLog Request 0xb4000071f334ae58: 0 transport: drive::ds::Status::CANCELLED reader: drive::ds::Status::SUCCESS url: https://drivefrontend-pa.googleapis.com/v1/account
03-21 15:01:13.662 18046 18132 E Cello   : [18132:NonCelloThread] authenticated_transport.cc:183:DumpToLog req.hdr 0xb4000071f334ae58: Accept-Language=en-US-u-mu-celsius
03-21 15:01:13.662 18046 18132 E Cello   : [18132:NonCelloThread] authenticated_transport.cc:183:DumpToLog req.hdr 0xb4000071f334ae58: Content-Type=application/x-protobuf
03-21 15:01:13.662 18046 18132 E Cello   : [18132:NonCelloThread] authenticated_transport.cc:183:DumpToLog req.hdr 0xb4000071f334ae58: X-Goog-FieldMask=account.metadata.root_folder_id
03-21 15:01:13.662 18046 18132 E Cello   : [18132:NonCelloThread] authenticated_transport.cc:183:DumpToLog req.hdr 0xb4000071f334ae58: x-goog-ext-472780938-bin=CghCAEgBYgIIAw==
03-21 15:01:13.662 18046 18132 E Cello   : [18132:NonCelloThread] authenticated_transport.cc:183:DumpToLog Response body 0xb4000071f334ae58: (no response body)
03-21 15:01:13.662 18046 18132 E native  : E0000 00:00:1774084573.662541   18132 fetch_task.cc:714] UNKNOWN: From legacy status; Could not ensure root ID is set [type.googleapis.com/drive.ds.Status='CANCELLED']
03-21 15:01:13.662 18046 18132 E native  : === Source Location Trace: ===
03-21 15:01:13.662 18046 18132 E native  : apps/drive/cello/cloud_store/drive_v2_cloud_store.cc:5210
03-21 15:01:13.662 18046 18132 E native  : ./apps/drive/cello/sync/cloud_store.h:283
03-21 15:01:13.743 18046 18132 E Cello   : [18132:NonCelloThread] sync_engine.cc:2671:operator() Fetch task failed
03-21 15:01:13.752  2205  8316 E ActivityTaskManager: Trying to pause when nothing is resumed
03-21 15:01:13.820 18046 18132 E Cello   : [18132:NonCelloThread] authenticated_transport.cc:183:DumpToLog Request 0xb4000071f3343818: 0 transport: drive::ds::Status::CANCELLED reader: drive::ds::Status::SUCCESS url: https://drivefrontend-pa.googleapis.com/v1/account
03-21 15:01:13.820 18046 18132 E Cello   : [18132:NonCelloThread] authenticated_transport.cc:183:DumpToLog req.hdr 0xb4000071f3343818: Accept-Language=en-US-u-mu-celsius
03-21 15:01:13.820 18046 18132 E Cello   : [18132:NonCelloThread] authenticated_transport.cc:183:DumpToLog req.hdr 0xb4000071f3343818: Content-Type=application/x-protobuf
03-21 15:01:13.820 18046 18132 E Cello   : [18132:NonCelloThread] authenticated_transport.cc:183:DumpToLog req.hdr 0xb4000071f3343818: X-Goog-FieldMask=account.metadata.root_folder_id
03-21 15:01:13.820 18046 18132 E Cello   : [18132:NonCelloThread] authenticated_transport.cc:183:DumpToLog req.hdr 0xb4000071f3343818: x-goog-ext-472780938-bin=CghCAEgBYgIIAw==
03-21 15:01:13.820 18046 18132 E Cello   : [18132:NonCelloThread] authenticated_transport.cc:183:DumpToLog Response body 0xb4000071f3343818: (no response body)
03-21 15:01:14.035 18046 18156 E Cello   : [18156:NonCelloThread] authenticated_transport.cc:183:DumpToLog Request 0xb4000071f3345a78: 0 transport: drive::ds::Status::UNAVAILABLE_WHILE_OFFLINE reader: drive::ds::Status::SUCCESS url: https://play.googleapis.com/log
03-21 15:01:14.035 18046 18156 E Cello   : [18156:NonCelloThread] authenticated_transport.cc:183:DumpToLog req.hdr 0xb4000071f3345a78: Content-Type=
03-21 15:01:14.035 18046 18156 E Cello   : [18156:NonCelloThread] authenticated_transport.cc:183:DumpToLog Response body 0xb4000071f3345a78: (no response body)
03-21 15:01:14.035 18046 18160 E Cello   : [18160:MetricsTransportThread-CELLO] metrics_transport.cc:243:SendRequest Request failed: drive::ds::Status::UNAVAILABLE_WHILE_OFFLINE
03-21 15:01:14.061  3498  4155 E AuthPII : [RequestTokenManager] getToken() -> BAD_AUTHENTICATION. App: com.google.android.apps.docs, Service: oauth2:https://www.googleapis.com/auth/drive https://www.googleapis.com/auth/drive.file https://www.googleapis.com/auth/drive.metadata.readonly https://www.googleapis.com/auth/drive.readonly https://docs.google.com/feeds https://docs.googleusercontent.com https://spreadsheets.google.com/feeds https://www.googleapis.com/auth/activity https://www.googleapis.com/auth/cloudprint https://www.googleapis.com/auth/discussions https://www.googleapis.com/auth/docs https://www.googleapis.com/auth/drive.apps https://www.googleapis.com/auth/drive.categories.readonly https://www.googleapis.com/auth/memento https://www.googleapis.com/auth/notifications https://www.googleapis.com/auth/spreadsheets https://www.googleapis.com/auth/vouchers https://www.googleapis.com/auth/gmail.readonly https://www.googleapis.com/auth/subscriptions https://www.googleapis.com/auth/peopleapi.readonly https://www.googleapis.com/auth/peopleapi.readwrite https://www.googleapis.com/auth/drive.activity.readonly https://www.googleapis.com/auth/cloud_search.query
03-21 15:01:14.061  3498  4155 E AuthPII : bgoe: Long live credential not available.
03-21 15:01:14.061  3498  4155 E AuthPII : 	at ahcn.a(:com.google.android.gms@260931035@26.09.31 (260400-877989800):1347)
03-21 15:01:14.061  3498  4155 E AuthPII : 	at ahcu.b(:com.google.android.gms@260931035@26.09.31 (260400-877989800):26)
03-21 15:01:14.061  3498  4155 E AuthPII : 	at ahcs.a(:com.google.android.gms@260931035@26.09.31 (260400-877989800):738)
03-21 15:01:14.061  3498  4155 E AuthPII : 	at ahcr.b(:com.google.android.gms@260931035@26.09.31 (260400-877989800):145)
03-21 15:01:14.061  3498  4155 E AuthPII : 	at aagi.d(:com.google.android.gms@260931035@26.09.31 (260400-877989800):800)
03-21 15:01:14.061  3498  4155 E AuthPII : 	at agwd.getAuthToken(:com.google.android.gms@260931035@26.09.31 (260400-877989800):411)
03-21 15:01:14.061  3498  4155 E AuthPII : 	at android.accounts.AbstractAccountAuthenticator$Transport.getAuthToken(AbstractAccountAuthenticator.java:248)
03-21 15:01:14.061  3498  4155 E AuthPII : 	at android.accounts.IAccountAuthenticator$Stub.onTransact(IAccountAuthenticator.java:254)
03-21 15:01:14.061  3498  4155 E AuthPII : 	at android.os.Binder.transact(Binder.java:1273)
03-21 15:01:14.061  3498  4155 E AuthPII : 	at cllm.onTransact(:com.google.android.gms@260931035@26.09.31 (260400-877989800):10)
03-21 15:01:14.061  3498  4155 E AuthPII : 	at android.os.Binder.transact(Binder.java:1273)
03-21 15:01:14.061  3498  4155 E AuthPII : 	at byru.onTransact(:com.google.android.gms@260931035@26.09.31 (260400-877989800):161)
03-21 15:01:14.061  3498  4155 E AuthPII : 	at android.os.Binder.execTransactInternal(Binder.java:1426)
03-21 15:01:14.061  3498  4155 E AuthPII : 	at android.os.Binder.execTransact(Binder.java:1365)
03-21 15:01:14.061  3498  4155 E AuthPII : Message is Long live credential not available.
03-21 15:01:14.061  3498  4155 E AuthPII : bgoe: Long live credential not available.
03-21 15:01:14.061  3498  4155 E AuthPII : 	at ahcn.a(:com.google.android.gms@260931035@26.09.31 (260400-877989800):1347)
03-21 15:01:14.061  3498  4155 E AuthPII : 	at ahcu.b(:com.google.android.gms@260931035@26.09.31 (260400-877989800):26)
03-21 15:01:14.061  3498  4155 E AuthPII : 	at ahcs.a(:com.google.android.gms@260931035@26.09.31 (260400-877989800):738)
03-21 15:01:14.061  3498  4155 E AuthPII : 	at ahcr.b(:com.google.android.gms@260931035@26.09.31 (260400-877989800):145)
03-21 15:01:14.061  3498  4155 E AuthPII : 	at aagi.d(:com.google.android.gms@260931035@26.09.31 (260400-877989800):800)
03-21 15:01:14.061  3498  4155 E AuthPII : 	at agwd.getAuthToken(:com.google.android.gms@260931035@26.09.31 (260400-877989800):411)
03-21 15:01:14.061  3498  4155 E AuthPII : 	at android.accounts.AbstractAccountAuthenticator$Transport.getAuthToken(AbstractAccountAuthenticator.java:248)
03-21 15:01:14.061  3498  4155 E AuthPII : 	at android.accounts.IAccountAuthenticator$Stub.onTransact(IAccountAuthenticator.java:254)
03-21 15:01:14.061  3498  4155 E AuthPII : 	at android.os.Binder.transact(Binder.java:1273)
03-21 15:01:14.061  3498  4155 E AuthPII : 	at cllm.onTransact(:com.google.android.gms@260931035@26.09.31 (260400-877989800):10)
03-21 15:01:14.061  3498  4155 E AuthPII : 	at android.os.Binder.transact(Binder.java:1273)
03-21 15:01:14.061  3498  4155 E AuthPII : 	at byru.onTransact(:com.google.android.gms@260931035@26.09.31 (260400-877989800):161)
03-21 15:01:14.061  3498  4155 E AuthPII : 	at android.os.Binder.execTransactInternal(Binder.java:1426)
03-21 15:01:14.061  3498  4155 E AuthPII : 	at android.os.Binder.execTransact(Binder.java:1365)
03-21 15:01:14.072 18046 18167 E Cello   : [18167:NonCelloThread] authenticated_transport.cc:183:DumpToLog Request 0xb4000071f3341038: 0 transport: drive::ds::Status::UNAVAILABLE_WHILE_OFFLINE reader: drive::ds::Status::SUCCESS url: https://play.googleapis.com/log
03-21 15:01:14.072 18046 18167 E Cello   : [18167:NonCelloThread] authenticated_transport.cc:183:DumpToLog req.hdr 0xb4000071f3341038: Content-Type=
03-21 15:01:14.072 18046 18167 E Cello   : [18167:NonCelloThread] authenticated_transport.cc:183:DumpToLog Response body 0xb4000071f3341038: (no response body)
03-21 15:01:14.072 18046 18169 E Cello   : [18169:MetricsTransportThread-CELLO] metrics_transport.cc:243:SendRequest Request failed: drive::ds::Status::UNAVAILABLE_WHILE_OFFLINE
03-21 15:01:14.092  3155  3155 E SmsApplication: com.google.android.apps.messaging lost android:read_cell_broadcasts:  (fixing)
03-21 15:01:14.101  3155  3155 E SmsApplication: com.google.android.apps.messaging lost android:read_cell_broadcasts:  (fixing)
03-21 15:01:14.102  2205  2803 E system_server: No package ID 7f found for resource ID 0x7f08046c.
03-21 15:01:14.102  2205  2803 E system_server: No package ID 7f found for resource ID 0x7f140b88.
03-21 15:01:14.102  2205  2803 E system_server: No package ID 7f found for resource ID 0x7f140b88.
03-21 15:01:14.102  2205  2803 E system_server: No package ID 7f found for resource ID 0x7f080468.
03-21 15:01:14.102  2205  2803 E system_server: No package ID 7f found for resource ID 0x7f140b86.
03-21 15:01:14.102  2205  2803 E system_server: No package ID 7f found for resource ID 0x7f140b86.
03-21 15:01:14.102  2205  2803 E system_server: No package ID 7f found for resource ID 0x7f08046a.
03-21 15:01:14.102  2205  2803 E system_server: No package ID 7f found for resource ID 0x7f140b87.
03-21 15:01:14.102  2205  2803 E system_server: No package ID 7f found for resource ID 0x7f140b87.
03-21 15:01:14.103  2205  2803 E ShortcutService: Ignoring excessive intent tag.
03-21 15:01:14.116  2205  2803 E system_server: No package ID 7f found for resource ID 0x7f08046c.
03-21 15:01:14.116  2205  2803 E system_server: No package ID 7f found for resource ID 0x7f140b88.
03-21 15:01:14.116  2205  2803 E system_server: No package ID 7f found for resource ID 0x7f140b88.
03-21 15:01:14.116  2205  2803 E system_server: No package ID 7f found for resource ID 0x7f080468.
03-21 15:01:14.116  2205  2803 E system_server: No package ID 7f found for resource ID 0x7f140b86.
03-21 15:01:14.116  2205  2803 E system_server: No package ID 7f found for resource ID 0x7f140b86.
03-21 15:01:14.116  2205  2803 E system_server: No package ID 7f found for resource ID 0x7f08046a.
03-21 15:01:14.116  2205  2803 E system_server: No package ID 7f found for resource ID 0x7f140b87.
03-21 15:01:14.116  2205  2803 E system_server: No package ID 7f found for resource ID 0x7f140b87.
03-21 15:01:14.116  2205  2803 E ShortcutService: Ignoring excessive intent tag.
03-21 15:01:14.305  2993  3119 E perf_hint: createSessionUsingConfig: PerformanceHint cannot create session. PowerHintSessions are not supported!
03-21 15:01:14.315  2993  3118 E perf_hint: createSessionUsingConfig: PerformanceHint cannot create session. PowerHintSessions are not supported!
03-21 15:01:14.325  2993  3119 E perf_hint: createSessionUsingConfig: PerformanceHint cannot create session. PowerHintSessions are not supported!
03-21 15:01:14.335  2993  3118 E perf_hint: createSessionUsingConfig: PerformanceHint cannot create session. PowerHintSessions are not supported!
03-21 15:01:14.344  2993  3119 E perf_hint: createSessionUsingConfig: PerformanceHint cannot create session. PowerHintSessions are not supported!
03-21 15:01:14.393 31370 31414 E BluetoothConnectionManager: Bluetooth is not enabled
03-21 15:01:14.393 31370 31414 E BluetoothMeshService: Failed to start Bluetooth services
03-21 15:01:14.404 15708 15828 E msys    : E[N mns:DGWClient]_OnDiskCacheGetData(632)=>Start post callback cache refresh DNS resolution
03-21 15:01:14.408 15708 15828 E msys    : E[N mns:DGWClient]_LogError(228)=>Failed to resolve using system DNS resolver, getaddrinfo(): No address associated with hostname
03-21 15:01:14.408 15708 15828 E msys    : E[N mns:DGWClient]_OnDiskCacheGetData(632)=>Start post callback cache refresh DNS resolution
